job_id=8205 host=node02 start=2026-07-17T16:04:56+09:00
run=agg_rl_PM_lossfix_20260713 mpe=PM tag=PM_lossfix_20260713 ckpt=checkpoints/agg_rl_PM_lossfix_20260713/best.pt
=== eval_to_table attempt=1/20 at 2026-07-17T16:04:58+09:00 ===
running: /home/s2021102349/.conda/envs/dlearn/bin/python /home/s2021102349/Audio-Geometry-Grid_Representation-Learning/evaluate.py --checkpoint checkpoints/agg_rl_PM_lossfix_20260713/best.pt --mpe_type PM --librispeech_val datasets/librispeech/LibriSpeech/test-clean --ms_snsd_val datasets/ms-snsd/MS-SNSD/noise_test --nao_dir datasets/locata_eval/nao --eigenmike_dir datasets/locata_eval/eigenmike --batch_size 8 --num_workers 8 --samples_per_channel 300
checkpoint=checkpoints/agg_rl_PM_lossfix_20260713/best.pt (epoch=289, mpe=PM)
device=cuda

dataset        MAE(deg)   ACC10(%)    #frames
----------------------------------------------
NAO robot         10.68      51.33          4
Eigenmike         10.35      57.93          4
Dynamic-S         48.89      16.54       2664
Dynamic-U         45.30      20.72       1184
----------------------------------------------
mean_mae          28.80


saved:
  /home/s2021102349/Audio-Geometry-Grid_Representation-Learning/figures/eval_table_PM_lossfix_20260713.csv
  /home/s2021102349/Audio-Geometry-Grid_Representation-Learning/figures/eval_table_PM_lossfix_20260713.md
  /home/s2021102349/Audio-Geometry-Grid_Representation-Learning/figures/eval_bars_PM_lossfix_20260713.png

===== agg_rl_PM_lossfix_20260713 =====
  로그 1개, epoch 1..300 (300 pts)
  최종 epoch300: train=0.1622 val=0.1578
  BEST val=0.1577 @ epoch 285 (stage3)
  -> /home/s2021102349/Audio-Geometry-Grid_Representation-Learning/figures/loss_curve_PM_lossfix_20260713.png
end=2026-07-17T16:09:28+09:00
