job_id=8219 host=node01 start=2026-07-19T20:37:30+09:00
run=agg_rl_FM_permutefix_20260714 mpe=FM tag=permutefix_20260714 ckpt=checkpoints/agg_rl_FM_permutefix_20260714/best.pt
=== eval_to_table attempt=1/20 at 2026-07-19T20:37:32+09:00 ===
running: /home/s2021102349/.conda/envs/dlearn/bin/python /home/s2021102349/Audio-Geometry-Grid_Representation-Learning/evaluate.py --checkpoint checkpoints/agg_rl_FM_permutefix_20260714/best.pt --mpe_type FM --librispeech_val datasets/librispeech/LibriSpeech/test-clean --ms_snsd_val datasets/ms-snsd/MS-SNSD/noise_test --nao_dir datasets/locata_eval/nao --eigenmike_dir datasets/locata_eval/eigenmike --batch_size 8 --num_workers 8 --samples_per_channel 300
checkpoint=checkpoints/agg_rl_FM_permutefix_20260714/best.pt (epoch=289, mpe=FM)
device=cuda

dataset        MAE(deg)   ACC10(%)    #frames
----------------------------------------------
NAO robot          8.58      78.21          4
Eigenmike         11.30      49.36          4
Dynamic-S         48.23      18.29       2664
Dynamic-U         43.93      22.75       1184
----------------------------------------------
mean_mae          28.01


saved:
  /home/s2021102349/Audio-Geometry-Grid_Representation-Learning/figures/eval_table_permutefix_20260714.csv
  /home/s2021102349/Audio-Geometry-Grid_Representation-Learning/figures/eval_table_permutefix_20260714.md
  /home/s2021102349/Audio-Geometry-Grid_Representation-Learning/figures/eval_bars_permutefix_20260714.png

===== agg_rl_FM_permutefix_20260714 =====
  로그 1개, epoch 1..300 (300 pts)
  최종 epoch300: train=0.1607 val=0.1564
  BEST val=0.1564 @ epoch 262 (stage3)
  -> /home/s2021102349/Audio-Geometry-Grid_Representation-Learning/figures/loss_curve_FM_permutefix_20260714.png
end=2026-07-19T20:42:15+09:00
