job_id=8221 host=node02 start=2026-07-19T20:39:17+09:00
run=agg_rl_FM_vectorized_20260716 mpe=FM tag=vectorized_20260716 ckpt=checkpoints/agg_rl_FM_vectorized_20260716/best.pt
=== eval_to_table attempt=1/20 at 2026-07-19T20:39:19+09:00 ===
running: /home/s2021102349/.conda/envs/dlearn/bin/python /home/s2021102349/Audio-Geometry-Grid_Representation-Learning/evaluate.py --checkpoint checkpoints/agg_rl_FM_vectorized_20260716/best.pt --mpe_type FM --librispeech_val datasets/librispeech/LibriSpeech/test-clean --ms_snsd_val datasets/ms-snsd/MS-SNSD/noise_test --nao_dir datasets/locata_eval/nao --eigenmike_dir datasets/locata_eval/eigenmike --batch_size 8 --num_workers 8 --samples_per_channel 300
checkpoint=checkpoints/agg_rl_FM_vectorized_20260716/best.pt (epoch=293, mpe=FM)
device=cuda

dataset        MAE(deg)   ACC10(%)    #frames
----------------------------------------------
NAO robot          8.29      80.59          4
Eigenmike          9.10      74.31          4
Dynamic-S         47.12      19.87       2664
Dynamic-U         42.36      24.11       1184
----------------------------------------------
mean_mae          26.72


saved:
  /home/s2021102349/Audio-Geometry-Grid_Representation-Learning/figures/eval_table_vectorized_20260716.csv
  /home/s2021102349/Audio-Geometry-Grid_Representation-Learning/figures/eval_table_vectorized_20260716.md
  /home/s2021102349/Audio-Geometry-Grid_Representation-Learning/figures/eval_bars_vectorized_20260716.png

===== agg_rl_FM_vectorized_20260716 =====
  로그 1개, epoch 1..300 (300 pts)
  최종 epoch300: train=0.1586 val=0.1546
  BEST val=0.1545 @ epoch 259 (stage3)
  -> /home/s2021102349/Audio-Geometry-Grid_Representation-Learning/figures/loss_curve_FM_vectorized_20260716.png
end=2026-07-19T20:43:53+09:00
