job_id=8208
job_name=agg_rl_FM_permutefix_20260714
hostname=node01
start_time=2026-07-15T10:13:32+09:00
cuda_visible_devices=0
slurm_cpus_per_task=16
slurm_mem_per_node=49152
Wed Jul 15 10:13:32 2026       
+-----------------------------------------------------------------------------------------+
| NVIDIA-SMI 570.124.06             Driver Version: 570.124.06     CUDA Version: 12.8     |
|-----------------------------------------+------------------------+----------------------+
| GPU  Name                 Persistence-M | Bus-Id          Disp.A | Volatile Uncorr. ECC |
| Fan  Temp   Perf          Pwr:Usage/Cap |           Memory-Usage | GPU-Util  Compute M. |
|                                         |                        |               MIG M. |
|=========================================+========================+======================|
|   0  NVIDIA GeForce RTX 3090        On  |   00000000:17:00.0 Off |                  N/A |
| 40%   29C    P8             17W /  345W |       2MiB /  24576MiB |      0%      Default |
|                                         |                        |                  N/A |
+-----------------------------------------+------------------------+----------------------+
                                                                                         
+-----------------------------------------------------------------------------------------+
| Processes:                                                                              |
|  GPU   GI   CI              PID   Type   Process name                        GPU Memory |
|        ID   ID                                                               Usage      |
|=========================================================================================|
|  No running processes found                                                             |
+-----------------------------------------------------------------------------------------+
launch_command=bash scripts/train_model.sh --librispeech_train datasets/librispeech/LibriSpeech/train-clean-100 --librispeech_val datasets/librispeech/LibriSpeech/test-clean --ms_snsd_train datasets/ms-snsd/MS-SNSD/noise_train --ms_snsd_val datasets/ms-snsd/MS-SNSD/noise_test --train_samples_per_epoch 28800 --fixed_suite_samples 2000 --dynamic_samples_per_channel 300 --seed 42 
=== train attempt=1/200 at 2026-07-15T10:13:34+09:00 ===
repo_root=/home/s2021102349/Audio-Geometry-Grid_Representation-Learning
run_name=agg_rl_FM_permutefix_20260714
save_dir=/home/s2021102349/Audio-Geometry-Grid_Representation-Learning/checkpoints/agg_rl_FM_permutefix_20260714
log_file=/home/s2021102349/Audio-Geometry-Grid_Representation-Learning/data/train_runs/agg_rl_FM_permutefix_20260714/train.log
mpe_type=FM
start_time=2026-07-15T10:13:34+09:00
command=python train.py --librispeech_train /home/s2021102349/Audio-Geometry-Grid_Representation-Learning/datasets/librispeech/LibriSpeech/train-clean-100 --librispeech_val /home/s2021102349/Audio-Geometry-Grid_Representation-Learning/datasets/librispeech/LibriSpeech/test-clean --ms_snsd_train /home/s2021102349/Audio-Geometry-Grid_Representation-Learning/datasets/ms-snsd/MS-SNSD/noise_train --ms_snsd_val /home/s2021102349/Audio-Geometry-Grid_Representation-Learning/datasets/ms-snsd/MS-SNSD/noise_test --mpe_type FM --save_dir /home/s2021102349/Audio-Geometry-Grid_Representation-Learning/checkpoints/agg_rl_FM_permutefix_20260714 --batch_size 16 --num_workers 16 --prefetch_factor 1 --log_interval 0 --train_samples_per_epoch 28800 --fixed_suite_samples 2000 --dynamic_samples_per_channel 300 --seed 42 --librispeech_train datasets/librispeech/LibriSpeech/train-clean-100 --librispeech_val datasets/librispeech/LibriSpeech/test-clean --ms_snsd_train datasets/ms-snsd/MS-SNSD/noise_train --ms_snsd_val datasets/ms-snsd/MS-SNSD/noise_test --train_samples_per_epoch 28800 --fixed_suite_samples 2000 --dynamic_samples_per_channel 300 --seed 42 
device=cuda
model=AGG_RL(FM) params=2,788,836
train_speech=28539 train_noise=128
[10:19:56] epoch=001 stage=1 gamma=[32.0, 12.0, 5.0] train=1.1208 val:stage1=1.1000 layers=[0.8009, 0.2529, 0.0669]
[10:26:15] epoch=002 stage=1 gamma=[32.0, 12.0, 5.0] train=1.1025 val:stage1=1.0697 layers=[0.7887, 0.2483, 0.0655]
[10:32:34] epoch=003 stage=1 gamma=[32.0, 12.0, 5.0] train=1.0772 val:stage1=1.0633 layers=[0.7705, 0.2419, 0.0648]
[10:38:54] epoch=004 stage=1 gamma=[32.0, 12.0, 5.0] train=1.0680 val:stage1=1.0474 layers=[0.7647, 0.239, 0.0643]
[10:45:11] epoch=005 stage=1 gamma=[32.0, 12.0, 5.0] train=1.0631 val:stage1=1.0409 layers=[0.7614, 0.2378, 0.0639]
[10:51:30] epoch=006 stage=1 gamma=[32.0, 12.0, 5.0] train=1.0546 val:stage1=1.0339 layers=[0.7566, 0.2354, 0.0626]
[10:57:49] epoch=007 stage=1 gamma=[32.0, 12.0, 5.0] train=1.0538 val:stage1=1.0306 layers=[0.7561, 0.2351, 0.0626]
[11:04:05] epoch=008 stage=1 gamma=[32.0, 12.0, 5.0] train=1.0516 val:stage1=1.0326 layers=[0.7547, 0.2345, 0.0624]
[11:10:18] epoch=009 stage=1 gamma=[32.0, 12.0, 5.0] train=1.0491 val:stage1=1.0328 layers=[0.7531, 0.2338, 0.0622]
[11:16:32] epoch=010 stage=1 gamma=[32.0, 12.0, 5.0] train=1.0475 val:stage1=1.0278 layers=[0.7519, 0.2334, 0.0622]
[11:31:03] epoch=011 stage=2 gamma=[32.0, 12.0, 5.0] train=1.0627 val:stage2=1.0445 layers=[0.762, 0.2377, 0.0631]
[11:45:21] epoch=012 stage=2 gamma=[32.0, 12.0, 5.0] train=1.0582 val:stage2=1.0448 layers=[0.7585, 0.2368, 0.0629]
[11:59:49] epoch=013 stage=2 gamma=[32.0, 12.0, 5.0] train=1.0521 val:stage2=1.0397 layers=[0.7547, 0.2349, 0.0624]
[12:14:14] epoch=014 stage=2 gamma=[32.0, 12.0, 5.0] train=1.0531 val:stage2=1.0380 layers=[0.7553, 0.2352, 0.0625]
[12:28:35] epoch=015 stage=2 gamma=[32.0, 12.0, 5.0] train=1.0502 val:stage2=1.0355 layers=[0.7534, 0.2345, 0.0624]
[12:43:06] epoch=016 stage=2 gamma=[32.0, 12.0, 5.0] train=1.0465 val:stage2=1.0318 layers=[0.7507, 0.2335, 0.0622]
[12:57:31] epoch=017 stage=2 gamma=[32.0, 12.0, 5.0] train=1.0438 val:stage2=1.0324 layers=[0.7491, 0.2327, 0.062]
[13:11:51] epoch=018 stage=2 gamma=[32.0, 12.0, 5.0] train=1.0430 val:stage2=1.0265 layers=[0.7486, 0.2324, 0.062]
[13:26:12] epoch=019 stage=2 gamma=[32.0, 12.0, 5.0] train=1.0394 val:stage2=1.0254 layers=[0.7464, 0.2314, 0.0617]
[13:40:29] epoch=020 stage=2 gamma=[32.0, 12.0, 5.0] train=1.0385 val:stage2=1.0237 layers=[0.7458, 0.2311, 0.0616]
[14:05:24] epoch=021 stage=3 gamma=[32.0, 12.0, 5.0] train=1.0316 val:stage3=1.0142 layers=[0.7406, 0.2296, 0.0614]
[14:30:28] epoch=022 stage=3 gamma=[32.0, 12.0, 5.0] train=1.0272 val:stage3=1.0066 layers=[0.7381, 0.228, 0.0611]
[14:55:27] epoch=023 stage=3 gamma=[32.0, 12.0, 5.0] train=1.0221 val:stage3=1.0068 layers=[0.735, 0.2262, 0.0608]
[15:20:37] epoch=024 stage=3 gamma=[32.0, 12.0, 5.0] train=1.0207 val:stage3=1.0052 layers=[0.734, 0.2258, 0.0608]
[15:45:16] epoch=025 stage=3 gamma=[32.0, 12.0, 5.0] train=1.0183 val:stage3=0.9963 layers=[0.7326, 0.2249, 0.0608]
[16:10:03] epoch=026 stage=3 gamma=[32.0, 12.0, 5.0] train=1.0152 val:stage3=0.9951 layers=[0.7312, 0.2236, 0.0604]
[16:34:56] epoch=027 stage=3 gamma=[32.0, 12.0, 5.0] train=1.0115 val:stage3=0.9918 layers=[0.7291, 0.2226, 0.0599]
[17:00:22] epoch=028 stage=3 gamma=[32.0, 12.0, 5.0] train=1.0097 val:stage3=0.9913 layers=[0.7282, 0.2218, 0.0596]
[17:25:22] epoch=029 stage=3 gamma=[32.0, 12.0, 5.0] train=1.0084 val:stage3=0.9884 layers=[0.7276, 0.2213, 0.0595]
[17:50:14] epoch=030 stage=3 gamma=[32.0, 12.0, 5.0] train=1.0070 val:stage3=0.9909 layers=[0.7265, 0.221, 0.0595]
[18:15:00] epoch=031 stage=3 gamma=[32.0, 12.0, 5.0] train=1.0044 val:stage3=0.9861 layers=[0.7255, 0.2198, 0.0591]
[18:39:59] epoch=032 stage=3 gamma=[32.0, 12.0, 5.0] train=1.0042 val:stage3=0.9836 layers=[0.725, 0.22, 0.0592]
[19:04:47] epoch=033 stage=3 gamma=[32.0, 12.0, 5.0] train=1.0022 val:stage3=0.9859 layers=[0.7239, 0.2193, 0.059]
[19:29:52] epoch=034 stage=3 gamma=[32.0, 12.0, 5.0] train=1.0043 val:stage3=0.9801 layers=[0.725, 0.2201, 0.0592]
[19:54:36] epoch=035 stage=3 gamma=[32.0, 12.0, 5.0] train=1.0019 val:stage3=0.9829 layers=[0.7236, 0.2193, 0.059]
[20:19:44] epoch=036 stage=3 gamma=[30.92, 11.72, 5.0] train=0.9733 val:stage3=0.9551 layers=[0.7025, 0.2118, 0.0589]
[20:44:48] epoch=037 stage=3 gamma=[29.84, 11.44, 5.0] train=0.9412 val:stage3=0.9259 layers=[0.6785, 0.204, 0.0588]
[21:09:55] epoch=038 stage=3 gamma=[28.76, 11.16, 5.0] train=0.9099 val:stage3=0.8914 layers=[0.6547, 0.1966, 0.0587]
[21:34:48] epoch=039 stage=3 gamma=[27.68, 10.88, 5.0] train=0.8780 val:stage3=0.8583 layers=[0.6297, 0.1896, 0.0587]
[21:59:51] epoch=040 stage=3 gamma=[26.6, 10.6, 5.0] train=0.8431 val:stage3=0.8265 layers=[0.6028, 0.1819, 0.0585]
[22:24:46] epoch=041 stage=3 gamma=[25.52, 10.32, 5.0] train=0.8099 val:stage3=0.7928 layers=[0.5765, 0.175, 0.0585]
[22:50:09] epoch=042 stage=3 gamma=[24.44, 10.04, 5.0] train=0.7757 val:stage3=0.7601 layers=[0.5491, 0.1681, 0.0585]
[23:15:09] epoch=043 stage=3 gamma=[23.36, 9.76, 5.0] train=0.7393 val:stage3=0.7243 layers=[0.5202, 0.1608, 0.0583]
[23:39:55] epoch=044 stage=3 gamma=[22.28, 9.48, 5.0] train=0.7076 val:stage3=0.6888 layers=[0.494, 0.155, 0.0586]
[00:04:45] epoch=045 stage=3 gamma=[21.2, 9.2, 5.0] train=0.6711 val:stage3=0.6528 layers=[0.4646, 0.148, 0.0585]
[00:29:40] epoch=046 stage=3 gamma=[20.12, 8.92, 5.0] train=0.6330 val:stage3=0.6184 layers=[0.4337, 0.1409, 0.0583]
[00:54:33] epoch=047 stage=3 gamma=[19.04, 8.64, 5.0] train=0.5968 val:stage3=0.5836 layers=[0.4041, 0.1344, 0.0583]
[01:19:16] epoch=048 stage=3 gamma=[17.96, 8.36, 5.0] train=0.5608 val:stage3=0.5449 layers=[0.3747, 0.1279, 0.0582]
[01:43:56] epoch=049 stage=3 gamma=[16.88, 8.08, 5.0] train=0.5232 val:stage3=0.5100 layers=[0.3442, 0.121, 0.058]
[02:08:40] epoch=050 stage=3 gamma=[15.8, 7.8, 5.0] train=0.4876 val:stage3=0.4763 layers=[0.3149, 0.1147, 0.058]
[02:33:54] epoch=051 stage=3 gamma=[14.72, 7.52, 5.0] train=0.4531 val:stage3=0.4439 layers=[0.2864, 0.1087, 0.058]
[02:58:49] epoch=052 stage=3 gamma=[13.64, 7.24, 5.0] train=0.4172 val:stage3=0.4086 layers=[0.2571, 0.1023, 0.0578]
[03:23:37] epoch=053 stage=3 gamma=[12.56, 6.96, 5.0] train=0.3840 val:stage3=0.3746 layers=[0.2295, 0.0965, 0.0579]
[03:48:47] epoch=054 stage=3 gamma=[11.48, 6.68, 5.0] train=0.3498 val:stage3=0.3421 layers=[0.2015, 0.0905, 0.0578]
[04:13:45] epoch=055 stage=3 gamma=[10.4, 6.4, 5.0] train=0.3179 val:stage3=0.3103 layers=[0.1752, 0.0848, 0.0579]
[04:38:25] epoch=056 stage=3 gamma=[9.32, 6.12, 5.0] train=0.2867 val:stage3=0.2798 layers=[0.1494, 0.0793, 0.058]
[05:03:35] epoch=057 stage=3 gamma=[8.24, 5.84, 5.0] train=0.2562 val:stage3=0.2497 layers=[0.1245, 0.0737, 0.058]
[05:28:46] epoch=058 stage=3 gamma=[7.16, 5.56, 5.0] train=0.2263 val:stage3=0.2203 layers=[0.1004, 0.0681, 0.0578]
[05:53:40] epoch=059 stage=3 gamma=[6.08, 5.28, 5.0] train=0.1993 val:stage3=0.1937 layers=[0.0784, 0.063, 0.058]
[06:19:10] epoch=060 stage=3 gamma=[5.0, 5.0, 5.0] train=0.1730 val:stage3=0.1688 layers=[0.0576, 0.0576, 0.0578]
[06:44:20] epoch=061 stage=3 gamma=[5.0, 5.0, 5.0] train=0.1732 val:stage3=0.1690 layers=[0.0577, 0.0577, 0.0578]
[07:09:34] epoch=062 stage=3 gamma=[5.0, 5.0, 5.0] train=0.1735 val:stage3=0.1686 layers=[0.0578, 0.0578, 0.0579]
[07:34:48] epoch=063 stage=3 gamma=[5.0, 5.0, 5.0] train=0.1731 val:stage3=0.1689 layers=[0.0576, 0.0576, 0.0578]
[07:59:32] epoch=064 stage=3 gamma=[5.0, 5.0, 5.0] train=0.1733 val:stage3=0.1687 layers=[0.0577, 0.0577, 0.0578]
[08:24:41] epoch=065 stage=3 gamma=[5.0, 5.0, 5.0] train=0.1728 val:stage3=0.1684 layers=[0.0576, 0.0576, 0.0577]
[08:49:39] epoch=066 stage=3 gamma=[5.0, 5.0, 5.0] train=0.1725 val:stage3=0.1686 layers=[0.0574, 0.0574, 0.0576]
[09:14:32] epoch=067 stage=3 gamma=[5.0, 5.0, 5.0] train=0.1727 val:stage3=0.1685 layers=[0.0575, 0.0575, 0.0577]
[09:39:41] epoch=068 stage=3 gamma=[5.0, 5.0, 5.0] train=0.1714 val:stage3=0.1671 layers=[0.0571, 0.0571, 0.0572]
[10:04:18] epoch=069 stage=3 gamma=[5.0, 5.0, 5.0] train=0.1722 val:stage3=0.1671 layers=[0.0574, 0.0573, 0.0575]
[10:28:51] epoch=070 stage=3 gamma=[5.0, 5.0, 5.0] train=0.1716 val:stage3=0.1670 layers=[0.0572, 0.0572, 0.0573]
[10:54:00] epoch=071 stage=3 gamma=[5.0, 5.0, 5.0] train=0.1713 val:stage3=0.1668 layers=[0.0571, 0.057, 0.0572]
[11:18:43] epoch=072 stage=3 gamma=[5.0, 5.0, 5.0] train=0.1715 val:stage3=0.1670 layers=[0.0571, 0.0571, 0.0573]
[11:43:34] epoch=073 stage=3 gamma=[5.0, 5.0, 5.0] train=0.1713 val:stage3=0.1675 layers=[0.0571, 0.057, 0.0572]
[12:08:33] epoch=074 stage=3 gamma=[5.0, 5.0, 5.0] train=0.1706 val:stage3=0.1666 layers=[0.0568, 0.0568, 0.057]
[12:33:19] epoch=075 stage=3 gamma=[5.0, 5.0, 5.0] train=0.1710 val:stage3=0.1656 layers=[0.057, 0.0569, 0.0571]
[12:58:22] epoch=076 stage=3 gamma=[5.0, 5.0, 5.0] train=0.1705 val:stage3=0.1667 layers=[0.0568, 0.0568, 0.057]
[13:23:27] epoch=077 stage=3 gamma=[5.0, 5.0, 5.0] train=0.1706 val:stage3=0.1658 layers=[0.0568, 0.0568, 0.057]
[13:48:00] epoch=078 stage=3 gamma=[5.0, 5.0, 5.0] train=0.1706 val:stage3=0.1651 layers=[0.0568, 0.0568, 0.057]
[14:12:52] epoch=079 stage=3 gamma=[5.0, 5.0, 5.0] train=0.1696 val:stage3=0.1652 layers=[0.0565, 0.0565, 0.0566]
[14:37:31] epoch=080 stage=3 gamma=[5.0, 5.0, 5.0] train=0.1699 val:stage3=0.1651 layers=[0.0566, 0.0565, 0.0567]
[15:02:46] epoch=081 stage=3 gamma=[5.0, 5.0, 5.0] train=0.1697 val:stage3=0.1648 layers=[0.0565, 0.0565, 0.0567]
[15:27:30] epoch=082 stage=3 gamma=[5.0, 5.0, 5.0] train=0.1697 val:stage3=0.1650 layers=[0.0565, 0.0565, 0.0567]
[15:52:22] epoch=083 stage=3 gamma=[5.0, 5.0, 5.0] train=0.1695 val:stage3=0.1648 layers=[0.0564, 0.0564, 0.0566]
[16:17:06] epoch=084 stage=3 gamma=[5.0, 5.0, 5.0] train=0.1689 val:stage3=0.1647 layers=[0.0563, 0.0563, 0.0564]
[16:40:25] epoch=085 stage=3 gamma=[5.0, 5.0, 5.0] train=0.1695 val:stage3=0.1651 layers=[0.0565, 0.0565, 0.0565]
[16:52:28] epoch=086 stage=3 gamma=[5.0, 5.0, 5.0] train=0.1691 val:stage3=0.1645 layers=[0.0564, 0.0564, 0.0564]
[17:04:34] epoch=087 stage=3 gamma=[5.0, 5.0, 5.0] train=0.1689 val:stage3=0.1646 layers=[0.0563, 0.0563, 0.0563]
[17:16:34] epoch=088 stage=3 gamma=[5.0, 5.0, 5.0] train=0.1686 val:stage3=0.1649 layers=[0.0562, 0.0562, 0.0562]
[17:28:40] epoch=089 stage=3 gamma=[5.0, 5.0, 5.0] train=0.1685 val:stage3=0.1641 layers=[0.0562, 0.0562, 0.0562]
[17:40:54] epoch=090 stage=3 gamma=[5.0, 5.0, 5.0] train=0.1676 val:stage3=0.1641 layers=[0.0559, 0.0558, 0.0559]
[17:53:02] epoch=091 stage=3 gamma=[5.0, 5.0, 5.0] train=0.1680 val:stage3=0.1636 layers=[0.056, 0.056, 0.056]
[18:05:03] epoch=092 stage=3 gamma=[5.0, 5.0, 5.0] train=0.1675 val:stage3=0.1643 layers=[0.0558, 0.0558, 0.0559]
[18:17:09] epoch=093 stage=3 gamma=[5.0, 5.0, 5.0] train=0.1687 val:stage3=0.1644 layers=[0.0562, 0.0562, 0.0562]
[18:29:06] epoch=094 stage=3 gamma=[5.0, 5.0, 5.0] train=0.1680 val:stage3=0.1633 layers=[0.056, 0.056, 0.056]
[18:41:12] epoch=095 stage=3 gamma=[5.0, 5.0, 5.0] train=0.1673 val:stage3=0.1634 layers=[0.0558, 0.0557, 0.0558]
[18:53:18] epoch=096 stage=3 gamma=[5.0, 5.0, 5.0] train=0.1669 val:stage3=0.1631 layers=[0.0556, 0.0556, 0.0557]
[19:05:16] epoch=097 stage=3 gamma=[5.0, 5.0, 5.0] train=0.1664 val:stage3=0.1640 layers=[0.0555, 0.0555, 0.0555]
[19:17:17] epoch=098 stage=3 gamma=[5.0, 5.0, 5.0] train=0.1677 val:stage3=0.1633 layers=[0.0559, 0.0559, 0.0559]
[19:29:17] epoch=099 stage=3 gamma=[5.0, 5.0, 5.0] train=0.1672 val:stage3=0.1627 layers=[0.0557, 0.0557, 0.0557]
[19:41:24] epoch=100 stage=3 gamma=[5.0, 5.0, 5.0] train=0.1670 val:stage3=0.1630 layers=[0.0557, 0.0556, 0.0557]
[19:53:19] epoch=101 stage=3 gamma=[5.0, 5.0, 5.0] train=0.1678 val:stage3=0.1626 layers=[0.0559, 0.0559, 0.056]
[20:05:19] epoch=102 stage=3 gamma=[5.0, 5.0, 5.0] train=0.1676 val:stage3=0.1628 layers=[0.0559, 0.0559, 0.0559]
[20:17:18] epoch=103 stage=3 gamma=[5.0, 5.0, 5.0] train=0.1673 val:stage3=0.1626 layers=[0.0558, 0.0557, 0.0558]
[20:29:19] epoch=104 stage=3 gamma=[5.0, 5.0, 5.0] train=0.1678 val:stage3=0.1624 layers=[0.0559, 0.0559, 0.0559]
[20:41:23] epoch=105 stage=3 gamma=[5.0, 5.0, 5.0] train=0.1671 val:stage3=0.1626 layers=[0.0557, 0.0557, 0.0557]
[20:53:33] epoch=106 stage=3 gamma=[5.0, 5.0, 5.0] train=0.1665 val:stage3=0.1627 layers=[0.0555, 0.0555, 0.0555]
[21:05:31] epoch=107 stage=3 gamma=[5.0, 5.0, 5.0] train=0.1671 val:stage3=0.1623 layers=[0.0557, 0.0557, 0.0557]
[21:17:31] epoch=108 stage=3 gamma=[5.0, 5.0, 5.0] train=0.1659 val:stage3=0.1620 layers=[0.0553, 0.0553, 0.0553]
[21:29:28] epoch=109 stage=3 gamma=[5.0, 5.0, 5.0] train=0.1667 val:stage3=0.1626 layers=[0.0556, 0.0555, 0.0556]
[21:41:37] epoch=110 stage=3 gamma=[5.0, 5.0, 5.0] train=0.1664 val:stage3=0.1619 layers=[0.0555, 0.0555, 0.0555]
[21:53:50] epoch=111 stage=3 gamma=[5.0, 5.0, 5.0] train=0.1664 val:stage3=0.1620 layers=[0.0555, 0.0555, 0.0555]
[22:06:02] epoch=112 stage=3 gamma=[5.0, 5.0, 5.0] train=0.1662 val:stage3=0.1626 layers=[0.0554, 0.0554, 0.0554]
[22:18:05] epoch=113 stage=3 gamma=[5.0, 5.0, 5.0] train=0.1654 val:stage3=0.1614 layers=[0.0552, 0.0551, 0.0552]
[22:30:03] epoch=114 stage=3 gamma=[5.0, 5.0, 5.0] train=0.1671 val:stage3=0.1612 layers=[0.0557, 0.0557, 0.0557]
[22:42:09] epoch=115 stage=3 gamma=[5.0, 5.0, 5.0] train=0.1659 val:stage3=0.1619 layers=[0.0553, 0.0553, 0.0553]
[22:54:16] epoch=116 stage=3 gamma=[5.0, 5.0, 5.0] train=0.1653 val:stage3=0.1617 layers=[0.0551, 0.0551, 0.0551]
[23:06:23] epoch=117 stage=3 gamma=[5.0, 5.0, 5.0] train=0.1661 val:stage3=0.1616 layers=[0.0554, 0.0553, 0.0554]
[23:18:31] epoch=118 stage=3 gamma=[5.0, 5.0, 5.0] train=0.1649 val:stage3=0.1608 layers=[0.055, 0.0549, 0.055]
[23:30:34] epoch=119 stage=3 gamma=[5.0, 5.0, 5.0] train=0.1653 val:stage3=0.1607 layers=[0.0551, 0.0551, 0.0551]
[23:42:42] epoch=120 stage=3 gamma=[5.0, 5.0, 5.0] train=0.1649 val:stage3=0.1614 layers=[0.055, 0.055, 0.055]
[23:54:46] epoch=121 stage=3 gamma=[5.0, 5.0, 5.0] train=0.1663 val:stage3=0.1613 layers=[0.0554, 0.0554, 0.0555]
[00:06:56] epoch=122 stage=3 gamma=[5.0, 5.0, 5.0] train=0.1649 val:stage3=0.1609 layers=[0.055, 0.055, 0.055]
[00:19:00] epoch=123 stage=3 gamma=[5.0, 5.0, 5.0] train=0.1653 val:stage3=0.1602 layers=[0.0551, 0.0551, 0.0551]
[00:31:01] epoch=124 stage=3 gamma=[5.0, 5.0, 5.0] train=0.1654 val:stage3=0.1612 layers=[0.0551, 0.0551, 0.0551]
[00:43:10] epoch=125 stage=3 gamma=[5.0, 5.0, 5.0] train=0.1651 val:stage3=0.1609 layers=[0.055, 0.055, 0.055]
[00:55:19] epoch=126 stage=3 gamma=[5.0, 5.0, 5.0] train=0.1647 val:stage3=0.1609 layers=[0.0549, 0.0549, 0.0549]
[01:07:24] epoch=127 stage=3 gamma=[5.0, 5.0, 5.0] train=0.1649 val:stage3=0.1601 layers=[0.055, 0.0549, 0.055]
[01:19:36] epoch=128 stage=3 gamma=[5.0, 5.0, 5.0] train=0.1649 val:stage3=0.1602 layers=[0.055, 0.0549, 0.055]
[01:31:37] epoch=129 stage=3 gamma=[5.0, 5.0, 5.0] train=0.1651 val:stage3=0.1603 layers=[0.055, 0.055, 0.055]
[01:43:43] epoch=130 stage=3 gamma=[5.0, 5.0, 5.0] train=0.1644 val:stage3=0.1601 layers=[0.0548, 0.0548, 0.0548]
[01:55:50] epoch=131 stage=3 gamma=[5.0, 5.0, 5.0] train=0.1643 val:stage3=0.1600 layers=[0.0548, 0.0547, 0.0548]
[02:07:52] epoch=132 stage=3 gamma=[5.0, 5.0, 5.0] train=0.1651 val:stage3=0.1605 layers=[0.055, 0.055, 0.0551]
[02:19:52] epoch=133 stage=3 gamma=[5.0, 5.0, 5.0] train=0.1645 val:stage3=0.1599 layers=[0.0549, 0.0548, 0.0549]
[02:31:52] epoch=134 stage=3 gamma=[5.0, 5.0, 5.0] train=0.1639 val:stage3=0.1600 layers=[0.0547, 0.0546, 0.0547]
[02:43:54] epoch=135 stage=3 gamma=[5.0, 5.0, 5.0] train=0.1646 val:stage3=0.1600 layers=[0.0549, 0.0548, 0.0549]
[02:55:54] epoch=136 stage=3 gamma=[5.0, 5.0, 5.0] train=0.1639 val:stage3=0.1601 layers=[0.0546, 0.0546, 0.0546]
[03:07:59] epoch=137 stage=3 gamma=[5.0, 5.0, 5.0] train=0.1640 val:stage3=0.1597 layers=[0.0547, 0.0546, 0.0547]
[03:20:01] epoch=138 stage=3 gamma=[5.0, 5.0, 5.0] train=0.1644 val:stage3=0.1596 layers=[0.0548, 0.0548, 0.0548]
[03:32:07] epoch=139 stage=3 gamma=[5.0, 5.0, 5.0] train=0.1641 val:stage3=0.1594 layers=[0.0547, 0.0547, 0.0547]
[03:44:15] epoch=140 stage=3 gamma=[5.0, 5.0, 5.0] train=0.1641 val:stage3=0.1596 layers=[0.0547, 0.0547, 0.0547]
[03:56:13] epoch=141 stage=3 gamma=[5.0, 5.0, 5.0] train=0.1647 val:stage3=0.1599 layers=[0.0549, 0.0549, 0.0549]
[04:08:11] epoch=142 stage=3 gamma=[5.0, 5.0, 5.0] train=0.1638 val:stage3=0.1594 layers=[0.0546, 0.0546, 0.0546]
[04:20:11] epoch=143 stage=3 gamma=[5.0, 5.0, 5.0] train=0.1642 val:stage3=0.1592 layers=[0.0547, 0.0547, 0.0547]
[04:32:19] epoch=144 stage=3 gamma=[5.0, 5.0, 5.0] train=0.1632 val:stage3=0.1596 layers=[0.0544, 0.0544, 0.0544]
[04:44:25] epoch=145 stage=3 gamma=[5.0, 5.0, 5.0] train=0.1639 val:stage3=0.1593 layers=[0.0546, 0.0546, 0.0546]
[04:56:28] epoch=146 stage=3 gamma=[5.0, 5.0, 5.0] train=0.1633 val:stage3=0.1592 layers=[0.0544, 0.0544, 0.0544]
[05:08:26] epoch=147 stage=3 gamma=[5.0, 5.0, 5.0] train=0.1643 val:stage3=0.1592 layers=[0.0548, 0.0547, 0.0548]
[05:20:30] epoch=148 stage=3 gamma=[5.0, 5.0, 5.0] train=0.1636 val:stage3=0.1590 layers=[0.0546, 0.0545, 0.0546]
[05:32:37] epoch=149 stage=3 gamma=[5.0, 5.0, 5.0] train=0.1638 val:stage3=0.1594 layers=[0.0546, 0.0546, 0.0546]
[05:44:41] epoch=150 stage=3 gamma=[5.0, 5.0, 5.0] train=0.1632 val:stage3=0.1596 layers=[0.0544, 0.0544, 0.0544]
[05:56:45] epoch=151 stage=3 gamma=[5.0, 5.0, 5.0] train=0.1628 val:stage3=0.1591 layers=[0.0543, 0.0542, 0.0543]
[06:08:44] epoch=152 stage=3 gamma=[5.0, 5.0, 5.0] train=0.1640 val:stage3=0.1591 layers=[0.0547, 0.0546, 0.0547]
[06:20:43] epoch=153 stage=3 gamma=[5.0, 5.0, 5.0] train=0.1636 val:stage3=0.1590 layers=[0.0545, 0.0545, 0.0545]
[06:32:45] epoch=154 stage=3 gamma=[5.0, 5.0, 5.0] train=0.1631 val:stage3=0.1587 layers=[0.0544, 0.0544, 0.0544]
[06:44:54] epoch=155 stage=3 gamma=[5.0, 5.0, 5.0] train=0.1622 val:stage3=0.1588 layers=[0.0541, 0.054, 0.0541]
[06:57:03] epoch=156 stage=3 gamma=[5.0, 5.0, 5.0] train=0.1630 val:stage3=0.1588 layers=[0.0544, 0.0543, 0.0544]
[07:09:10] epoch=157 stage=3 gamma=[5.0, 5.0, 5.0] train=0.1627 val:stage3=0.1589 layers=[0.0543, 0.0542, 0.0543]
[07:21:18] epoch=158 stage=3 gamma=[5.0, 5.0, 5.0] train=0.1627 val:stage3=0.1588 layers=[0.0542, 0.0542, 0.0542]
[07:33:27] epoch=159 stage=3 gamma=[5.0, 5.0, 5.0] train=0.1627 val:stage3=0.1585 layers=[0.0543, 0.0542, 0.0542]
[07:45:33] epoch=160 stage=3 gamma=[5.0, 5.0, 5.0] train=0.1625 val:stage3=0.1585 layers=[0.0542, 0.0541, 0.0542]
[07:57:38] epoch=161 stage=3 gamma=[5.0, 5.0, 5.0] train=0.1621 val:stage3=0.1584 layers=[0.0541, 0.054, 0.0541]
[08:09:45] epoch=162 stage=3 gamma=[5.0, 5.0, 5.0] train=0.1618 val:stage3=0.1585 layers=[0.054, 0.0539, 0.0539]
[08:21:37] epoch=163 stage=3 gamma=[5.0, 5.0, 5.0] train=0.1627 val:stage3=0.1583 layers=[0.0543, 0.0542, 0.0542]
[08:33:42] epoch=164 stage=3 gamma=[5.0, 5.0, 5.0] train=0.1632 val:stage3=0.1585 layers=[0.0544, 0.0544, 0.0544]
[08:45:49] epoch=165 stage=3 gamma=[5.0, 5.0, 5.0] train=0.1630 val:stage3=0.1585 layers=[0.0543, 0.0543, 0.0543]
[08:57:47] epoch=166 stage=3 gamma=[5.0, 5.0, 5.0] train=0.1625 val:stage3=0.1582 layers=[0.0542, 0.0542, 0.0542]
[09:09:55] epoch=167 stage=3 gamma=[5.0, 5.0, 5.0] train=0.1628 val:stage3=0.1582 layers=[0.0543, 0.0542, 0.0543]
[09:21:58] epoch=168 stage=3 gamma=[5.0, 5.0, 5.0] train=0.1617 val:stage3=0.1581 layers=[0.0539, 0.0539, 0.0539]
[09:33:57] epoch=169 stage=3 gamma=[5.0, 5.0, 5.0] train=0.1624 val:stage3=0.1583 layers=[0.0541, 0.0541, 0.0541]
[09:45:58] epoch=170 stage=3 gamma=[5.0, 5.0, 5.0] train=0.1627 val:stage3=0.1583 layers=[0.0542, 0.0542, 0.0542]
[09:58:09] epoch=171 stage=3 gamma=[5.0, 5.0, 5.0] train=0.1625 val:stage3=0.1581 layers=[0.0542, 0.0541, 0.0542]
[10:10:13] epoch=172 stage=3 gamma=[5.0, 5.0, 5.0] train=0.1624 val:stage3=0.1579 layers=[0.0541, 0.0541, 0.0541]
[10:22:18] epoch=173 stage=3 gamma=[5.0, 5.0, 5.0] train=0.1623 val:stage3=0.1580 layers=[0.0541, 0.0541, 0.0541]
[10:34:17] epoch=174 stage=3 gamma=[5.0, 5.0, 5.0] train=0.1630 val:stage3=0.1579 layers=[0.0543, 0.0543, 0.0543]
[10:46:21] epoch=175 stage=3 gamma=[5.0, 5.0, 5.0] train=0.1633 val:stage3=0.1581 layers=[0.0545, 0.0544, 0.0544]
[10:58:23] epoch=176 stage=3 gamma=[5.0, 5.0, 5.0] train=0.1631 val:stage3=0.1579 layers=[0.0544, 0.0544, 0.0544]
[11:10:31] epoch=177 stage=3 gamma=[5.0, 5.0, 5.0] train=0.1621 val:stage3=0.1579 layers=[0.054, 0.054, 0.054]
[11:22:34] epoch=178 stage=3 gamma=[5.0, 5.0, 5.0] train=0.1620 val:stage3=0.1579 layers=[0.054, 0.054, 0.054]
[11:34:39] epoch=179 stage=3 gamma=[5.0, 5.0, 5.0] train=0.1628 val:stage3=0.1577 layers=[0.0543, 0.0543, 0.0543]
[11:46:44] epoch=180 stage=3 gamma=[5.0, 5.0, 5.0] train=0.1625 val:stage3=0.1578 layers=[0.0542, 0.0542, 0.0542]
[11:58:51] epoch=181 stage=3 gamma=[5.0, 5.0, 5.0] train=0.1614 val:stage3=0.1579 layers=[0.0538, 0.0538, 0.0538]
[12:10:57] epoch=182 stage=3 gamma=[5.0, 5.0, 5.0] train=0.1622 val:stage3=0.1576 layers=[0.0541, 0.0541, 0.0541]
[12:22:59] epoch=183 stage=3 gamma=[5.0, 5.0, 5.0] train=0.1628 val:stage3=0.1578 layers=[0.0543, 0.0542, 0.0543]
[12:35:00] epoch=184 stage=3 gamma=[5.0, 5.0, 5.0] train=0.1619 val:stage3=0.1577 layers=[0.054, 0.054, 0.054]
[12:47:03] epoch=185 stage=3 gamma=[5.0, 5.0, 5.0] train=0.1614 val:stage3=0.1575 layers=[0.0538, 0.0538, 0.0538]
[12:59:11] epoch=186 stage=3 gamma=[5.0, 5.0, 5.0] train=0.1618 val:stage3=0.1577 layers=[0.0539, 0.0539, 0.0539]
[13:11:18] epoch=187 stage=3 gamma=[5.0, 5.0, 5.0] train=0.1615 val:stage3=0.1576 layers=[0.0539, 0.0538, 0.0539]
[13:23:23] epoch=188 stage=3 gamma=[5.0, 5.0, 5.0] train=0.1618 val:stage3=0.1578 layers=[0.0539, 0.0539, 0.0539]
[13:35:25] epoch=189 stage=3 gamma=[5.0, 5.0, 5.0] train=0.1616 val:stage3=0.1576 layers=[0.0539, 0.0538, 0.0539]
[13:47:25] epoch=190 stage=3 gamma=[5.0, 5.0, 5.0] train=0.1616 val:stage3=0.1573 layers=[0.0539, 0.0538, 0.0539]
[13:59:33] epoch=191 stage=3 gamma=[5.0, 5.0, 5.0] train=0.1616 val:stage3=0.1574 layers=[0.0539, 0.0539, 0.0539]
[14:11:32] epoch=192 stage=3 gamma=[5.0, 5.0, 5.0] train=0.1624 val:stage3=0.1573 layers=[0.0542, 0.0541, 0.0541]
[14:23:42] epoch=193 stage=3 gamma=[5.0, 5.0, 5.0] train=0.1621 val:stage3=0.1572 layers=[0.0541, 0.054, 0.054]
[14:35:44] epoch=194 stage=3 gamma=[5.0, 5.0, 5.0] train=0.1625 val:stage3=0.1573 layers=[0.0542, 0.0542, 0.0542]
[14:47:49] epoch=195 stage=3 gamma=[5.0, 5.0, 5.0] train=0.1619 val:stage3=0.1573 layers=[0.054, 0.0539, 0.054]
[14:59:59] epoch=196 stage=3 gamma=[5.0, 5.0, 5.0] train=0.1613 val:stage3=0.1573 layers=[0.0538, 0.0538, 0.0538]
[15:11:55] epoch=197 stage=3 gamma=[5.0, 5.0, 5.0] train=0.1620 val:stage3=0.1572 layers=[0.054, 0.054, 0.054]
[15:24:02] epoch=198 stage=3 gamma=[5.0, 5.0, 5.0] train=0.1618 val:stage3=0.1572 layers=[0.0539, 0.0539, 0.0539]
[15:36:08] epoch=199 stage=3 gamma=[5.0, 5.0, 5.0] train=0.1622 val:stage3=0.1572 layers=[0.0541, 0.0541, 0.0541]
[15:48:12] epoch=200 stage=3 gamma=[5.0, 5.0, 5.0] train=0.1616 val:stage3=0.1571 layers=[0.0539, 0.0538, 0.0539]
[16:00:19] epoch=201 stage=3 gamma=[5.0, 5.0, 5.0] train=0.1623 val:stage3=0.1572 layers=[0.0541, 0.0541, 0.0541]
[16:12:22] epoch=202 stage=3 gamma=[5.0, 5.0, 5.0] train=0.1609 val:stage3=0.1572 layers=[0.0536, 0.0536, 0.0536]
[16:24:23] epoch=203 stage=3 gamma=[5.0, 5.0, 5.0] train=0.1612 val:stage3=0.1571 layers=[0.0537, 0.0537, 0.0537]
[16:36:23] epoch=204 stage=3 gamma=[5.0, 5.0, 5.0] train=0.1620 val:stage3=0.1572 layers=[0.054, 0.054, 0.054]
[16:48:24] epoch=205 stage=3 gamma=[5.0, 5.0, 5.0] train=0.1603 val:stage3=0.1573 layers=[0.0534, 0.0534, 0.0534]
[17:00:29] epoch=206 stage=3 gamma=[5.0, 5.0, 5.0] train=0.1614 val:stage3=0.1572 layers=[0.0538, 0.0538, 0.0538]
[17:12:29] epoch=207 stage=3 gamma=[5.0, 5.0, 5.0] train=0.1605 val:stage3=0.1572 layers=[0.0535, 0.0535, 0.0535]
[17:24:35] epoch=208 stage=3 gamma=[5.0, 5.0, 5.0] train=0.1615 val:stage3=0.1572 layers=[0.0538, 0.0538, 0.0538]
[17:36:35] epoch=209 stage=3 gamma=[5.0, 5.0, 5.0] train=0.1604 val:stage3=0.1570 layers=[0.0535, 0.0535, 0.0535]
[17:48:37] epoch=210 stage=3 gamma=[5.0, 5.0, 5.0] train=0.1611 val:stage3=0.1571 layers=[0.0537, 0.0537, 0.0537]
[18:00:35] epoch=211 stage=3 gamma=[5.0, 5.0, 5.0] train=0.1604 val:stage3=0.1570 layers=[0.0535, 0.0535, 0.0535]
[18:12:35] epoch=212 stage=3 gamma=[5.0, 5.0, 5.0] train=0.1615 val:stage3=0.1570 layers=[0.0538, 0.0538, 0.0538]
[18:24:41] epoch=213 stage=3 gamma=[5.0, 5.0, 5.0] train=0.1605 val:stage3=0.1569 layers=[0.0535, 0.0535, 0.0535]
[18:36:41] epoch=214 stage=3 gamma=[5.0, 5.0, 5.0] train=0.1608 val:stage3=0.1571 layers=[0.0536, 0.0536, 0.0536]
[18:48:38] epoch=215 stage=3 gamma=[5.0, 5.0, 5.0] train=0.1612 val:stage3=0.1570 layers=[0.0537, 0.0537, 0.0537]
[19:00:41] epoch=216 stage=3 gamma=[5.0, 5.0, 5.0] train=0.1613 val:stage3=0.1569 layers=[0.0538, 0.0537, 0.0538]
[19:12:48] epoch=217 stage=3 gamma=[5.0, 5.0, 5.0] train=0.1611 val:stage3=0.1569 layers=[0.0537, 0.0537, 0.0537]
[19:24:48] epoch=218 stage=3 gamma=[5.0, 5.0, 5.0] train=0.1616 val:stage3=0.1570 layers=[0.0539, 0.0538, 0.0539]
[19:36:47] epoch=219 stage=3 gamma=[5.0, 5.0, 5.0] train=0.1608 val:stage3=0.1570 layers=[0.0536, 0.0536, 0.0536]
[19:48:52] epoch=220 stage=3 gamma=[5.0, 5.0, 5.0] train=0.1612 val:stage3=0.1568 layers=[0.0538, 0.0537, 0.0538]
[20:00:53] epoch=221 stage=3 gamma=[5.0, 5.0, 5.0] train=0.1613 val:stage3=0.1568 layers=[0.0538, 0.0537, 0.0538]
[20:12:52] epoch=222 stage=3 gamma=[5.0, 5.0, 5.0] train=0.1605 val:stage3=0.1568 layers=[0.0535, 0.0535, 0.0535]
[20:24:56] epoch=223 stage=3 gamma=[5.0, 5.0, 5.0] train=0.1617 val:stage3=0.1569 layers=[0.0539, 0.0539, 0.0539]
[20:37:01] epoch=224 stage=3 gamma=[5.0, 5.0, 5.0] train=0.1612 val:stage3=0.1568 layers=[0.0537, 0.0537, 0.0537]
[20:49:00] epoch=225 stage=3 gamma=[5.0, 5.0, 5.0] train=0.1601 val:stage3=0.1567 layers=[0.0534, 0.0534, 0.0534]
[21:01:02] epoch=226 stage=3 gamma=[5.0, 5.0, 5.0] train=0.1604 val:stage3=0.1568 layers=[0.0535, 0.0534, 0.0535]
[21:13:08] epoch=227 stage=3 gamma=[5.0, 5.0, 5.0] train=0.1609 val:stage3=0.1568 layers=[0.0536, 0.0536, 0.0536]
[21:25:13] epoch=228 stage=3 gamma=[5.0, 5.0, 5.0] train=0.1599 val:stage3=0.1567 layers=[0.0533, 0.0533, 0.0533]
[21:37:16] epoch=229 stage=3 gamma=[5.0, 5.0, 5.0] train=0.1610 val:stage3=0.1567 layers=[0.0537, 0.0536, 0.0537]
[21:49:24] epoch=230 stage=3 gamma=[5.0, 5.0, 5.0] train=0.1608 val:stage3=0.1568 layers=[0.0536, 0.0536, 0.0536]
[22:01:31] epoch=231 stage=3 gamma=[5.0, 5.0, 5.0] train=0.1611 val:stage3=0.1569 layers=[0.0537, 0.0537, 0.0537]
[22:13:30] epoch=232 stage=3 gamma=[5.0, 5.0, 5.0] train=0.1608 val:stage3=0.1568 layers=[0.0536, 0.0536, 0.0536]
[22:25:34] epoch=233 stage=3 gamma=[5.0, 5.0, 5.0] train=0.1606 val:stage3=0.1567 layers=[0.0536, 0.0535, 0.0535]
[22:37:34] epoch=234 stage=3 gamma=[5.0, 5.0, 5.0] train=0.1614 val:stage3=0.1568 layers=[0.0538, 0.0538, 0.0538]
[22:49:43] epoch=235 stage=3 gamma=[5.0, 5.0, 5.0] train=0.1609 val:stage3=0.1567 layers=[0.0536, 0.0536, 0.0536]
[23:01:49] epoch=236 stage=3 gamma=[5.0, 5.0, 5.0] train=0.1605 val:stage3=0.1567 layers=[0.0535, 0.0535, 0.0535]
[23:13:54] epoch=237 stage=3 gamma=[5.0, 5.0, 5.0] train=0.1609 val:stage3=0.1567 layers=[0.0536, 0.0536, 0.0536]
[23:26:02] epoch=238 stage=3 gamma=[5.0, 5.0, 5.0] train=0.1604 val:stage3=0.1567 layers=[0.0535, 0.0535, 0.0535]
[23:38:05] epoch=239 stage=3 gamma=[5.0, 5.0, 5.0] train=0.1612 val:stage3=0.1567 layers=[0.0537, 0.0537, 0.0537]
[23:50:10] epoch=240 stage=3 gamma=[5.0, 5.0, 5.0] train=0.1606 val:stage3=0.1566 layers=[0.0536, 0.0535, 0.0535]
[00:02:06] epoch=241 stage=3 gamma=[5.0, 5.0, 5.0] train=0.1614 val:stage3=0.1566 layers=[0.0538, 0.0538, 0.0538]
[00:14:16] epoch=242 stage=3 gamma=[5.0, 5.0, 5.0] train=0.1597 val:stage3=0.1566 layers=[0.0533, 0.0532, 0.0533]
[00:26:22] epoch=243 stage=3 gamma=[5.0, 5.0, 5.0] train=0.1609 val:stage3=0.1565 layers=[0.0537, 0.0536, 0.0536]
[00:38:30] epoch=244 stage=3 gamma=[5.0, 5.0, 5.0] train=0.1607 val:stage3=0.1567 layers=[0.0536, 0.0535, 0.0536]
[00:50:40] epoch=245 stage=3 gamma=[5.0, 5.0, 5.0] train=0.1607 val:stage3=0.1566 layers=[0.0536, 0.0535, 0.0536]
[01:02:54] epoch=246 stage=3 gamma=[5.0, 5.0, 5.0] train=0.1612 val:stage3=0.1567 layers=[0.0538, 0.0537, 0.0537]
[01:15:04] epoch=247 stage=3 gamma=[5.0, 5.0, 5.0] train=0.1605 val:stage3=0.1567 layers=[0.0535, 0.0535, 0.0535]
[01:27:10] epoch=248 stage=3 gamma=[5.0, 5.0, 5.0] train=0.1604 val:stage3=0.1565 layers=[0.0535, 0.0534, 0.0535]
[01:39:16] epoch=249 stage=3 gamma=[5.0, 5.0, 5.0] train=0.1614 val:stage3=0.1566 layers=[0.0538, 0.0538, 0.0538]
[01:51:22] epoch=250 stage=3 gamma=[5.0, 5.0, 5.0] train=0.1608 val:stage3=0.1565 layers=[0.0536, 0.0536, 0.0536]
[02:03:23] epoch=251 stage=3 gamma=[5.0, 5.0, 5.0] train=0.1607 val:stage3=0.1565 layers=[0.0536, 0.0535, 0.0536]
[02:15:26] epoch=252 stage=3 gamma=[5.0, 5.0, 5.0] train=0.1610 val:stage3=0.1566 layers=[0.0537, 0.0536, 0.0537]
[02:27:24] epoch=253 stage=3 gamma=[5.0, 5.0, 5.0] train=0.1605 val:stage3=0.1567 layers=[0.0535, 0.0535, 0.0535]
[02:39:26] epoch=254 stage=3 gamma=[5.0, 5.0, 5.0] train=0.1608 val:stage3=0.1566 layers=[0.0536, 0.0536, 0.0536]
[02:51:30] epoch=255 stage=3 gamma=[5.0, 5.0, 5.0] train=0.1613 val:stage3=0.1566 layers=[0.0538, 0.0537, 0.0538]
[03:03:33] epoch=256 stage=3 gamma=[5.0, 5.0, 5.0] train=0.1611 val:stage3=0.1565 layers=[0.0537, 0.0537, 0.0537]
[03:15:38] epoch=257 stage=3 gamma=[5.0, 5.0, 5.0] train=0.1611 val:stage3=0.1565 layers=[0.0537, 0.0537, 0.0537]
[03:27:44] epoch=258 stage=3 gamma=[5.0, 5.0, 5.0] train=0.1605 val:stage3=0.1567 layers=[0.0535, 0.0535, 0.0535]
[03:39:49] epoch=259 stage=3 gamma=[5.0, 5.0, 5.0] train=0.1608 val:stage3=0.1565 layers=[0.0536, 0.0536, 0.0536]
[03:51:58] epoch=260 stage=3 gamma=[5.0, 5.0, 5.0] train=0.1606 val:stage3=0.1566 layers=[0.0535, 0.0535, 0.0535]
[04:03:56] epoch=261 stage=3 gamma=[5.0, 5.0, 5.0] train=0.1608 val:stage3=0.1565 layers=[0.0536, 0.0536, 0.0536]
[04:15:54] epoch=262 stage=3 gamma=[5.0, 5.0, 5.0] train=0.1612 val:stage3=0.1564 layers=[0.0538, 0.0537, 0.0537]
[04:27:51] epoch=263 stage=3 gamma=[5.0, 5.0, 5.0] train=0.1611 val:stage3=0.1565 layers=[0.0537, 0.0537, 0.0537]
[04:39:50] epoch=264 stage=3 gamma=[5.0, 5.0, 5.0] train=0.1606 val:stage3=0.1565 layers=[0.0536, 0.0535, 0.0535]
[04:51:50] epoch=265 stage=3 gamma=[5.0, 5.0, 5.0] train=0.1617 val:stage3=0.1566 layers=[0.0539, 0.0539, 0.0539]
[05:03:49] epoch=266 stage=3 gamma=[5.0, 5.0, 5.0] train=0.1610 val:stage3=0.1566 layers=[0.0537, 0.0536, 0.0537]
[05:15:54] epoch=267 stage=3 gamma=[5.0, 5.0, 5.0] train=0.1612 val:stage3=0.1565 layers=[0.0537, 0.0537, 0.0537]
[05:27:58] epoch=268 stage=3 gamma=[5.0, 5.0, 5.0] train=0.1608 val:stage3=0.1564 layers=[0.0536, 0.0536, 0.0536]
[05:39:54] epoch=269 stage=3 gamma=[5.0, 5.0, 5.0] train=0.1607 val:stage3=0.1565 layers=[0.0536, 0.0535, 0.0536]
[05:51:55] epoch=270 stage=3 gamma=[5.0, 5.0, 5.0] train=0.1609 val:stage3=0.1564 layers=[0.0537, 0.0536, 0.0536]
[06:03:58] epoch=271 stage=3 gamma=[5.0, 5.0, 5.0] train=0.1599 val:stage3=0.1565 layers=[0.0533, 0.0533, 0.0533]
[06:15:58] epoch=272 stage=3 gamma=[5.0, 5.0, 5.0] train=0.1608 val:stage3=0.1564 layers=[0.0536, 0.0536, 0.0536]
[06:28:04] epoch=273 stage=3 gamma=[5.0, 5.0, 5.0] train=0.1606 val:stage3=0.1566 layers=[0.0536, 0.0535, 0.0536]
[06:40:00] epoch=274 stage=3 gamma=[5.0, 5.0, 5.0] train=0.1606 val:stage3=0.1565 layers=[0.0536, 0.0535, 0.0535]
[06:52:04] epoch=275 stage=3 gamma=[5.0, 5.0, 5.0] train=0.1607 val:stage3=0.1564 layers=[0.0536, 0.0535, 0.0536]
[07:04:09] epoch=276 stage=3 gamma=[5.0, 5.0, 5.0] train=0.1609 val:stage3=0.1565 layers=[0.0536, 0.0536, 0.0536]
[07:16:12] epoch=277 stage=3 gamma=[5.0, 5.0, 5.0] train=0.1606 val:stage3=0.1565 layers=[0.0535, 0.0535, 0.0535]
[07:28:07] epoch=278 stage=3 gamma=[5.0, 5.0, 5.0] train=0.1614 val:stage3=0.1564 layers=[0.0538, 0.0538, 0.0538]
[07:40:07] epoch=279 stage=3 gamma=[5.0, 5.0, 5.0] train=0.1608 val:stage3=0.1565 layers=[0.0536, 0.0536, 0.0536]
[07:52:03] epoch=280 stage=3 gamma=[5.0, 5.0, 5.0] train=0.1609 val:stage3=0.1564 layers=[0.0536, 0.0536, 0.0536]
[08:04:08] epoch=281 stage=3 gamma=[5.0, 5.0, 5.0] train=0.1600 val:stage3=0.1565 layers=[0.0533, 0.0533, 0.0533]
[08:16:11] epoch=282 stage=3 gamma=[5.0, 5.0, 5.0] train=0.1606 val:stage3=0.1565 layers=[0.0536, 0.0535, 0.0536]
[08:28:10] epoch=283 stage=3 gamma=[5.0, 5.0, 5.0] train=0.1609 val:stage3=0.1565 layers=[0.0537, 0.0536, 0.0537]
[08:40:09] epoch=284 stage=3 gamma=[5.0, 5.0, 5.0] train=0.1605 val:stage3=0.1564 layers=[0.0535, 0.0535, 0.0535]
[08:52:07] epoch=285 stage=3 gamma=[5.0, 5.0, 5.0] train=0.1603 val:stage3=0.1564 layers=[0.0535, 0.0534, 0.0534]
[09:04:02] epoch=286 stage=3 gamma=[5.0, 5.0, 5.0] train=0.1607 val:stage3=0.1564 layers=[0.0536, 0.0535, 0.0536]
[09:16:01] epoch=287 stage=3 gamma=[5.0, 5.0, 5.0] train=0.1604 val:stage3=0.1564 layers=[0.0535, 0.0534, 0.0535]
[09:28:00] epoch=288 stage=3 gamma=[5.0, 5.0, 5.0] train=0.1613 val:stage3=0.1565 layers=[0.0538, 0.0537, 0.0538]
[09:39:58] epoch=289 stage=3 gamma=[5.0, 5.0, 5.0] train=0.1607 val:stage3=0.1564 layers=[0.0536, 0.0536, 0.0536]
[09:51:50] epoch=290 stage=3 gamma=[5.0, 5.0, 5.0] train=0.1606 val:stage3=0.1565 layers=[0.0536, 0.0535, 0.0535]
[10:03:47] epoch=291 stage=3 gamma=[5.0, 5.0, 5.0] train=0.1609 val:stage3=0.1564 layers=[0.0537, 0.0536, 0.0537]
[10:15:42] epoch=292 stage=3 gamma=[5.0, 5.0, 5.0] train=0.1603 val:stage3=0.1564 layers=[0.0535, 0.0534, 0.0535]
[10:27:37] epoch=293 stage=3 gamma=[5.0, 5.0, 5.0] train=0.1607 val:stage3=0.1565 layers=[0.0536, 0.0536, 0.0536]
[10:39:32] epoch=294 stage=3 gamma=[5.0, 5.0, 5.0] train=0.1608 val:stage3=0.1564 layers=[0.0536, 0.0536, 0.0536]
[10:51:31] epoch=295 stage=3 gamma=[5.0, 5.0, 5.0] train=0.1602 val:stage3=0.1564 layers=[0.0534, 0.0534, 0.0534]
[11:03:28] epoch=296 stage=3 gamma=[5.0, 5.0, 5.0] train=0.1604 val:stage3=0.1565 layers=[0.0535, 0.0534, 0.0535]
[11:15:22] epoch=297 stage=3 gamma=[5.0, 5.0, 5.0] train=0.1603 val:stage3=0.1565 layers=[0.0534, 0.0534, 0.0534]
[11:27:18] epoch=298 stage=3 gamma=[5.0, 5.0, 5.0] train=0.1611 val:stage3=0.1565 layers=[0.0537, 0.0537, 0.0537]
[11:39:05] epoch=299 stage=3 gamma=[5.0, 5.0, 5.0] train=0.1607 val:stage3=0.1564 layers=[0.0536, 0.0535, 0.0536]
[11:50:46] epoch=300 stage=3 gamma=[5.0, 5.0, 5.0] train=0.1607 val:stage3=0.1564 layers=[0.0536, 0.0535, 0.0536]
=== attempt=1 exited rc=0 at 2026-07-18T11:50:48+09:00 ===
training completed successfully.
end_time=2026-07-18T11:50:48+09:00
