job_id=8226
hostname=node02
start_time=2026-07-20T01:57:56+09:00
Mon Jul 20 01:57:56 2026       
+-----------------------------------------------------------------------------------------+
| NVIDIA-SMI 570.124.06             Driver Version: 570.124.06     CUDA Version: 12.8     |
|-----------------------------------------+------------------------+----------------------+
| GPU  Name                 Persistence-M | Bus-Id          Disp.A | Volatile Uncorr. ECC |
| Fan  Temp   Perf          Pwr:Usage/Cap |           Memory-Usage | GPU-Util  Compute M. |
|                                         |                        |               MIG M. |
|=========================================+========================+======================|
|   0  NVIDIA GeForce RTX 3090        On  |   00000000:17:00.0 Off |                  N/A |
| 40%   22C    P8             29W /  345W |       2MiB /  24576MiB |      0%      Default |
|                                         |                        |                  N/A |
+-----------------------------------------+------------------------+----------------------+
                                                                                         
+-----------------------------------------------------------------------------------------+
| Processes:                                                                              |
|  GPU   GI   CI              PID   Type   Process name                        GPU Memory |
|        ID   ID                                                               Usage      |
|=========================================================================================|
|  No running processes found                                                             |
+-----------------------------------------------------------------------------------------+
device=cuda
loaded checkpoints/agg_rl_FM_vectorized_20260716/best.pt epoch=293

total 1-speaker samples analyzed: 350

=== per channel count ===
ch= 4 n= 36 mean_err= 54.49 median= 45.10 frac<10deg=  2.8%
ch= 5 n= 41 mean_err= 43.46 median= 28.53 frac<10deg=  9.8%
ch= 6 n= 42 mean_err= 37.94 median= 28.28 frac<10deg= 14.3%
ch= 7 n= 43 mean_err= 40.28 median= 24.92 frac<10deg= 16.3%
ch= 8 n= 37 mean_err= 30.18 median= 21.15 frac<10deg= 32.4%
ch= 9 n= 36 mean_err= 51.22 median= 34.19 frac<10deg= 16.7%
ch=10 n= 33 mean_err= 37.50 median= 23.71 frac<10deg= 33.3%
ch=11 n= 38 mean_err= 41.88 median= 35.89 frac<10deg= 26.3%
ch=12 n= 44 mean_err= 36.67 median= 20.67 frac<10deg= 22.7%

=== per mic_clipped flag ===
clipped=False n=345 mean_err= 41.41 median= 27.72
clipped=True  n=  5 mean_err= 37.01 median= 15.59

=== best 8 samples (ch, clipped, err, pred_az, pred_el, true_az, true_el, snr_db, rt60, dist_m) ===
(10, False, 2.6340125502609624, np.float32(223.76205), np.float32(95.9727), np.float32(224.30403), np.float32(98.2245), -3.8714511394500732, 0.5825479626655579, 0.6488664746284485)
(8, False, 2.962313093474007, np.float32(327.00394), np.float32(101.35418), np.float32(328.69623), np.float32(100.66552), -3.96793270111084, 0.21344687044620514, 1.1008816957473755)
(10, False, 3.022595962083896, np.float32(299.28204), np.float32(99.702896), np.float32(301.83313), np.float32(98.59414), 9.15161418914795, 0.29368624091148376, 0.8163965940475464)
(12, False, 3.483259026725571, np.float32(116.910675), np.float32(100.66981), np.float32(117.56917), np.float32(102.55788), 4.6178975105285645, 0.6825956106185913, 0.38790348172187805)
(6, False, 3.9197234707977135, np.float32(120.10737), np.float32(69.07731), np.float32(121.60522), np.float32(69.31747), -1.4890954494476318, 0.4923895597457886, 0.9803228378295898)
(11, False, 3.9270632880074636, np.float32(300.4013), np.float32(108.013016), np.float32(301.65732), np.float32(108.500206), -0.6589078903198242, 0.890375554561615, 0.7979878783226013)
(12, False, 4.3829497456550595, np.float32(85.56529), np.float32(109.312965), np.float32(82.92733), np.float32(112.41142), 6.981682777404785, 0.41351279616355896, 0.5028842687606812)
(8, False, 4.595989567790917, np.float32(50.87614), np.float32(93.10842), np.float32(50.422977), np.float32(95.51813), -0.8469407558441162, 0.7805341482162476, 0.7544275522232056)

=== worst 8 samples (ch, clipped, err, pred_az, pred_el, true_az, true_el, snr_db, rt60, dist_m) ===
(4, False, 144.34612825567072, np.float32(233.23352), np.float32(92.15574), np.float32(13.639635), np.float32(99.79694), 25.303977966308594, 0.9466524720191956, 1.071465015411377)
(10, False, 145.44598670570036, np.float32(15.480517), np.float32(90.30789), np.float32(202.62242), np.float32(99.30055), 26.132606506347656, 1.0045396089553833, 1.2645124197006226)
(10, False, 150.41119271284927, np.float32(264.57892), np.float32(83.8021), np.float32(75.23773), np.float32(95.6506), 21.187829971313477, 1.0460224151611328, 1.4519548416137695)
(4, False, 154.7884848721056, np.float32(162.47025), np.float32(86.55514), np.float32(313.07413), np.float32(83.817665), 29.799875259399414, 0.22296637296676636, 0.8900943398475647)
(10, False, 159.25742842248604, np.float32(267.5099), np.float32(86.89157), np.float32(104.05128), np.float32(98.430565), 26.022884368896484, 0.8622391223907471, 0.4136276841163635)
(12, False, 159.47976704825342, np.float32(1.9727978), np.float32(82.95676), np.float32(181.24872), np.float32(79.56495), 24.40658187866211, 0.4468088448047638, 1.7369422912597656)
(9, False, 159.92473368818352, np.float32(160.6585), np.float32(91.539635), np.float32(340.63004), np.float32(83.50505), 23.75282096862793, 0.4739719033241272, 0.34957021474838257)
(9, False, 160.2765244193699, np.float32(296.35104), np.float32(96.59221), np.float32(103.09694), np.float32(98.542366), 28.049602508544922, 1.157111644744873, 0.6982889771461487)

azimuth diff (pred-true) mean=-5.63 std=57.29 (계통적 offset이면 mean이 0에서 크게 벗어남, 랜덤이면 mean~0 std가 큼)

corr(err, snr_db)=0.593  (음수면 SNR 낮을수록 오차 큼)
corr(err, rt60)=0.063  (양수면 잔향 클수록 오차 큼)
corr(err, distance_m)=0.073  (양수면 음원이 멀수록 오차 큼)

fail(err>30deg) n=166/350 (47.4%)
  fail group   : mean_snr=20.02  mean_rt60=0.78  mean_dist=1.33
  ok group     : mean_snr=8.21  mean_rt60=0.72  mean_dist=1.19
end_time=2026-07-20T01:58:33+09:00
