job_id=8227
job_name=agg_rl_train
hostname=node01
start_time=2026-07-20T09:54:26+09:00
cuda_visible_devices=0
slurm_cpus_per_task=16
slurm_mem_per_node=49152
Mon Jul 20 09:54:26 2026       
+-----------------------------------------------------------------------------------------+
| NVIDIA-SMI 570.124.06             Driver Version: 570.124.06     CUDA Version: 12.8     |
|-----------------------------------------+------------------------+----------------------+
| GPU  Name                 Persistence-M | Bus-Id          Disp.A | Volatile Uncorr. ECC |
| Fan  Temp   Perf          Pwr:Usage/Cap |           Memory-Usage | GPU-Util  Compute M. |
|                                         |                        |               MIG M. |
|=========================================+========================+======================|
|   0  NVIDIA GeForce RTX 3090        On  |   00000000:17:00.0 Off |                  N/A |
| 40%   19C    P8             15W /  345W |       2MiB /  24576MiB |      0%      Default |
|                                         |                        |                  N/A |
+-----------------------------------------+------------------------+----------------------+
                                                                                         
+-----------------------------------------------------------------------------------------+
| Processes:                                                                              |
|  GPU   GI   CI              PID   Type   Process name                        GPU Memory |
|        ID   ID                                                               Usage      |
|=========================================================================================|
|  No running processes found                                                             |
+-----------------------------------------------------------------------------------------+
launch_command=bash scripts/train_model.sh 
=== train attempt=1/200 at 2026-07-20T09:54:27+09:00 ===
repo_root=/home/s2021102349/Audio-Geometry-Grid_Representation-Learning
run_name=agg_rl_FM_snrfix_20260720
save_dir=/home/s2021102349/Audio-Geometry-Grid_Representation-Learning/checkpoints/agg_rl_FM_snrfix_20260720
log_file=/home/s2021102349/Audio-Geometry-Grid_Representation-Learning/data/train_runs/agg_rl_FM_snrfix_20260720/train.log
mpe_type=FM
start_time=2026-07-20T09:54:29+09:00
command=python train.py --librispeech_train /home/s2021102349/Audio-Geometry-Grid_Representation-Learning/datasets/librispeech/LibriSpeech/train-clean-100 --librispeech_val /home/s2021102349/Audio-Geometry-Grid_Representation-Learning/datasets/librispeech/LibriSpeech/test-clean --ms_snsd_train /home/s2021102349/Audio-Geometry-Grid_Representation-Learning/datasets/ms-snsd/MS-SNSD/noise_train --ms_snsd_val /home/s2021102349/Audio-Geometry-Grid_Representation-Learning/datasets/ms-snsd/MS-SNSD/noise_test --mpe_type FM --save_dir /home/s2021102349/Audio-Geometry-Grid_Representation-Learning/checkpoints/agg_rl_FM_snrfix_20260720 --batch_size 16 --num_workers 16 --prefetch_factor 1 --log_interval 0 --train_samples_per_epoch 28800 --fixed_suite_samples 2000 --dynamic_samples_per_channel 300 --seed 42 
device=cuda
model=AGG_RL(FM) params=2,788,836
train_speech=28539 train_noise=128
[10:00:29] epoch=001 stage=1 gamma=[32.0, 12.0, 5.0] train=0.9502 val:stage1=0.8704 layers=[0.6829, 0.2092, 0.0581]
[10:06:26] epoch=002 stage=1 gamma=[32.0, 12.0, 5.0] train=0.8775 val:stage1=0.8553 layers=[0.6373, 0.1874, 0.0528]
[10:12:22] epoch=003 stage=1 gamma=[32.0, 12.0, 5.0] train=0.8474 val:stage1=0.8105 layers=[0.6223, 0.1748, 0.0502]
[10:18:18] epoch=004 stage=1 gamma=[32.0, 12.0, 5.0] train=0.8284 val:stage1=0.8092 layers=[0.6145, 0.1661, 0.0477]
[10:24:12] epoch=005 stage=1 gamma=[32.0, 12.0, 5.0] train=0.8220 val:stage1=0.8115 layers=[0.6123, 0.1633, 0.0464]
[10:30:07] epoch=006 stage=1 gamma=[32.0, 12.0, 5.0] train=0.8118 val:stage1=0.7913 layers=[0.6069, 0.1597, 0.0453]
[10:36:03] epoch=007 stage=1 gamma=[32.0, 12.0, 5.0] train=0.8068 val:stage1=0.7934 layers=[0.6042, 0.1579, 0.0448]
[10:42:01] epoch=008 stage=1 gamma=[32.0, 12.0, 5.0] train=0.8048 val:stage1=0.7809 layers=[0.6036, 0.1568, 0.0444]
[10:47:56] epoch=009 stage=1 gamma=[32.0, 12.0, 5.0] train=0.7997 val:stage1=0.7823 layers=[0.6009, 0.1549, 0.0438]
[10:53:51] epoch=010 stage=1 gamma=[32.0, 12.0, 5.0] train=0.7968 val:stage1=0.7780 layers=[0.599, 0.1541, 0.0436]
[10:59:47] epoch=011 stage=2 gamma=[32.0, 12.0, 5.0] train=0.8698 val:stage2=0.8304 layers=[0.6369, 0.182, 0.0509]
[11:05:44] epoch=012 stage=2 gamma=[32.0, 12.0, 5.0] train=0.8505 val:stage2=0.8190 layers=[0.6269, 0.1746, 0.049]
[11:11:43] epoch=013 stage=2 gamma=[32.0, 12.0, 5.0] train=0.8358 val:stage2=0.8182 layers=[0.6188, 0.1694, 0.0476]
[11:17:38] epoch=014 stage=2 gamma=[32.0, 12.0, 5.0] train=0.8303 val:stage2=0.8084 layers=[0.6163, 0.1671, 0.0469]
[11:23:34] epoch=015 stage=2 gamma=[32.0, 12.0, 5.0] train=0.8250 val:stage2=0.8028 layers=[0.6137, 0.165, 0.0463]
[11:29:32] epoch=016 stage=2 gamma=[32.0, 12.0, 5.0] train=0.8207 val:stage2=0.7948 layers=[0.6114, 0.1634, 0.0459]
[11:35:28] epoch=017 stage=2 gamma=[32.0, 12.0, 5.0] train=0.8134 val:stage2=0.7922 layers=[0.6075, 0.1609, 0.0451]
[11:41:27] epoch=018 stage=2 gamma=[32.0, 12.0, 5.0] train=0.8123 val:stage2=0.7875 layers=[0.6069, 0.1604, 0.045]
[11:47:23] epoch=019 stage=2 gamma=[32.0, 12.0, 5.0] train=0.8028 val:stage2=0.7818 layers=[0.6017, 0.1571, 0.044]
[11:53:17] epoch=020 stage=2 gamma=[32.0, 12.0, 5.0] train=0.8032 val:stage2=0.7775 layers=[0.6021, 0.1571, 0.044]
[12:04:50] epoch=021 stage=3 gamma=[32.0, 12.0, 5.0] train=0.7878 val:stage3=0.7669 layers=[0.593, 0.1518, 0.043]
[12:16:13] epoch=022 stage=3 gamma=[32.0, 12.0, 5.0] train=0.7849 val:stage3=0.7539 layers=[0.5918, 0.1505, 0.0425]
[12:27:45] epoch=023 stage=3 gamma=[32.0, 12.0, 5.0] train=0.7793 val:stage3=0.7530 layers=[0.5892, 0.1482, 0.0418]
[12:39:19] epoch=024 stage=3 gamma=[32.0, 12.0, 5.0] train=0.7753 val:stage3=0.7488 layers=[0.5869, 0.147, 0.0414]
[12:50:47] epoch=025 stage=3 gamma=[32.0, 12.0, 5.0] train=0.7741 val:stage3=0.7489 layers=[0.5865, 0.1464, 0.0412]
[13:02:16] epoch=026 stage=3 gamma=[32.0, 12.0, 5.0] train=0.7715 val:stage3=0.7448 layers=[0.5854, 0.1453, 0.0407]
[13:13:45] epoch=027 stage=3 gamma=[32.0, 12.0, 5.0] train=0.7674 val:stage3=0.7403 layers=[0.5835, 0.1438, 0.0401]
[13:25:16] epoch=028 stage=3 gamma=[32.0, 12.0, 5.0] train=0.7644 val:stage3=0.7406 layers=[0.5817, 0.1428, 0.0399]
[13:36:46] epoch=029 stage=3 gamma=[32.0, 12.0, 5.0] train=0.7608 val:stage3=0.7380 layers=[0.5799, 0.1415, 0.0394]
[13:48:17] epoch=030 stage=3 gamma=[32.0, 12.0, 5.0] train=0.7610 val:stage3=0.7390 layers=[0.5802, 0.1415, 0.0393]
[13:59:46] epoch=031 stage=3 gamma=[32.0, 12.0, 5.0] train=0.7586 val:stage3=0.7338 layers=[0.5789, 0.1406, 0.039]
[14:11:19] epoch=032 stage=3 gamma=[32.0, 12.0, 5.0] train=0.7590 val:stage3=0.7367 layers=[0.5797, 0.1404, 0.0389]
[14:22:53] epoch=033 stage=3 gamma=[32.0, 12.0, 5.0] train=0.7557 val:stage3=0.7359 layers=[0.5778, 0.1394, 0.0385]
[14:34:19] epoch=034 stage=3 gamma=[32.0, 12.0, 5.0] train=0.7549 val:stage3=0.7280 layers=[0.5775, 0.139, 0.0383]
[14:45:46] epoch=035 stage=3 gamma=[32.0, 12.0, 5.0] train=0.7517 val:stage3=0.7272 layers=[0.5756, 0.1381, 0.038]
[14:57:22] epoch=036 stage=3 gamma=[30.92, 11.72, 5.0] train=0.7235 val:stage3=0.7031 layers=[0.5533, 0.1325, 0.0377]
[15:08:52] epoch=037 stage=3 gamma=[29.84, 11.44, 5.0] train=0.6954 val:stage3=0.6721 layers=[0.5303, 0.1275, 0.0376]
[15:20:26] epoch=038 stage=3 gamma=[28.76, 11.16, 5.0] train=0.6655 val:stage3=0.6452 layers=[0.5055, 0.1225, 0.0374]
[15:31:52] epoch=039 stage=3 gamma=[27.68, 10.88, 5.0] train=0.6350 val:stage3=0.6133 layers=[0.4804, 0.1174, 0.0372]
[15:43:27] epoch=040 stage=3 gamma=[26.6, 10.6, 5.0] train=0.6054 val:stage3=0.5868 layers=[0.4557, 0.1126, 0.0371]
[15:55:00] epoch=041 stage=3 gamma=[25.52, 10.32, 5.0] train=0.5742 val:stage3=0.5548 layers=[0.4296, 0.1077, 0.0369]
[16:06:37] epoch=042 stage=3 gamma=[24.44, 10.04, 5.0] train=0.5425 val:stage3=0.5248 layers=[0.4031, 0.1027, 0.0367]
[16:18:07] epoch=043 stage=3 gamma=[23.36, 9.76, 5.0] train=0.5121 val:stage3=0.4942 layers=[0.3772, 0.0982, 0.0366]
[16:29:37] epoch=044 stage=3 gamma=[22.28, 9.48, 5.0] train=0.4835 val:stage3=0.4644 layers=[0.3526, 0.0943, 0.0367]
[16:41:02] epoch=045 stage=3 gamma=[21.2, 9.2, 5.0] train=0.4543 val:stage3=0.4367 layers=[0.3274, 0.0901, 0.0367]
[16:52:31] epoch=046 stage=3 gamma=[20.12, 8.92, 5.0] train=0.4243 val:stage3=0.4090 layers=[0.3022, 0.0857, 0.0365]
[17:03:57] epoch=047 stage=3 gamma=[19.04, 8.64, 5.0] train=0.3964 val:stage3=0.3794 layers=[0.2781, 0.0818, 0.0365]
[17:15:28] epoch=048 stage=3 gamma=[17.96, 8.36, 5.0] train=0.3666 val:stage3=0.3525 layers=[0.253, 0.0774, 0.0363]
[17:26:56] epoch=049 stage=3 gamma=[16.88, 8.08, 5.0] train=0.3382 val:stage3=0.3234 layers=[0.2289, 0.0732, 0.0361]
[17:38:33] epoch=050 stage=3 gamma=[15.8, 7.8, 5.0] train=0.3100 val:stage3=0.2985 layers=[0.2055, 0.0688, 0.0357]
[17:50:03] epoch=051 stage=3 gamma=[14.72, 7.52, 5.0] train=0.2862 val:stage3=0.2727 layers=[0.1848, 0.0655, 0.0359]
[18:01:33] epoch=052 stage=3 gamma=[13.64, 7.24, 5.0] train=0.2599 val:stage3=0.2482 layers=[0.1629, 0.0614, 0.0356]
[18:13:04] epoch=053 stage=3 gamma=[12.56, 6.96, 5.0] train=0.2364 val:stage3=0.2254 layers=[0.1431, 0.0578, 0.0355]
[18:24:38] epoch=054 stage=3 gamma=[11.48, 6.68, 5.0] train=0.2144 val:stage3=0.2034 layers=[0.1245, 0.0544, 0.0355]
[18:36:09] epoch=055 stage=3 gamma=[10.4, 6.4, 5.0] train=0.1932 val:stage3=0.1830 layers=[0.1067, 0.051, 0.0355]
[18:47:42] epoch=056 stage=3 gamma=[9.32, 6.12, 5.0] train=0.1728 val:stage3=0.1641 layers=[0.09, 0.0475, 0.0353]
[18:59:21] epoch=057 stage=3 gamma=[8.24, 5.84, 5.0] train=0.1529 val:stage3=0.1472 layers=[0.074, 0.0439, 0.035]
[19:10:52] epoch=058 stage=3 gamma=[7.16, 5.56, 5.0] train=0.1362 val:stage3=0.1299 layers=[0.0601, 0.041, 0.0351]
[19:22:20] epoch=059 stage=3 gamma=[6.08, 5.28, 5.0] train=0.1202 val:stage3=0.1139 layers=[0.0472, 0.038, 0.0351]
[19:33:55] epoch=060 stage=3 gamma=[5.0, 5.0, 5.0] train=0.1048 val:stage3=0.1002 layers=[0.0351, 0.0348, 0.0349]
[19:45:29] epoch=061 stage=3 gamma=[5.0, 5.0, 5.0] train=0.1044 val:stage3=0.0998 layers=[0.035, 0.0347, 0.0348]
[19:56:57] epoch=062 stage=3 gamma=[5.0, 5.0, 5.0] train=0.1047 val:stage3=0.0992 layers=[0.0351, 0.0348, 0.0349]
[20:08:21] epoch=063 stage=3 gamma=[5.0, 5.0, 5.0] train=0.1050 val:stage3=0.0993 layers=[0.0351, 0.0349, 0.035]
[20:19:57] epoch=064 stage=3 gamma=[5.0, 5.0, 5.0] train=0.1045 val:stage3=0.0988 layers=[0.0349, 0.0347, 0.0348]
[20:31:30] epoch=065 stage=3 gamma=[5.0, 5.0, 5.0] train=0.1041 val:stage3=0.0987 layers=[0.0348, 0.0346, 0.0347]
[20:42:57] epoch=066 stage=3 gamma=[5.0, 5.0, 5.0] train=0.1040 val:stage3=0.1001 layers=[0.0348, 0.0346, 0.0346]
[20:54:32] epoch=067 stage=3 gamma=[5.0, 5.0, 5.0] train=0.1036 val:stage3=0.0984 layers=[0.0346, 0.0344, 0.0345]
[21:06:04] epoch=068 stage=3 gamma=[5.0, 5.0, 5.0] train=0.1036 val:stage3=0.0984 layers=[0.0346, 0.0345, 0.0345]
[21:17:32] epoch=069 stage=3 gamma=[5.0, 5.0, 5.0] train=0.1038 val:stage3=0.0983 layers=[0.0347, 0.0345, 0.0346]
[21:29:02] epoch=070 stage=3 gamma=[5.0, 5.0, 5.0] train=0.1034 val:stage3=0.0976 layers=[0.0346, 0.0344, 0.0345]
[21:40:33] epoch=071 stage=3 gamma=[5.0, 5.0, 5.0] train=0.1031 val:stage3=0.0980 layers=[0.0344, 0.0343, 0.0343]
[21:52:05] epoch=072 stage=3 gamma=[5.0, 5.0, 5.0] train=0.1031 val:stage3=0.0978 layers=[0.0344, 0.0343, 0.0344]
[22:03:35] epoch=073 stage=3 gamma=[5.0, 5.0, 5.0] train=0.1023 val:stage3=0.0973 layers=[0.0342, 0.034, 0.0341]
[22:15:02] epoch=074 stage=3 gamma=[5.0, 5.0, 5.0] train=0.1021 val:stage3=0.0973 layers=[0.0341, 0.034, 0.034]
[22:26:33] epoch=075 stage=3 gamma=[5.0, 5.0, 5.0] train=0.1024 val:stage3=0.0953 layers=[0.0342, 0.0341, 0.0341]
[22:38:04] epoch=076 stage=3 gamma=[5.0, 5.0, 5.0] train=0.1009 val:stage3=0.0959 layers=[0.0337, 0.0336, 0.0336]
[22:49:33] epoch=077 stage=3 gamma=[5.0, 5.0, 5.0] train=0.1015 val:stage3=0.0964 layers=[0.0339, 0.0338, 0.0338]
[23:00:57] epoch=078 stage=3 gamma=[5.0, 5.0, 5.0] train=0.1016 val:stage3=0.0952 layers=[0.0339, 0.0338, 0.0339]
[23:12:26] epoch=079 stage=3 gamma=[5.0, 5.0, 5.0] train=0.0999 val:stage3=0.0955 layers=[0.0333, 0.0332, 0.0333]
[23:23:47] epoch=080 stage=3 gamma=[5.0, 5.0, 5.0] train=0.1010 val:stage3=0.0960 layers=[0.0337, 0.0336, 0.0337]
[23:35:14] epoch=081 stage=3 gamma=[5.0, 5.0, 5.0] train=0.0994 val:stage3=0.0948 layers=[0.0332, 0.0331, 0.0331]
[23:46:44] epoch=082 stage=3 gamma=[5.0, 5.0, 5.0] train=0.0994 val:stage3=0.0948 layers=[0.0332, 0.0331, 0.0331]
[23:58:14] epoch=083 stage=3 gamma=[5.0, 5.0, 5.0] train=0.0995 val:stage3=0.0933 layers=[0.0332, 0.0331, 0.0332]
[00:09:42] epoch=084 stage=3 gamma=[5.0, 5.0, 5.0] train=0.0985 val:stage3=0.0939 layers=[0.0329, 0.0328, 0.0328]
[00:21:07] epoch=085 stage=3 gamma=[5.0, 5.0, 5.0] train=0.0987 val:stage3=0.0938 layers=[0.033, 0.0329, 0.0329]
[00:32:33] epoch=086 stage=3 gamma=[5.0, 5.0, 5.0] train=0.0984 val:stage3=0.0928 layers=[0.0329, 0.0327, 0.0328]
[00:44:04] epoch=087 stage=3 gamma=[5.0, 5.0, 5.0] train=0.0977 val:stage3=0.0923 layers=[0.0326, 0.0325, 0.0326]
[00:55:34] epoch=088 stage=3 gamma=[5.0, 5.0, 5.0] train=0.0980 val:stage3=0.0925 layers=[0.0327, 0.0326, 0.0327]
[01:07:03] epoch=089 stage=3 gamma=[5.0, 5.0, 5.0] train=0.0978 val:stage3=0.0923 layers=[0.0327, 0.0325, 0.0326]
[01:18:40] epoch=090 stage=3 gamma=[5.0, 5.0, 5.0] train=0.0974 val:stage3=0.0927 layers=[0.0325, 0.0324, 0.0325]
[01:30:12] epoch=091 stage=3 gamma=[5.0, 5.0, 5.0] train=0.0973 val:stage3=0.0920 layers=[0.0325, 0.0324, 0.0324]
[01:41:44] epoch=092 stage=3 gamma=[5.0, 5.0, 5.0] train=0.0973 val:stage3=0.0917 layers=[0.0325, 0.0324, 0.0324]
[01:53:15] epoch=093 stage=3 gamma=[5.0, 5.0, 5.0] train=0.0973 val:stage3=0.0919 layers=[0.0325, 0.0324, 0.0324]
[02:04:40] epoch=094 stage=3 gamma=[5.0, 5.0, 5.0] train=0.0968 val:stage3=0.0918 layers=[0.0323, 0.0322, 0.0323]
[02:16:16] epoch=095 stage=3 gamma=[5.0, 5.0, 5.0] train=0.0959 val:stage3=0.0919 layers=[0.032, 0.0319, 0.032]
[02:27:47] epoch=096 stage=3 gamma=[5.0, 5.0, 5.0] train=0.0956 val:stage3=0.0917 layers=[0.0319, 0.0318, 0.0319]
[02:39:15] epoch=097 stage=3 gamma=[5.0, 5.0, 5.0] train=0.0950 val:stage3=0.0896 layers=[0.0317, 0.0316, 0.0317]
[02:50:46] epoch=098 stage=3 gamma=[5.0, 5.0, 5.0] train=0.0952 val:stage3=0.0901 layers=[0.0318, 0.0317, 0.0317]
[03:02:19] epoch=099 stage=3 gamma=[5.0, 5.0, 5.0] train=0.0954 val:stage3=0.0906 layers=[0.0319, 0.0317, 0.0318]
[03:13:53] epoch=100 stage=3 gamma=[5.0, 5.0, 5.0] train=0.0943 val:stage3=0.0893 layers=[0.0315, 0.0314, 0.0314]
[03:25:18] epoch=101 stage=3 gamma=[5.0, 5.0, 5.0] train=0.0957 val:stage3=0.0900 layers=[0.032, 0.0318, 0.0319]
[03:36:44] epoch=102 stage=3 gamma=[5.0, 5.0, 5.0] train=0.0948 val:stage3=0.0896 layers=[0.0317, 0.0315, 0.0316]
[03:48:10] epoch=103 stage=3 gamma=[5.0, 5.0, 5.0] train=0.0937 val:stage3=0.0887 layers=[0.0313, 0.0312, 0.0312]
[03:59:39] epoch=104 stage=3 gamma=[5.0, 5.0, 5.0] train=0.0945 val:stage3=0.0892 layers=[0.0316, 0.0314, 0.0315]
[04:11:08] epoch=105 stage=3 gamma=[5.0, 5.0, 5.0] train=0.0940 val:stage3=0.0887 layers=[0.0314, 0.0313, 0.0313]
[04:22:38] epoch=106 stage=3 gamma=[5.0, 5.0, 5.0] train=0.0931 val:stage3=0.0883 layers=[0.0311, 0.031, 0.031]
[04:34:01] epoch=107 stage=3 gamma=[5.0, 5.0, 5.0] train=0.0939 val:stage3=0.0883 layers=[0.0313, 0.0312, 0.0313]
[04:45:24] epoch=108 stage=3 gamma=[5.0, 5.0, 5.0] train=0.0929 val:stage3=0.0886 layers=[0.031, 0.0309, 0.031]
[04:56:48] epoch=109 stage=3 gamma=[5.0, 5.0, 5.0] train=0.0927 val:stage3=0.0879 layers=[0.031, 0.0308, 0.0309]
[05:08:25] epoch=110 stage=3 gamma=[5.0, 5.0, 5.0] train=0.0926 val:stage3=0.0883 layers=[0.0309, 0.0308, 0.0309]
[05:19:55] epoch=111 stage=3 gamma=[5.0, 5.0, 5.0] train=0.0929 val:stage3=0.0873 layers=[0.031, 0.0309, 0.031]
[05:31:28] epoch=112 stage=3 gamma=[5.0, 5.0, 5.0] train=0.0921 val:stage3=0.0880 layers=[0.0308, 0.0306, 0.0307]
[05:43:01] epoch=113 stage=3 gamma=[5.0, 5.0, 5.0] train=0.0920 val:stage3=0.0874 layers=[0.0307, 0.0306, 0.0307]
[05:54:28] epoch=114 stage=3 gamma=[5.0, 5.0, 5.0] train=0.0925 val:stage3=0.0867 layers=[0.0309, 0.0308, 0.0308]
[06:05:56] epoch=115 stage=3 gamma=[5.0, 5.0, 5.0] train=0.0917 val:stage3=0.0872 layers=[0.0306, 0.0305, 0.0306]
[06:17:26] epoch=116 stage=3 gamma=[5.0, 5.0, 5.0] train=0.0916 val:stage3=0.0867 layers=[0.0306, 0.0305, 0.0305]
[06:28:53] epoch=117 stage=3 gamma=[5.0, 5.0, 5.0] train=0.0918 val:stage3=0.0863 layers=[0.0307, 0.0305, 0.0306]
[06:40:25] epoch=118 stage=3 gamma=[5.0, 5.0, 5.0] train=0.0911 val:stage3=0.0856 layers=[0.0304, 0.0303, 0.0304]
[06:51:55] epoch=119 stage=3 gamma=[5.0, 5.0, 5.0] train=0.0911 val:stage3=0.0862 layers=[0.0304, 0.0303, 0.0304]
[07:03:25] epoch=120 stage=3 gamma=[5.0, 5.0, 5.0] train=0.0905 val:stage3=0.0857 layers=[0.0302, 0.0301, 0.0302]
[07:14:54] epoch=121 stage=3 gamma=[5.0, 5.0, 5.0] train=0.0909 val:stage3=0.0856 layers=[0.0304, 0.0303, 0.0303]
[07:26:26] epoch=122 stage=3 gamma=[5.0, 5.0, 5.0] train=0.0901 val:stage3=0.0854 layers=[0.0301, 0.03, 0.03]
[07:37:56] epoch=123 stage=3 gamma=[5.0, 5.0, 5.0] train=0.0906 val:stage3=0.0856 layers=[0.0303, 0.0302, 0.0302]
[07:49:21] epoch=124 stage=3 gamma=[5.0, 5.0, 5.0] train=0.0908 val:stage3=0.0858 layers=[0.0303, 0.0302, 0.0303]
[08:00:50] epoch=125 stage=3 gamma=[5.0, 5.0, 5.0] train=0.0902 val:stage3=0.0851 layers=[0.0301, 0.03, 0.0301]
[08:12:18] epoch=126 stage=3 gamma=[5.0, 5.0, 5.0] train=0.0898 val:stage3=0.0847 layers=[0.03, 0.0299, 0.0299]
[08:23:47] epoch=127 stage=3 gamma=[5.0, 5.0, 5.0] train=0.0900 val:stage3=0.0849 layers=[0.0301, 0.0299, 0.03]
[08:35:20] epoch=128 stage=3 gamma=[5.0, 5.0, 5.0] train=0.0899 val:stage3=0.0843 layers=[0.03, 0.0299, 0.03]
[08:46:45] epoch=129 stage=3 gamma=[5.0, 5.0, 5.0] train=0.0900 val:stage3=0.0842 layers=[0.0301, 0.0299, 0.03]
[08:58:12] epoch=130 stage=3 gamma=[5.0, 5.0, 5.0] train=0.0898 val:stage3=0.0842 layers=[0.03, 0.0299, 0.0299]
[09:09:46] epoch=131 stage=3 gamma=[5.0, 5.0, 5.0] train=0.0892 val:stage3=0.0841 layers=[0.0298, 0.0297, 0.0297]
[09:21:20] epoch=132 stage=3 gamma=[5.0, 5.0, 5.0] train=0.0900 val:stage3=0.0844 layers=[0.0301, 0.0299, 0.03]
[09:32:49] epoch=133 stage=3 gamma=[5.0, 5.0, 5.0] train=0.0894 val:stage3=0.0845 layers=[0.0299, 0.0298, 0.0298]
[09:44:16] epoch=134 stage=3 gamma=[5.0, 5.0, 5.0] train=0.0889 val:stage3=0.0839 layers=[0.0297, 0.0296, 0.0296]
[09:55:43] epoch=135 stage=3 gamma=[5.0, 5.0, 5.0] train=0.0893 val:stage3=0.0840 layers=[0.0298, 0.0297, 0.0298]
[10:07:14] epoch=136 stage=3 gamma=[5.0, 5.0, 5.0] train=0.0888 val:stage3=0.0841 layers=[0.0297, 0.0295, 0.0296]
[10:18:46] epoch=137 stage=3 gamma=[5.0, 5.0, 5.0] train=0.0886 val:stage3=0.0832 layers=[0.0296, 0.0295, 0.0295]
[10:30:14] epoch=138 stage=3 gamma=[5.0, 5.0, 5.0] train=0.0891 val:stage3=0.0841 layers=[0.0298, 0.0297, 0.0297]
[10:41:45] epoch=139 stage=3 gamma=[5.0, 5.0, 5.0] train=0.0889 val:stage3=0.0833 layers=[0.0297, 0.0296, 0.0296]
[10:53:19] epoch=140 stage=3 gamma=[5.0, 5.0, 5.0] train=0.0880 val:stage3=0.0833 layers=[0.0294, 0.0293, 0.0293]
[11:04:47] epoch=141 stage=3 gamma=[5.0, 5.0, 5.0] train=0.0888 val:stage3=0.0835 layers=[0.0297, 0.0295, 0.0296]
[11:16:09] epoch=142 stage=3 gamma=[5.0, 5.0, 5.0] train=0.0881 val:stage3=0.0831 layers=[0.0294, 0.0293, 0.0294]
[11:27:35] epoch=143 stage=3 gamma=[5.0, 5.0, 5.0] train=0.0886 val:stage3=0.0830 layers=[0.0296, 0.0295, 0.0295]
[11:39:09] epoch=144 stage=3 gamma=[5.0, 5.0, 5.0] train=0.0875 val:stage3=0.0827 layers=[0.0292, 0.0291, 0.0292]
[11:50:41] epoch=145 stage=3 gamma=[5.0, 5.0, 5.0] train=0.0878 val:stage3=0.0831 layers=[0.0293, 0.0292, 0.0293]
[12:02:13] epoch=146 stage=3 gamma=[5.0, 5.0, 5.0] train=0.0882 val:stage3=0.0826 layers=[0.0295, 0.0294, 0.0294]
[12:13:39] epoch=147 stage=3 gamma=[5.0, 5.0, 5.0] train=0.0884 val:stage3=0.0828 layers=[0.0295, 0.0294, 0.0294]
[12:25:14] epoch=148 stage=3 gamma=[5.0, 5.0, 5.0] train=0.0877 val:stage3=0.0828 layers=[0.0293, 0.0292, 0.0292]
[12:36:49] epoch=149 stage=3 gamma=[5.0, 5.0, 5.0] train=0.0879 val:stage3=0.0825 layers=[0.0294, 0.0292, 0.0293]
[12:48:18] epoch=150 stage=3 gamma=[5.0, 5.0, 5.0] train=0.0873 val:stage3=0.0821 layers=[0.0292, 0.029, 0.0291]
[12:59:49] epoch=151 stage=3 gamma=[5.0, 5.0, 5.0] train=0.0871 val:stage3=0.0824 layers=[0.0291, 0.029, 0.029]
[13:11:14] epoch=152 stage=3 gamma=[5.0, 5.0, 5.0] train=0.0878 val:stage3=0.0825 layers=[0.0293, 0.0292, 0.0292]
[13:22:40] epoch=153 stage=3 gamma=[5.0, 5.0, 5.0] train=0.0874 val:stage3=0.0819 layers=[0.0292, 0.0291, 0.0291]
[13:34:07] epoch=154 stage=3 gamma=[5.0, 5.0, 5.0] train=0.0873 val:stage3=0.0818 layers=[0.0292, 0.0291, 0.0291]
[13:45:39] epoch=155 stage=3 gamma=[5.0, 5.0, 5.0] train=0.0866 val:stage3=0.0815 layers=[0.0289, 0.0288, 0.0289]
[13:57:11] epoch=156 stage=3 gamma=[5.0, 5.0, 5.0] train=0.0873 val:stage3=0.0819 layers=[0.0292, 0.029, 0.0291]
[14:08:45] epoch=157 stage=3 gamma=[5.0, 5.0, 5.0] train=0.0873 val:stage3=0.0820 layers=[0.0292, 0.029, 0.0291]
[14:20:17] epoch=158 stage=3 gamma=[5.0, 5.0, 5.0] train=0.0864 val:stage3=0.0815 layers=[0.0289, 0.0287, 0.0288]
[14:31:49] epoch=159 stage=3 gamma=[5.0, 5.0, 5.0] train=0.0869 val:stage3=0.0813 layers=[0.029, 0.0289, 0.029]
[14:43:21] epoch=160 stage=3 gamma=[5.0, 5.0, 5.0] train=0.0860 val:stage3=0.0814 layers=[0.0287, 0.0286, 0.0287]
[14:54:54] epoch=161 stage=3 gamma=[5.0, 5.0, 5.0] train=0.0861 val:stage3=0.0815 layers=[0.0288, 0.0286, 0.0287]
[15:06:25] epoch=162 stage=3 gamma=[5.0, 5.0, 5.0] train=0.0861 val:stage3=0.0811 layers=[0.0288, 0.0286, 0.0287]
[15:17:46] epoch=163 stage=3 gamma=[5.0, 5.0, 5.0] train=0.0865 val:stage3=0.0810 layers=[0.0289, 0.0288, 0.0288]
[15:29:16] epoch=164 stage=3 gamma=[5.0, 5.0, 5.0] train=0.0865 val:stage3=0.0811 layers=[0.0289, 0.0288, 0.0288]
[15:40:48] epoch=165 stage=3 gamma=[5.0, 5.0, 5.0] train=0.0863 val:stage3=0.0811 layers=[0.0288, 0.0287, 0.0287]
[15:52:21] epoch=166 stage=3 gamma=[5.0, 5.0, 5.0] train=0.0865 val:stage3=0.0812 layers=[0.0289, 0.0288, 0.0288]
[16:03:52] epoch=167 stage=3 gamma=[5.0, 5.0, 5.0] train=0.0859 val:stage3=0.0810 layers=[0.0287, 0.0286, 0.0286]
[16:15:22] epoch=168 stage=3 gamma=[5.0, 5.0, 5.0] train=0.0860 val:stage3=0.0810 layers=[0.0287, 0.0286, 0.0287]
[16:26:44] epoch=169 stage=3 gamma=[5.0, 5.0, 5.0] train=0.0862 val:stage3=0.0812 layers=[0.0288, 0.0287, 0.0287]
[16:38:18] epoch=170 stage=3 gamma=[5.0, 5.0, 5.0] train=0.0862 val:stage3=0.0810 layers=[0.0288, 0.0287, 0.0287]
[16:49:59] epoch=171 stage=3 gamma=[5.0, 5.0, 5.0] train=0.0855 val:stage3=0.0807 layers=[0.0286, 0.0285, 0.0285]
[17:01:27] epoch=172 stage=3 gamma=[5.0, 5.0, 5.0] train=0.0858 val:stage3=0.0807 layers=[0.0287, 0.0285, 0.0286]
[17:12:58] epoch=173 stage=3 gamma=[5.0, 5.0, 5.0] train=0.0859 val:stage3=0.0807 layers=[0.0287, 0.0286, 0.0286]
[17:24:25] epoch=174 stage=3 gamma=[5.0, 5.0, 5.0] train=0.0859 val:stage3=0.0806 layers=[0.0287, 0.0286, 0.0286]
[17:35:56] epoch=175 stage=3 gamma=[5.0, 5.0, 5.0] train=0.0862 val:stage3=0.0806 layers=[0.0288, 0.0287, 0.0287]
[17:47:22] epoch=176 stage=3 gamma=[5.0, 5.0, 5.0] train=0.0862 val:stage3=0.0808 layers=[0.0288, 0.0287, 0.0287]
[17:58:54] epoch=177 stage=3 gamma=[5.0, 5.0, 5.0] train=0.0856 val:stage3=0.0807 layers=[0.0286, 0.0285, 0.0285]
[18:10:24] epoch=178 stage=3 gamma=[5.0, 5.0, 5.0] train=0.0856 val:stage3=0.0804 layers=[0.0286, 0.0285, 0.0285]
[18:21:52] epoch=179 stage=3 gamma=[5.0, 5.0, 5.0] train=0.0865 val:stage3=0.0806 layers=[0.0289, 0.0288, 0.0288]
[18:33:21] epoch=180 stage=3 gamma=[5.0, 5.0, 5.0] train=0.0854 val:stage3=0.0805 layers=[0.0285, 0.0284, 0.0285]
[18:44:54] epoch=181 stage=3 gamma=[5.0, 5.0, 5.0] train=0.0853 val:stage3=0.0802 layers=[0.0285, 0.0284, 0.0284]
[18:56:25] epoch=182 stage=3 gamma=[5.0, 5.0, 5.0] train=0.0852 val:stage3=0.0801 layers=[0.0285, 0.0283, 0.0284]
[19:07:52] epoch=183 stage=3 gamma=[5.0, 5.0, 5.0] train=0.0858 val:stage3=0.0803 layers=[0.0287, 0.0285, 0.0286]
[19:19:19] epoch=184 stage=3 gamma=[5.0, 5.0, 5.0] train=0.0851 val:stage3=0.0802 layers=[0.0284, 0.0283, 0.0283]
[19:30:48] epoch=185 stage=3 gamma=[5.0, 5.0, 5.0] train=0.0855 val:stage3=0.0802 layers=[0.0286, 0.0284, 0.0285]
[19:42:21] epoch=186 stage=3 gamma=[5.0, 5.0, 5.0] train=0.0851 val:stage3=0.0802 layers=[0.0284, 0.0283, 0.0283]
[19:53:54] epoch=187 stage=3 gamma=[5.0, 5.0, 5.0] train=0.0849 val:stage3=0.0800 layers=[0.0284, 0.0282, 0.0283]
[20:05:27] epoch=188 stage=3 gamma=[5.0, 5.0, 5.0] train=0.0851 val:stage3=0.0801 layers=[0.0284, 0.0283, 0.0284]
[20:16:54] epoch=189 stage=3 gamma=[5.0, 5.0, 5.0] train=0.0850 val:stage3=0.0799 layers=[0.0284, 0.0283, 0.0283]
[20:28:27] epoch=190 stage=3 gamma=[5.0, 5.0, 5.0] train=0.0850 val:stage3=0.0800 layers=[0.0284, 0.0283, 0.0283]
[20:39:58] epoch=191 stage=3 gamma=[5.0, 5.0, 5.0] train=0.0848 val:stage3=0.0799 layers=[0.0283, 0.0282, 0.0283]
[20:51:22] epoch=192 stage=3 gamma=[5.0, 5.0, 5.0] train=0.0857 val:stage3=0.0800 layers=[0.0286, 0.0285, 0.0286]
[21:02:58] epoch=193 stage=3 gamma=[5.0, 5.0, 5.0] train=0.0847 val:stage3=0.0802 layers=[0.0283, 0.0282, 0.0282]
[21:14:26] epoch=194 stage=3 gamma=[5.0, 5.0, 5.0] train=0.0852 val:stage3=0.0801 layers=[0.0285, 0.0283, 0.0284]
[21:26:02] epoch=195 stage=3 gamma=[5.0, 5.0, 5.0] train=0.0849 val:stage3=0.0801 layers=[0.0284, 0.0282, 0.0283]
[21:37:34] epoch=196 stage=3 gamma=[5.0, 5.0, 5.0] train=0.0847 val:stage3=0.0798 layers=[0.0283, 0.0282, 0.0282]
[21:49:02] epoch=197 stage=3 gamma=[5.0, 5.0, 5.0] train=0.0853 val:stage3=0.0797 layers=[0.0285, 0.0284, 0.0284]
[22:00:34] epoch=198 stage=3 gamma=[5.0, 5.0, 5.0] train=0.0848 val:stage3=0.0796 layers=[0.0283, 0.0282, 0.0282]
[22:12:01] epoch=199 stage=3 gamma=[5.0, 5.0, 5.0] train=0.0850 val:stage3=0.0797 layers=[0.0284, 0.0283, 0.0283]
[22:23:30] epoch=200 stage=3 gamma=[5.0, 5.0, 5.0] train=0.0851 val:stage3=0.0796 layers=[0.0284, 0.0283, 0.0284]
[22:35:04] epoch=201 stage=3 gamma=[5.0, 5.0, 5.0] train=0.0848 val:stage3=0.0796 layers=[0.0283, 0.0282, 0.0283]
[22:46:35] epoch=202 stage=3 gamma=[5.0, 5.0, 5.0] train=0.0844 val:stage3=0.0795 layers=[0.0282, 0.0281, 0.0281]
[22:58:12] epoch=203 stage=3 gamma=[5.0, 5.0, 5.0] train=0.0849 val:stage3=0.0794 layers=[0.0284, 0.0282, 0.0283]
[23:09:42] epoch=204 stage=3 gamma=[5.0, 5.0, 5.0] train=0.0850 val:stage3=0.0793 layers=[0.0284, 0.0283, 0.0283]
[23:21:07] epoch=205 stage=3 gamma=[5.0, 5.0, 5.0] train=0.0846 val:stage3=0.0795 layers=[0.0283, 0.0281, 0.0282]
[23:32:39] epoch=206 stage=3 gamma=[5.0, 5.0, 5.0] train=0.0845 val:stage3=0.0793 layers=[0.0282, 0.0281, 0.0282]
[23:44:11] epoch=207 stage=3 gamma=[5.0, 5.0, 5.0] train=0.0845 val:stage3=0.0796 layers=[0.0282, 0.0281, 0.0282]
[23:55:41] epoch=208 stage=3 gamma=[5.0, 5.0, 5.0] train=0.0847 val:stage3=0.0794 layers=[0.0283, 0.0282, 0.0282]
[00:07:13] epoch=209 stage=3 gamma=[5.0, 5.0, 5.0] train=0.0839 val:stage3=0.0792 layers=[0.0281, 0.0279, 0.028]
[00:18:43] epoch=210 stage=3 gamma=[5.0, 5.0, 5.0] train=0.0847 val:stage3=0.0796 layers=[0.0283, 0.0282, 0.0282]
[00:30:11] epoch=211 stage=3 gamma=[5.0, 5.0, 5.0] train=0.0841 val:stage3=0.0794 layers=[0.0281, 0.028, 0.028]
[00:41:40] epoch=212 stage=3 gamma=[5.0, 5.0, 5.0] train=0.0844 val:stage3=0.0794 layers=[0.0282, 0.0281, 0.0281]
[00:53:08] epoch=213 stage=3 gamma=[5.0, 5.0, 5.0] train=0.0842 val:stage3=0.0792 layers=[0.0281, 0.028, 0.0281]
[01:04:39] epoch=214 stage=3 gamma=[5.0, 5.0, 5.0] train=0.0843 val:stage3=0.0790 layers=[0.0282, 0.028, 0.0281]
[01:16:07] epoch=215 stage=3 gamma=[5.0, 5.0, 5.0] train=0.0844 val:stage3=0.0793 layers=[0.0282, 0.0281, 0.0281]
[01:27:44] epoch=216 stage=3 gamma=[5.0, 5.0, 5.0] train=0.0846 val:stage3=0.0793 layers=[0.0283, 0.0282, 0.0282]
[01:39:16] epoch=217 stage=3 gamma=[5.0, 5.0, 5.0] train=0.0843 val:stage3=0.0791 layers=[0.0282, 0.028, 0.0281]
[01:50:43] epoch=218 stage=3 gamma=[5.0, 5.0, 5.0] train=0.0841 val:stage3=0.0791 layers=[0.0281, 0.028, 0.028]
[02:02:15] epoch=219 stage=3 gamma=[5.0, 5.0, 5.0] train=0.0846 val:stage3=0.0791 layers=[0.0283, 0.0281, 0.0282]
[02:13:47] epoch=220 stage=3 gamma=[5.0, 5.0, 5.0] train=0.0838 val:stage3=0.0789 layers=[0.028, 0.0279, 0.0279]
[02:25:14] epoch=221 stage=3 gamma=[5.0, 5.0, 5.0] train=0.0844 val:stage3=0.0791 layers=[0.0282, 0.0281, 0.0281]
[02:36:41] epoch=222 stage=3 gamma=[5.0, 5.0, 5.0] train=0.0835 val:stage3=0.0791 layers=[0.0279, 0.0278, 0.0278]
[02:48:15] epoch=223 stage=3 gamma=[5.0, 5.0, 5.0] train=0.0848 val:stage3=0.0790 layers=[0.0283, 0.0282, 0.0282]
[02:59:47] epoch=224 stage=3 gamma=[5.0, 5.0, 5.0] train=0.0841 val:stage3=0.0790 layers=[0.0281, 0.028, 0.028]
[03:11:17] epoch=225 stage=3 gamma=[5.0, 5.0, 5.0] train=0.0832 val:stage3=0.0791 layers=[0.0278, 0.0277, 0.0277]
[03:22:52] epoch=226 stage=3 gamma=[5.0, 5.0, 5.0] train=0.0836 val:stage3=0.0791 layers=[0.0279, 0.0278, 0.0279]
[03:34:25] epoch=227 stage=3 gamma=[5.0, 5.0, 5.0] train=0.0839 val:stage3=0.0790 layers=[0.028, 0.0279, 0.028]
[03:45:54] epoch=228 stage=3 gamma=[5.0, 5.0, 5.0] train=0.0836 val:stage3=0.0789 layers=[0.0279, 0.0278, 0.0278]
[03:57:19] epoch=229 stage=3 gamma=[5.0, 5.0, 5.0] train=0.0838 val:stage3=0.0790 layers=[0.028, 0.0279, 0.0279]
[04:08:49] epoch=230 stage=3 gamma=[5.0, 5.0, 5.0] train=0.0837 val:stage3=0.0789 layers=[0.028, 0.0278, 0.0279]
[04:20:20] epoch=231 stage=3 gamma=[5.0, 5.0, 5.0] train=0.0846 val:stage3=0.0790 layers=[0.0283, 0.0282, 0.0282]
[04:31:50] epoch=232 stage=3 gamma=[5.0, 5.0, 5.0] train=0.0842 val:stage3=0.0789 layers=[0.0281, 0.028, 0.028]
[04:43:18] epoch=233 stage=3 gamma=[5.0, 5.0, 5.0] train=0.0838 val:stage3=0.0789 layers=[0.028, 0.0279, 0.0279]
[04:54:45] epoch=234 stage=3 gamma=[5.0, 5.0, 5.0] train=0.0841 val:stage3=0.0789 layers=[0.0281, 0.028, 0.028]
[05:06:19] epoch=235 stage=3 gamma=[5.0, 5.0, 5.0] train=0.0839 val:stage3=0.0788 layers=[0.028, 0.0279, 0.0279]
[05:17:51] epoch=236 stage=3 gamma=[5.0, 5.0, 5.0] train=0.0839 val:stage3=0.0790 layers=[0.028, 0.0279, 0.0279]
[05:29:17] epoch=237 stage=3 gamma=[5.0, 5.0, 5.0] train=0.0835 val:stage3=0.0788 layers=[0.0279, 0.0278, 0.0278]
[05:40:46] epoch=238 stage=3 gamma=[5.0, 5.0, 5.0] train=0.0839 val:stage3=0.0787 layers=[0.028, 0.0279, 0.028]
[05:52:15] epoch=239 stage=3 gamma=[5.0, 5.0, 5.0] train=0.0839 val:stage3=0.0788 layers=[0.028, 0.0279, 0.0279]
[06:03:45] epoch=240 stage=3 gamma=[5.0, 5.0, 5.0] train=0.0837 val:stage3=0.0789 layers=[0.028, 0.0279, 0.0279]
[06:15:09] epoch=241 stage=3 gamma=[5.0, 5.0, 5.0] train=0.0843 val:stage3=0.0788 layers=[0.0282, 0.0281, 0.0281]
[06:26:42] epoch=242 stage=3 gamma=[5.0, 5.0, 5.0] train=0.0834 val:stage3=0.0787 layers=[0.0279, 0.0277, 0.0278]
[06:38:09] epoch=243 stage=3 gamma=[5.0, 5.0, 5.0] train=0.0841 val:stage3=0.0786 layers=[0.0281, 0.028, 0.028]
[06:49:42] epoch=244 stage=3 gamma=[5.0, 5.0, 5.0] train=0.0836 val:stage3=0.0787 layers=[0.0279, 0.0278, 0.0278]
[07:01:14] epoch=245 stage=3 gamma=[5.0, 5.0, 5.0] train=0.0841 val:stage3=0.0787 layers=[0.0281, 0.028, 0.028]
[07:12:49] epoch=246 stage=3 gamma=[5.0, 5.0, 5.0] train=0.0839 val:stage3=0.0786 layers=[0.028, 0.0279, 0.028]
[07:24:20] epoch=247 stage=3 gamma=[5.0, 5.0, 5.0] train=0.0839 val:stage3=0.0786 layers=[0.028, 0.0279, 0.028]
[07:35:50] epoch=248 stage=3 gamma=[5.0, 5.0, 5.0] train=0.0839 val:stage3=0.0786 layers=[0.028, 0.0279, 0.028]
[07:47:25] epoch=249 stage=3 gamma=[5.0, 5.0, 5.0] train=0.0841 val:stage3=0.0785 layers=[0.0281, 0.028, 0.028]
[07:58:55] epoch=250 stage=3 gamma=[5.0, 5.0, 5.0] train=0.0837 val:stage3=0.0786 layers=[0.028, 0.0278, 0.0279]
[08:10:20] epoch=251 stage=3 gamma=[5.0, 5.0, 5.0] train=0.0834 val:stage3=0.0786 layers=[0.0279, 0.0278, 0.0278]
[08:21:49] epoch=252 stage=3 gamma=[5.0, 5.0, 5.0] train=0.0840 val:stage3=0.0786 layers=[0.0281, 0.0279, 0.028]
[08:33:19] epoch=253 stage=3 gamma=[5.0, 5.0, 5.0] train=0.0836 val:stage3=0.0786 layers=[0.0279, 0.0278, 0.0278]
[08:44:49] epoch=254 stage=3 gamma=[5.0, 5.0, 5.0] train=0.0836 val:stage3=0.0786 layers=[0.0279, 0.0278, 0.0278]
[08:56:18] epoch=255 stage=3 gamma=[5.0, 5.0, 5.0] train=0.0835 val:stage3=0.0786 layers=[0.0279, 0.0278, 0.0278]
[09:07:47] epoch=256 stage=3 gamma=[5.0, 5.0, 5.0] train=0.0835 val:stage3=0.0786 layers=[0.0279, 0.0278, 0.0278]
[09:19:19] epoch=257 stage=3 gamma=[5.0, 5.0, 5.0] train=0.0837 val:stage3=0.0786 layers=[0.028, 0.0278, 0.0279]
[09:30:47] epoch=258 stage=3 gamma=[5.0, 5.0, 5.0] train=0.0836 val:stage3=0.0785 layers=[0.0279, 0.0278, 0.0279]
[09:42:17] epoch=259 stage=3 gamma=[5.0, 5.0, 5.0] train=0.0836 val:stage3=0.0785 layers=[0.0279, 0.0278, 0.0279]
[09:53:52] epoch=260 stage=3 gamma=[5.0, 5.0, 5.0] train=0.0835 val:stage3=0.0785 layers=[0.0279, 0.0278, 0.0278]
[10:05:26] epoch=261 stage=3 gamma=[5.0, 5.0, 5.0] train=0.0834 val:stage3=0.0785 layers=[0.0279, 0.0277, 0.0278]
[10:16:57] epoch=262 stage=3 gamma=[5.0, 5.0, 5.0] train=0.0838 val:stage3=0.0785 layers=[0.028, 0.0279, 0.0279]
[10:28:25] epoch=263 stage=3 gamma=[5.0, 5.0, 5.0] train=0.0835 val:stage3=0.0785 layers=[0.0279, 0.0278, 0.0278]
[10:39:55] epoch=264 stage=3 gamma=[5.0, 5.0, 5.0] train=0.0835 val:stage3=0.0785 layers=[0.0279, 0.0278, 0.0278]
[10:51:26] epoch=265 stage=3 gamma=[5.0, 5.0, 5.0] train=0.0840 val:stage3=0.0786 layers=[0.0281, 0.0279, 0.028]
[11:02:57] epoch=266 stage=3 gamma=[5.0, 5.0, 5.0] train=0.0842 val:stage3=0.0785 layers=[0.0281, 0.028, 0.0281]
[11:14:26] epoch=267 stage=3 gamma=[5.0, 5.0, 5.0] train=0.0838 val:stage3=0.0785 layers=[0.028, 0.0279, 0.0279]
[11:26:00] epoch=268 stage=3 gamma=[5.0, 5.0, 5.0] train=0.0836 val:stage3=0.0785 layers=[0.0279, 0.0278, 0.0279]
[11:37:28] epoch=269 stage=3 gamma=[5.0, 5.0, 5.0] train=0.0837 val:stage3=0.0785 layers=[0.028, 0.0279, 0.0279]
[11:48:59] epoch=270 stage=3 gamma=[5.0, 5.0, 5.0] train=0.0833 val:stage3=0.0785 layers=[0.0279, 0.0277, 0.0278]
[12:00:27] epoch=271 stage=3 gamma=[5.0, 5.0, 5.0] train=0.0824 val:stage3=0.0785 layers=[0.0275, 0.0274, 0.0275]
[12:11:59] epoch=272 stage=3 gamma=[5.0, 5.0, 5.0] train=0.0837 val:stage3=0.0784 layers=[0.028, 0.0278, 0.0279]
[12:23:32] epoch=273 stage=3 gamma=[5.0, 5.0, 5.0] train=0.0836 val:stage3=0.0786 layers=[0.0279, 0.0278, 0.0279]
[12:35:03] epoch=274 stage=3 gamma=[5.0, 5.0, 5.0] train=0.0838 val:stage3=0.0785 layers=[0.028, 0.0279, 0.0279]
[12:46:32] epoch=275 stage=3 gamma=[5.0, 5.0, 5.0] train=0.0835 val:stage3=0.0785 layers=[0.0279, 0.0278, 0.0278]
[12:58:01] epoch=276 stage=3 gamma=[5.0, 5.0, 5.0] train=0.0838 val:stage3=0.0786 layers=[0.028, 0.0279, 0.0279]
[13:09:34] epoch=277 stage=3 gamma=[5.0, 5.0, 5.0] train=0.0839 val:stage3=0.0785 layers=[0.028, 0.0279, 0.028]
[13:21:05] epoch=278 stage=3 gamma=[5.0, 5.0, 5.0] train=0.0846 val:stage3=0.0785 layers=[0.0283, 0.0282, 0.0282]
[13:32:33] epoch=279 stage=3 gamma=[5.0, 5.0, 5.0] train=0.0833 val:stage3=0.0785 layers=[0.0278, 0.0277, 0.0278]
[13:43:58] epoch=280 stage=3 gamma=[5.0, 5.0, 5.0] train=0.0835 val:stage3=0.0785 layers=[0.0279, 0.0278, 0.0278]
[13:55:34] epoch=281 stage=3 gamma=[5.0, 5.0, 5.0] train=0.0832 val:stage3=0.0784 layers=[0.0278, 0.0277, 0.0277]
[14:07:04] epoch=282 stage=3 gamma=[5.0, 5.0, 5.0] train=0.0833 val:stage3=0.0785 layers=[0.0278, 0.0277, 0.0277]
[14:18:31] epoch=283 stage=3 gamma=[5.0, 5.0, 5.0] train=0.0839 val:stage3=0.0785 layers=[0.028, 0.0279, 0.028]
[14:30:05] epoch=284 stage=3 gamma=[5.0, 5.0, 5.0] train=0.0833 val:stage3=0.0785 layers=[0.0278, 0.0277, 0.0278]
[14:41:38] epoch=285 stage=3 gamma=[5.0, 5.0, 5.0] train=0.0833 val:stage3=0.0785 layers=[0.0278, 0.0277, 0.0277]
[14:53:05] epoch=286 stage=3 gamma=[5.0, 5.0, 5.0] train=0.0834 val:stage3=0.0785 layers=[0.0279, 0.0277, 0.0278]
[15:04:38] epoch=287 stage=3 gamma=[5.0, 5.0, 5.0] train=0.0832 val:stage3=0.0785 layers=[0.0278, 0.0277, 0.0277]
[15:16:05] epoch=288 stage=3 gamma=[5.0, 5.0, 5.0] train=0.0839 val:stage3=0.0785 layers=[0.028, 0.0279, 0.0279]
[15:27:31] epoch=289 stage=3 gamma=[5.0, 5.0, 5.0] train=0.0834 val:stage3=0.0784 layers=[0.0279, 0.0278, 0.0278]
[15:38:58] epoch=290 stage=3 gamma=[5.0, 5.0, 5.0] train=0.0838 val:stage3=0.0785 layers=[0.028, 0.0279, 0.0279]
[15:50:26] epoch=291 stage=3 gamma=[5.0, 5.0, 5.0] train=0.0835 val:stage3=0.0784 layers=[0.0279, 0.0278, 0.0278]
[16:01:53] epoch=292 stage=3 gamma=[5.0, 5.0, 5.0] train=0.0833 val:stage3=0.0785 layers=[0.0278, 0.0277, 0.0277]
[16:13:22] epoch=293 stage=3 gamma=[5.0, 5.0, 5.0] train=0.0835 val:stage3=0.0785 layers=[0.0279, 0.0278, 0.0278]
[16:24:51] epoch=294 stage=3 gamma=[5.0, 5.0, 5.0] train=0.0835 val:stage3=0.0785 layers=[0.0279, 0.0278, 0.0278]
[16:36:25] epoch=295 stage=3 gamma=[5.0, 5.0, 5.0] train=0.0832 val:stage3=0.0785 layers=[0.0278, 0.0277, 0.0277]
[16:48:02] epoch=296 stage=3 gamma=[5.0, 5.0, 5.0] train=0.0833 val:stage3=0.0784 layers=[0.0278, 0.0277, 0.0278]
[16:59:27] epoch=297 stage=3 gamma=[5.0, 5.0, 5.0] train=0.0834 val:stage3=0.0785 layers=[0.0279, 0.0277, 0.0278]
[17:10:53] epoch=298 stage=3 gamma=[5.0, 5.0, 5.0] train=0.0836 val:stage3=0.0785 layers=[0.0279, 0.0278, 0.0279]
[17:22:24] epoch=299 stage=3 gamma=[5.0, 5.0, 5.0] train=0.0832 val:stage3=0.0784 layers=[0.0278, 0.0277, 0.0277]
[17:33:59] epoch=300 stage=3 gamma=[5.0, 5.0, 5.0] train=0.0835 val:stage3=0.0784 layers=[0.0279, 0.0278, 0.0278]
=== attempt=1 exited rc=0 at 2026-07-22T17:34:00+09:00 ===
training completed successfully.
end_time=2026-07-22T17:34:00+09:00
