job_id=8209
job_name=agg_rl_PM_permutefix_20260714
hostname=node01
start_time=2026-07-15T10:14:22+09:00
cuda_visible_devices=0
slurm_cpus_per_task=16
slurm_mem_per_node=49152
Wed Jul 15 10:14:22 2026       
+-----------------------------------------------------------------------------------------+
| NVIDIA-SMI 570.124.06             Driver Version: 570.124.06     CUDA Version: 12.8     |
|-----------------------------------------+------------------------+----------------------+
| GPU  Name                 Persistence-M | Bus-Id          Disp.A | Volatile Uncorr. ECC |
| Fan  Temp   Perf          Pwr:Usage/Cap |           Memory-Usage | GPU-Util  Compute M. |
|                                         |                        |               MIG M. |
|=========================================+========================+======================|
|   0  NVIDIA GeForce RTX 3090        On  |   00000000:65:00.0 Off |                  N/A |
| 40%   28C    P8             18W /  345W |       2MiB /  24576MiB |      0%      Default |
|                                         |                        |                  N/A |
+-----------------------------------------+------------------------+----------------------+
                                                                                         
+-----------------------------------------------------------------------------------------+
| Processes:                                                                              |
|  GPU   GI   CI              PID   Type   Process name                        GPU Memory |
|        ID   ID                                                               Usage      |
|=========================================================================================|
|  No running processes found                                                             |
+-----------------------------------------------------------------------------------------+
launch_command=bash scripts/train_model.sh 
=== train attempt=1/200 at 2026-07-15T10:14:24+09:00 ===
repo_root=/home/s2021102349/Audio-Geometry-Grid_Representation-Learning
run_name=agg_rl_PM_permutefix_20260714
save_dir=/home/s2021102349/Audio-Geometry-Grid_Representation-Learning/checkpoints/agg_rl_PM_permutefix_20260714
log_file=/home/s2021102349/Audio-Geometry-Grid_Representation-Learning/data/train_runs/agg_rl_PM_permutefix_20260714/train.log
mpe_type=PM
start_time=2026-07-15T10:14:24+09:00
command=python train.py --librispeech_train /home/s2021102349/Audio-Geometry-Grid_Representation-Learning/datasets/librispeech/LibriSpeech/train-clean-100 --librispeech_val /home/s2021102349/Audio-Geometry-Grid_Representation-Learning/datasets/librispeech/LibriSpeech/test-clean --ms_snsd_train /home/s2021102349/Audio-Geometry-Grid_Representation-Learning/datasets/ms-snsd/MS-SNSD/noise_train --ms_snsd_val /home/s2021102349/Audio-Geometry-Grid_Representation-Learning/datasets/ms-snsd/MS-SNSD/noise_test --mpe_type PM --save_dir /home/s2021102349/Audio-Geometry-Grid_Representation-Learning/checkpoints/agg_rl_PM_permutefix_20260714 --batch_size 16 --num_workers 16 --prefetch_factor 1 --log_interval 0 --train_samples_per_epoch 28800 --fixed_suite_samples 2000 --dynamic_samples_per_channel 300 --seed 42 
device=cuda
model=AGG_RL(PM) params=2,788,836
train_speech=28539 train_noise=128
[10:20:42] epoch=001 stage=1 gamma=[32.0, 12.0, 5.0] train=1.1109 val:stage1=1.0631 layers=[0.7942, 0.2503, 0.0665]
[10:26:56] epoch=002 stage=1 gamma=[32.0, 12.0, 5.0] train=1.0720 val:stage1=1.0505 layers=[0.7684, 0.24, 0.0636]
[10:33:09] epoch=003 stage=1 gamma=[32.0, 12.0, 5.0] train=1.0633 val:stage1=1.0409 layers=[0.7623, 0.2379, 0.0632]
[10:39:21] epoch=004 stage=1 gamma=[32.0, 12.0, 5.0] train=1.0577 val:stage1=1.0399 layers=[0.7589, 0.2361, 0.0627]
[10:45:33] epoch=005 stage=1 gamma=[32.0, 12.0, 5.0] train=1.0560 val:stage1=1.0310 layers=[0.7572, 0.236, 0.0628]
[10:51:44] epoch=006 stage=1 gamma=[32.0, 12.0, 5.0] train=1.0486 val:stage1=1.0298 layers=[0.7527, 0.2337, 0.0622]
[10:57:54] epoch=007 stage=1 gamma=[32.0, 12.0, 5.0] train=1.0479 val:stage1=1.0330 layers=[0.7522, 0.2335, 0.0622]
[11:04:02] epoch=008 stage=1 gamma=[32.0, 12.0, 5.0] train=1.0463 val:stage1=1.0253 layers=[0.7511, 0.2331, 0.0621]
[11:10:10] epoch=009 stage=1 gamma=[32.0, 12.0, 5.0] train=1.0440 val:stage1=1.0234 layers=[0.7496, 0.2324, 0.0619]
[11:16:20] epoch=010 stage=1 gamma=[32.0, 12.0, 5.0] train=1.0426 val:stage1=1.0257 layers=[0.7486, 0.2321, 0.0619]
[11:30:47] epoch=011 stage=2 gamma=[32.0, 12.0, 5.0] train=1.0589 val:stage2=1.0440 layers=[0.7594, 0.2367, 0.0629]
[11:45:15] epoch=012 stage=2 gamma=[32.0, 12.0, 5.0] train=1.0528 val:stage2=1.0412 layers=[0.7549, 0.2353, 0.0626]
[11:59:44] epoch=013 stage=2 gamma=[32.0, 12.0, 5.0] train=1.0484 val:stage2=1.0342 layers=[0.7522, 0.2339, 0.0623]
[12:14:12] epoch=014 stage=2 gamma=[32.0, 12.0, 5.0] train=1.0480 val:stage2=1.0375 layers=[0.7518, 0.2339, 0.0623]
[12:28:42] epoch=015 stage=2 gamma=[32.0, 12.0, 5.0] train=1.0462 val:stage2=1.0290 layers=[0.7506, 0.2334, 0.0622]
[12:43:13] epoch=016 stage=2 gamma=[32.0, 12.0, 5.0] train=1.0419 val:stage2=1.0267 layers=[0.7477, 0.2323, 0.062]
[12:57:36] epoch=017 stage=2 gamma=[32.0, 12.0, 5.0] train=1.0401 val:stage2=1.0264 layers=[0.7466, 0.2317, 0.0618]
[13:12:01] epoch=018 stage=2 gamma=[32.0, 12.0, 5.0] train=1.0386 val:stage2=1.0223 layers=[0.7456, 0.2312, 0.0617]
[13:26:26] epoch=019 stage=2 gamma=[32.0, 12.0, 5.0] train=1.0354 val:stage2=1.0212 layers=[0.7437, 0.2303, 0.0614]
[13:40:51] epoch=020 stage=2 gamma=[32.0, 12.0, 5.0] train=1.0350 val:stage2=1.0205 layers=[0.7434, 0.2301, 0.0614]
[14:05:41] epoch=021 stage=3 gamma=[32.0, 12.0, 5.0] train=1.0293 val:stage3=1.0069 layers=[0.7391, 0.2289, 0.0612]
[14:31:03] epoch=022 stage=3 gamma=[32.0, 12.0, 5.0] train=1.0261 val:stage3=1.0095 layers=[0.7372, 0.2279, 0.061]
[14:56:01] epoch=023 stage=3 gamma=[32.0, 12.0, 5.0] train=1.0210 val:stage3=1.0018 layers=[0.7342, 0.2262, 0.0607]
[15:21:32] epoch=024 stage=3 gamma=[32.0, 12.0, 5.0] train=1.0194 val:stage3=0.9996 layers=[0.7333, 0.2255, 0.0605]
[15:46:29] epoch=025 stage=3 gamma=[32.0, 12.0, 5.0] train=1.0164 val:stage3=0.9993 layers=[0.7317, 0.2243, 0.0603]
[16:11:41] epoch=026 stage=3 gamma=[32.0, 12.0, 5.0] train=1.0136 val:stage3=0.9953 layers=[0.7305, 0.2231, 0.0599]
[16:36:42] epoch=027 stage=3 gamma=[32.0, 12.0, 5.0] train=1.0109 val:stage3=0.9951 layers=[0.7287, 0.2224, 0.0597]
[17:02:01] epoch=028 stage=3 gamma=[32.0, 12.0, 5.0] train=1.0093 val:stage3=0.9908 layers=[0.728, 0.2218, 0.0596]
[17:27:27] epoch=029 stage=3 gamma=[32.0, 12.0, 5.0] train=1.0078 val:stage3=0.9899 layers=[0.7271, 0.2212, 0.0594]
[17:52:31] epoch=030 stage=3 gamma=[32.0, 12.0, 5.0] train=1.0061 val:stage3=0.9866 layers=[0.726, 0.2208, 0.0594]
[18:17:52] epoch=031 stage=3 gamma=[32.0, 12.0, 5.0] train=1.0049 val:stage3=0.9889 layers=[0.7257, 0.2201, 0.0591]
[18:43:18] epoch=032 stage=3 gamma=[32.0, 12.0, 5.0] train=1.0047 val:stage3=0.9851 layers=[0.7253, 0.2202, 0.0592]
[19:08:34] epoch=033 stage=3 gamma=[32.0, 12.0, 5.0] train=1.0026 val:stage3=0.9872 layers=[0.7241, 0.2195, 0.059]
[19:33:40] epoch=034 stage=3 gamma=[32.0, 12.0, 5.0] train=1.0040 val:stage3=0.9843 layers=[0.7249, 0.22, 0.0592]
[19:58:37] epoch=035 stage=3 gamma=[32.0, 12.0, 5.0] train=1.0022 val:stage3=0.9825 layers=[0.7239, 0.2193, 0.059]
[20:23:51] epoch=036 stage=3 gamma=[30.92, 11.72, 5.0] train=0.9739 val:stage3=0.9581 layers=[0.7029, 0.212, 0.0589]
[20:49:17] epoch=037 stage=3 gamma=[29.84, 11.44, 5.0] train=0.9420 val:stage3=0.9254 layers=[0.679, 0.2042, 0.0588]
[21:14:55] epoch=038 stage=3 gamma=[28.76, 11.16, 5.0] train=0.9105 val:stage3=0.8912 layers=[0.6552, 0.1967, 0.0586]
[21:40:02] epoch=039 stage=3 gamma=[27.68, 10.88, 5.0] train=0.8784 val:stage3=0.8592 layers=[0.63, 0.1897, 0.0587]
[22:05:19] epoch=040 stage=3 gamma=[26.6, 10.6, 5.0] train=0.8436 val:stage3=0.8286 layers=[0.6032, 0.182, 0.0585]
[22:30:34] epoch=041 stage=3 gamma=[25.52, 10.32, 5.0] train=0.8104 val:stage3=0.7967 layers=[0.5769, 0.1751, 0.0585]
[22:56:12] epoch=042 stage=3 gamma=[24.44, 10.04, 5.0] train=0.7762 val:stage3=0.7613 layers=[0.5496, 0.1682, 0.0585]
[23:21:36] epoch=043 stage=3 gamma=[23.36, 9.76, 5.0] train=0.7395 val:stage3=0.7252 layers=[0.5204, 0.1608, 0.0583]
[23:46:50] epoch=044 stage=3 gamma=[22.28, 9.48, 5.0] train=0.7081 val:stage3=0.6920 layers=[0.4945, 0.155, 0.0586]
[00:11:56] epoch=045 stage=3 gamma=[21.2, 9.2, 5.0] train=0.6713 val:stage3=0.6577 layers=[0.4648, 0.148, 0.0585]
[00:36:56] epoch=046 stage=3 gamma=[20.12, 8.92, 5.0] train=0.6321 val:stage3=0.6176 layers=[0.4331, 0.1407, 0.0582]
[01:02:11] epoch=047 stage=3 gamma=[19.04, 8.64, 5.0] train=0.5962 val:stage3=0.5820 layers=[0.4037, 0.1342, 0.0582]
[01:27:26] epoch=048 stage=3 gamma=[17.96, 8.36, 5.0] train=0.5600 val:stage3=0.5452 layers=[0.3741, 0.1276, 0.0582]
[01:52:26] epoch=049 stage=3 gamma=[16.88, 8.08, 5.0] train=0.5222 val:stage3=0.5134 layers=[0.3435, 0.1207, 0.058]
[02:17:30] epoch=050 stage=3 gamma=[15.8, 7.8, 5.0] train=0.4869 val:stage3=0.4772 layers=[0.3144, 0.1145, 0.058]
[02:43:02] epoch=051 stage=3 gamma=[14.72, 7.52, 5.0] train=0.4517 val:stage3=0.4422 layers=[0.2854, 0.1083, 0.058]
[03:08:11] epoch=052 stage=3 gamma=[13.64, 7.24, 5.0] train=0.4165 val:stage3=0.4084 layers=[0.2566, 0.1021, 0.0579]
[03:33:31] epoch=053 stage=3 gamma=[12.56, 6.96, 5.0] train=0.3830 val:stage3=0.3746 layers=[0.2287, 0.0963, 0.0579]
[03:58:56] epoch=054 stage=3 gamma=[11.48, 6.68, 5.0] train=0.3487 val:stage3=0.3418 layers=[0.2007, 0.0902, 0.0578]
[04:24:18] epoch=055 stage=3 gamma=[10.4, 6.4, 5.0] train=0.3170 val:stage3=0.3085 layers=[0.1745, 0.0846, 0.0579]
[04:49:40] epoch=056 stage=3 gamma=[9.32, 6.12, 5.0] train=0.2853 val:stage3=0.2778 layers=[0.1486, 0.0789, 0.0578]
[05:14:51] epoch=057 stage=3 gamma=[8.24, 5.84, 5.0] train=0.2551 val:stage3=0.2496 layers=[0.1239, 0.0735, 0.0577]
[05:40:25] epoch=058 stage=3 gamma=[7.16, 5.56, 5.0] train=0.2253 val:stage3=0.2202 layers=[0.0999, 0.0678, 0.0575]
[06:05:40] epoch=059 stage=3 gamma=[6.08, 5.28, 5.0] train=0.1984 val:stage3=0.1936 layers=[0.078, 0.0628, 0.0577]
[06:31:15] epoch=060 stage=3 gamma=[5.0, 5.0, 5.0] train=0.1725 val:stage3=0.1673 layers=[0.0574, 0.0575, 0.0576]
[06:56:50] epoch=061 stage=3 gamma=[5.0, 5.0, 5.0] train=0.1725 val:stage3=0.1689 layers=[0.0574, 0.0575, 0.0575]
[07:21:56] epoch=062 stage=3 gamma=[5.0, 5.0, 5.0] train=0.1727 val:stage3=0.1671 layers=[0.0575, 0.0576, 0.0576]
[07:47:18] epoch=063 stage=3 gamma=[5.0, 5.0, 5.0] train=0.1724 val:stage3=0.1670 layers=[0.0574, 0.0575, 0.0575]
[08:12:34] epoch=064 stage=3 gamma=[5.0, 5.0, 5.0] train=0.1725 val:stage3=0.1688 layers=[0.0575, 0.0575, 0.0576]
[08:37:59] epoch=065 stage=3 gamma=[5.0, 5.0, 5.0] train=0.1724 val:stage3=0.1674 layers=[0.0574, 0.0575, 0.0575]
[09:03:28] epoch=066 stage=3 gamma=[5.0, 5.0, 5.0] train=0.1718 val:stage3=0.1669 layers=[0.0572, 0.0573, 0.0573]
[09:28:38] epoch=067 stage=3 gamma=[5.0, 5.0, 5.0] train=0.1723 val:stage3=0.1675 layers=[0.0574, 0.0574, 0.0574]
[09:53:51] epoch=068 stage=3 gamma=[5.0, 5.0, 5.0] train=0.1712 val:stage3=0.1670 layers=[0.057, 0.0571, 0.0571]
[10:18:51] epoch=069 stage=3 gamma=[5.0, 5.0, 5.0] train=0.1719 val:stage3=0.1669 layers=[0.0573, 0.0573, 0.0573]
[10:43:49] epoch=070 stage=3 gamma=[5.0, 5.0, 5.0] train=0.1711 val:stage3=0.1667 layers=[0.057, 0.057, 0.0571]
[11:08:50] epoch=071 stage=3 gamma=[5.0, 5.0, 5.0] train=0.1709 val:stage3=0.1663 layers=[0.0569, 0.057, 0.057]
[11:33:53] epoch=072 stage=3 gamma=[5.0, 5.0, 5.0] train=0.1713 val:stage3=0.1673 layers=[0.057, 0.0571, 0.0571]
[11:59:13] epoch=073 stage=3 gamma=[5.0, 5.0, 5.0] train=0.1710 val:stage3=0.1676 layers=[0.057, 0.057, 0.057]
[12:24:33] epoch=074 stage=3 gamma=[5.0, 5.0, 5.0] train=0.1702 val:stage3=0.1661 layers=[0.0567, 0.0567, 0.0568]
[12:49:42] epoch=075 stage=3 gamma=[5.0, 5.0, 5.0] train=0.1706 val:stage3=0.1661 layers=[0.0568, 0.0569, 0.0569]
[13:15:15] epoch=076 stage=3 gamma=[5.0, 5.0, 5.0] train=0.1700 val:stage3=0.1653 layers=[0.0566, 0.0567, 0.0567]
[13:40:11] epoch=077 stage=3 gamma=[5.0, 5.0, 5.0] train=0.1701 val:stage3=0.1657 layers=[0.0567, 0.0567, 0.0567]
[14:05:16] epoch=078 stage=3 gamma=[5.0, 5.0, 5.0] train=0.1704 val:stage3=0.1661 layers=[0.0568, 0.0568, 0.0568]
[14:30:14] epoch=079 stage=3 gamma=[5.0, 5.0, 5.0] train=0.1694 val:stage3=0.1645 layers=[0.0564, 0.0565, 0.0565]
[14:55:10] epoch=080 stage=3 gamma=[5.0, 5.0, 5.0] train=0.1694 val:stage3=0.1654 layers=[0.0564, 0.0565, 0.0565]
[15:20:13] epoch=081 stage=3 gamma=[5.0, 5.0, 5.0] train=0.1696 val:stage3=0.1651 layers=[0.0565, 0.0565, 0.0566]
[15:45:39] epoch=082 stage=3 gamma=[5.0, 5.0, 5.0] train=0.1693 val:stage3=0.1647 layers=[0.0564, 0.0564, 0.0565]
[16:11:02] epoch=083 stage=3 gamma=[5.0, 5.0, 5.0] train=0.1692 val:stage3=0.1648 layers=[0.0564, 0.0564, 0.0564]
[16:34:26] epoch=084 stage=3 gamma=[5.0, 5.0, 5.0] train=0.1683 val:stage3=0.1646 layers=[0.0561, 0.0561, 0.0561]
[16:46:20] epoch=085 stage=3 gamma=[5.0, 5.0, 5.0] train=0.1687 val:stage3=0.1651 layers=[0.0562, 0.0562, 0.0563]
[16:58:16] epoch=086 stage=3 gamma=[5.0, 5.0, 5.0] train=0.1685 val:stage3=0.1638 layers=[0.0561, 0.0562, 0.0562]
[17:10:18] epoch=087 stage=3 gamma=[5.0, 5.0, 5.0] train=0.1681 val:stage3=0.1640 layers=[0.056, 0.056, 0.0561]
[17:22:16] epoch=088 stage=3 gamma=[5.0, 5.0, 5.0] train=0.1677 val:stage3=0.1636 layers=[0.0559, 0.0559, 0.0559]
[17:34:14] epoch=089 stage=3 gamma=[5.0, 5.0, 5.0] train=0.1680 val:stage3=0.1636 layers=[0.056, 0.056, 0.056]
[17:46:17] epoch=090 stage=3 gamma=[5.0, 5.0, 5.0] train=0.1671 val:stage3=0.1637 layers=[0.0557, 0.0557, 0.0557]
[17:58:18] epoch=091 stage=3 gamma=[5.0, 5.0, 5.0] train=0.1675 val:stage3=0.1636 layers=[0.0558, 0.0558, 0.0559]
[18:10:17] epoch=092 stage=3 gamma=[5.0, 5.0, 5.0] train=0.1666 val:stage3=0.1630 layers=[0.0555, 0.0555, 0.0556]
[18:22:17] epoch=093 stage=3 gamma=[5.0, 5.0, 5.0] train=0.1677 val:stage3=0.1630 layers=[0.0559, 0.0559, 0.0559]
[18:34:09] epoch=094 stage=3 gamma=[5.0, 5.0, 5.0] train=0.1673 val:stage3=0.1626 layers=[0.0557, 0.0558, 0.0558]
[18:46:14] epoch=095 stage=3 gamma=[5.0, 5.0, 5.0] train=0.1664 val:stage3=0.1631 layers=[0.0555, 0.0555, 0.0555]
[18:58:12] epoch=096 stage=3 gamma=[5.0, 5.0, 5.0] train=0.1662 val:stage3=0.1636 layers=[0.0554, 0.0554, 0.0554]
[19:10:09] epoch=097 stage=3 gamma=[5.0, 5.0, 5.0] train=0.1654 val:stage3=0.1626 layers=[0.0551, 0.0551, 0.0552]
[19:22:10] epoch=098 stage=3 gamma=[5.0, 5.0, 5.0] train=0.1668 val:stage3=0.1633 layers=[0.0556, 0.0556, 0.0556]
[19:34:09] epoch=099 stage=3 gamma=[5.0, 5.0, 5.0] train=0.1660 val:stage3=0.1619 layers=[0.0553, 0.0553, 0.0554]
[19:46:08] epoch=100 stage=3 gamma=[5.0, 5.0, 5.0] train=0.1658 val:stage3=0.1618 layers=[0.0552, 0.0552, 0.0553]
[19:58:03] epoch=101 stage=3 gamma=[5.0, 5.0, 5.0] train=0.1668 val:stage3=0.1615 layers=[0.0556, 0.0556, 0.0556]
[20:09:58] epoch=102 stage=3 gamma=[5.0, 5.0, 5.0] train=0.1666 val:stage3=0.1620 layers=[0.0555, 0.0555, 0.0556]
[20:21:54] epoch=103 stage=3 gamma=[5.0, 5.0, 5.0] train=0.1664 val:stage3=0.1615 layers=[0.0555, 0.0555, 0.0555]
[20:33:48] epoch=104 stage=3 gamma=[5.0, 5.0, 5.0] train=0.1664 val:stage3=0.1615 layers=[0.0555, 0.0555, 0.0555]
[20:45:46] epoch=105 stage=3 gamma=[5.0, 5.0, 5.0] train=0.1658 val:stage3=0.1613 layers=[0.0553, 0.0553, 0.0553]
[20:57:49] epoch=106 stage=3 gamma=[5.0, 5.0, 5.0] train=0.1652 val:stage3=0.1610 layers=[0.0551, 0.0551, 0.0551]
[21:09:40] epoch=107 stage=3 gamma=[5.0, 5.0, 5.0] train=0.1659 val:stage3=0.1609 layers=[0.0553, 0.0553, 0.0553]
[21:21:37] epoch=108 stage=3 gamma=[5.0, 5.0, 5.0] train=0.1647 val:stage3=0.1614 layers=[0.0549, 0.0549, 0.0549]
[21:33:31] epoch=109 stage=3 gamma=[5.0, 5.0, 5.0] train=0.1656 val:stage3=0.1609 layers=[0.0552, 0.0552, 0.0552]
[21:45:38] epoch=110 stage=3 gamma=[5.0, 5.0, 5.0] train=0.1652 val:stage3=0.1609 layers=[0.055, 0.0551, 0.0551]
[21:57:44] epoch=111 stage=3 gamma=[5.0, 5.0, 5.0] train=0.1651 val:stage3=0.1608 layers=[0.055, 0.055, 0.0551]
[22:09:46] epoch=112 stage=3 gamma=[5.0, 5.0, 5.0] train=0.1650 val:stage3=0.1610 layers=[0.055, 0.055, 0.055]
[22:21:44] epoch=113 stage=3 gamma=[5.0, 5.0, 5.0] train=0.1647 val:stage3=0.1617 layers=[0.0549, 0.0549, 0.0549]
[22:33:38] epoch=114 stage=3 gamma=[5.0, 5.0, 5.0] train=0.1658 val:stage3=0.1609 layers=[0.0552, 0.0553, 0.0553]
[22:45:42] epoch=115 stage=3 gamma=[5.0, 5.0, 5.0] train=0.1646 val:stage3=0.1606 layers=[0.0549, 0.0549, 0.0549]
[22:57:41] epoch=116 stage=3 gamma=[5.0, 5.0, 5.0] train=0.1641 val:stage3=0.1610 layers=[0.0547, 0.0547, 0.0547]
[23:09:37] epoch=117 stage=3 gamma=[5.0, 5.0, 5.0] train=0.1651 val:stage3=0.1603 layers=[0.055, 0.055, 0.055]
[23:21:38] epoch=118 stage=3 gamma=[5.0, 5.0, 5.0] train=0.1639 val:stage3=0.1608 layers=[0.0546, 0.0546, 0.0547]
[23:33:33] epoch=119 stage=3 gamma=[5.0, 5.0, 5.0] train=0.1643 val:stage3=0.1608 layers=[0.0548, 0.0548, 0.0548]
[23:45:31] epoch=120 stage=3 gamma=[5.0, 5.0, 5.0] train=0.1639 val:stage3=0.1606 layers=[0.0546, 0.0546, 0.0547]
[23:57:29] epoch=121 stage=3 gamma=[5.0, 5.0, 5.0] train=0.1651 val:stage3=0.1606 layers=[0.055, 0.055, 0.055]
[00:09:27] epoch=122 stage=3 gamma=[5.0, 5.0, 5.0] train=0.1637 val:stage3=0.1599 layers=[0.0545, 0.0546, 0.0546]
[00:21:26] epoch=123 stage=3 gamma=[5.0, 5.0, 5.0] train=0.1640 val:stage3=0.1602 layers=[0.0546, 0.0547, 0.0547]
[00:33:26] epoch=124 stage=3 gamma=[5.0, 5.0, 5.0] train=0.1642 val:stage3=0.1601 layers=[0.0547, 0.0547, 0.0547]
[00:45:23] epoch=125 stage=3 gamma=[5.0, 5.0, 5.0] train=0.1637 val:stage3=0.1599 layers=[0.0546, 0.0546, 0.0546]
[00:57:14] epoch=126 stage=3 gamma=[5.0, 5.0, 5.0] train=0.1633 val:stage3=0.1593 layers=[0.0544, 0.0544, 0.0545]
[01:09:10] epoch=127 stage=3 gamma=[5.0, 5.0, 5.0] train=0.1636 val:stage3=0.1592 layers=[0.0545, 0.0545, 0.0546]
[01:21:07] epoch=128 stage=3 gamma=[5.0, 5.0, 5.0] train=0.1635 val:stage3=0.1594 layers=[0.0545, 0.0545, 0.0545]
[01:32:57] epoch=129 stage=3 gamma=[5.0, 5.0, 5.0] train=0.1639 val:stage3=0.1595 layers=[0.0546, 0.0546, 0.0547]
[01:44:53] epoch=130 stage=3 gamma=[5.0, 5.0, 5.0] train=0.1633 val:stage3=0.1590 layers=[0.0544, 0.0544, 0.0545]
[01:56:52] epoch=131 stage=3 gamma=[5.0, 5.0, 5.0] train=0.1630 val:stage3=0.1588 layers=[0.0543, 0.0543, 0.0544]
[02:08:51] epoch=132 stage=3 gamma=[5.0, 5.0, 5.0] train=0.1640 val:stage3=0.1593 layers=[0.0546, 0.0547, 0.0547]
[02:20:48] epoch=133 stage=3 gamma=[5.0, 5.0, 5.0] train=0.1633 val:stage3=0.1592 layers=[0.0544, 0.0544, 0.0544]
[02:32:43] epoch=134 stage=3 gamma=[5.0, 5.0, 5.0] train=0.1627 val:stage3=0.1589 layers=[0.0542, 0.0542, 0.0542]
[02:44:40] epoch=135 stage=3 gamma=[5.0, 5.0, 5.0] train=0.1632 val:stage3=0.1590 layers=[0.0544, 0.0544, 0.0544]
[02:56:34] epoch=136 stage=3 gamma=[5.0, 5.0, 5.0] train=0.1627 val:stage3=0.1583 layers=[0.0542, 0.0542, 0.0542]
[03:08:23] epoch=137 stage=3 gamma=[5.0, 5.0, 5.0] train=0.1625 val:stage3=0.1585 layers=[0.0542, 0.0542, 0.0542]
[03:20:12] epoch=138 stage=3 gamma=[5.0, 5.0, 5.0] train=0.1629 val:stage3=0.1584 layers=[0.0543, 0.0543, 0.0543]
[03:32:11] epoch=139 stage=3 gamma=[5.0, 5.0, 5.0] train=0.1625 val:stage3=0.1583 layers=[0.0542, 0.0542, 0.0542]
[03:44:11] epoch=140 stage=3 gamma=[5.0, 5.0, 5.0] train=0.1624 val:stage3=0.1589 layers=[0.0541, 0.0541, 0.0542]
[03:56:07] epoch=141 stage=3 gamma=[5.0, 5.0, 5.0] train=0.1631 val:stage3=0.1583 layers=[0.0543, 0.0543, 0.0544]
[04:07:55] epoch=142 stage=3 gamma=[5.0, 5.0, 5.0] train=0.1623 val:stage3=0.1584 layers=[0.0541, 0.0541, 0.0541]
[04:19:46] epoch=143 stage=3 gamma=[5.0, 5.0, 5.0] train=0.1626 val:stage3=0.1584 layers=[0.0542, 0.0542, 0.0542]
[04:31:44] epoch=144 stage=3 gamma=[5.0, 5.0, 5.0] train=0.1617 val:stage3=0.1582 layers=[0.0539, 0.0539, 0.0539]
[04:43:46] epoch=145 stage=3 gamma=[5.0, 5.0, 5.0] train=0.1625 val:stage3=0.1581 layers=[0.0541, 0.0542, 0.0542]
[04:55:43] epoch=146 stage=3 gamma=[5.0, 5.0, 5.0] train=0.1619 val:stage3=0.1581 layers=[0.054, 0.054, 0.054]
[05:07:32] epoch=147 stage=3 gamma=[5.0, 5.0, 5.0] train=0.1628 val:stage3=0.1581 layers=[0.0543, 0.0543, 0.0543]
[05:19:31] epoch=148 stage=3 gamma=[5.0, 5.0, 5.0] train=0.1624 val:stage3=0.1581 layers=[0.0541, 0.0541, 0.0542]
[05:31:28] epoch=149 stage=3 gamma=[5.0, 5.0, 5.0] train=0.1623 val:stage3=0.1579 layers=[0.0541, 0.0541, 0.0541]
[05:43:22] epoch=150 stage=3 gamma=[5.0, 5.0, 5.0] train=0.1617 val:stage3=0.1579 layers=[0.0539, 0.0539, 0.0539]
[05:55:16] epoch=151 stage=3 gamma=[5.0, 5.0, 5.0] train=0.1612 val:stage3=0.1585 layers=[0.0537, 0.0537, 0.0537]
[06:07:05] epoch=152 stage=3 gamma=[5.0, 5.0, 5.0] train=0.1627 val:stage3=0.1578 layers=[0.0542, 0.0542, 0.0542]
[06:19:01] epoch=153 stage=3 gamma=[5.0, 5.0, 5.0] train=0.1622 val:stage3=0.1578 layers=[0.054, 0.0541, 0.0541]
[06:30:54] epoch=154 stage=3 gamma=[5.0, 5.0, 5.0] train=0.1618 val:stage3=0.1578 layers=[0.0539, 0.0539, 0.0539]
[06:42:57] epoch=155 stage=3 gamma=[5.0, 5.0, 5.0] train=0.1608 val:stage3=0.1575 layers=[0.0536, 0.0536, 0.0536]
[06:54:53] epoch=156 stage=3 gamma=[5.0, 5.0, 5.0] train=0.1616 val:stage3=0.1574 layers=[0.0539, 0.0539, 0.0539]
[07:06:51] epoch=157 stage=3 gamma=[5.0, 5.0, 5.0] train=0.1616 val:stage3=0.1575 layers=[0.0539, 0.0539, 0.0539]
[07:18:51] epoch=158 stage=3 gamma=[5.0, 5.0, 5.0] train=0.1614 val:stage3=0.1578 layers=[0.0538, 0.0538, 0.0538]
[07:30:50] epoch=159 stage=3 gamma=[5.0, 5.0, 5.0] train=0.1614 val:stage3=0.1572 layers=[0.0538, 0.0538, 0.0538]
[07:42:49] epoch=160 stage=3 gamma=[5.0, 5.0, 5.0] train=0.1611 val:stage3=0.1572 layers=[0.0537, 0.0537, 0.0537]
[07:54:49] epoch=161 stage=3 gamma=[5.0, 5.0, 5.0] train=0.1610 val:stage3=0.1570 layers=[0.0537, 0.0537, 0.0537]
[08:06:49] epoch=162 stage=3 gamma=[5.0, 5.0, 5.0] train=0.1606 val:stage3=0.1572 layers=[0.0535, 0.0535, 0.0535]
[08:18:42] epoch=163 stage=3 gamma=[5.0, 5.0, 5.0] train=0.1615 val:stage3=0.1573 layers=[0.0538, 0.0538, 0.0538]
[08:30:41] epoch=164 stage=3 gamma=[5.0, 5.0, 5.0] train=0.1618 val:stage3=0.1571 layers=[0.0539, 0.0539, 0.054]
[08:42:44] epoch=165 stage=3 gamma=[5.0, 5.0, 5.0] train=0.1616 val:stage3=0.1569 layers=[0.0539, 0.0539, 0.0539]
[08:54:43] epoch=166 stage=3 gamma=[5.0, 5.0, 5.0] train=0.1613 val:stage3=0.1575 layers=[0.0538, 0.0538, 0.0538]
[09:06:48] epoch=167 stage=3 gamma=[5.0, 5.0, 5.0] train=0.1614 val:stage3=0.1569 layers=[0.0538, 0.0538, 0.0538]
[09:18:44] epoch=168 stage=3 gamma=[5.0, 5.0, 5.0] train=0.1605 val:stage3=0.1569 layers=[0.0535, 0.0535, 0.0535]
[09:30:38] epoch=169 stage=3 gamma=[5.0, 5.0, 5.0] train=0.1610 val:stage3=0.1569 layers=[0.0537, 0.0537, 0.0537]
[09:42:39] epoch=170 stage=3 gamma=[5.0, 5.0, 5.0] train=0.1614 val:stage3=0.1571 layers=[0.0538, 0.0538, 0.0538]
[09:54:49] epoch=171 stage=3 gamma=[5.0, 5.0, 5.0] train=0.1611 val:stage3=0.1568 layers=[0.0537, 0.0537, 0.0537]
[10:06:45] epoch=172 stage=3 gamma=[5.0, 5.0, 5.0] train=0.1610 val:stage3=0.1568 layers=[0.0537, 0.0537, 0.0537]
[10:18:43] epoch=173 stage=3 gamma=[5.0, 5.0, 5.0] train=0.1610 val:stage3=0.1568 layers=[0.0536, 0.0537, 0.0537]
[10:30:37] epoch=174 stage=3 gamma=[5.0, 5.0, 5.0] train=0.1618 val:stage3=0.1568 layers=[0.0539, 0.0539, 0.054]
[10:42:36] epoch=175 stage=3 gamma=[5.0, 5.0, 5.0] train=0.1620 val:stage3=0.1567 layers=[0.054, 0.054, 0.054]
[10:54:31] epoch=176 stage=3 gamma=[5.0, 5.0, 5.0] train=0.1618 val:stage3=0.1569 layers=[0.0539, 0.0539, 0.0539]
[11:06:28] epoch=177 stage=3 gamma=[5.0, 5.0, 5.0] train=0.1607 val:stage3=0.1564 layers=[0.0536, 0.0536, 0.0536]
[11:18:27] epoch=178 stage=3 gamma=[5.0, 5.0, 5.0] train=0.1607 val:stage3=0.1566 layers=[0.0535, 0.0536, 0.0536]
[11:30:27] epoch=179 stage=3 gamma=[5.0, 5.0, 5.0] train=0.1615 val:stage3=0.1567 layers=[0.0538, 0.0538, 0.0538]
[11:42:31] epoch=180 stage=3 gamma=[5.0, 5.0, 5.0] train=0.1613 val:stage3=0.1566 layers=[0.0538, 0.0538, 0.0538]
[11:54:32] epoch=181 stage=3 gamma=[5.0, 5.0, 5.0] train=0.1601 val:stage3=0.1566 layers=[0.0533, 0.0534, 0.0534]
[12:06:29] epoch=182 stage=3 gamma=[5.0, 5.0, 5.0] train=0.1611 val:stage3=0.1564 layers=[0.0537, 0.0537, 0.0537]
[12:18:23] epoch=183 stage=3 gamma=[5.0, 5.0, 5.0] train=0.1614 val:stage3=0.1569 layers=[0.0538, 0.0538, 0.0538]
[12:30:19] epoch=184 stage=3 gamma=[5.0, 5.0, 5.0] train=0.1607 val:stage3=0.1565 layers=[0.0536, 0.0536, 0.0536]
[12:42:19] epoch=185 stage=3 gamma=[5.0, 5.0, 5.0] train=0.1601 val:stage3=0.1563 layers=[0.0534, 0.0534, 0.0534]
[12:54:19] epoch=186 stage=3 gamma=[5.0, 5.0, 5.0] train=0.1605 val:stage3=0.1563 layers=[0.0535, 0.0535, 0.0535]
[13:06:22] epoch=187 stage=3 gamma=[5.0, 5.0, 5.0] train=0.1601 val:stage3=0.1566 layers=[0.0534, 0.0534, 0.0534]
[13:18:25] epoch=188 stage=3 gamma=[5.0, 5.0, 5.0] train=0.1606 val:stage3=0.1562 layers=[0.0535, 0.0535, 0.0535]
[13:30:24] epoch=189 stage=3 gamma=[5.0, 5.0, 5.0] train=0.1603 val:stage3=0.1563 layers=[0.0534, 0.0534, 0.0534]
[13:42:21] epoch=190 stage=3 gamma=[5.0, 5.0, 5.0] train=0.1603 val:stage3=0.1564 layers=[0.0534, 0.0534, 0.0534]
[13:54:21] epoch=191 stage=3 gamma=[5.0, 5.0, 5.0] train=0.1601 val:stage3=0.1562 layers=[0.0534, 0.0534, 0.0534]
[14:06:15] epoch=192 stage=3 gamma=[5.0, 5.0, 5.0] train=0.1612 val:stage3=0.1562 layers=[0.0537, 0.0537, 0.0537]
[14:18:17] epoch=193 stage=3 gamma=[5.0, 5.0, 5.0] train=0.1608 val:stage3=0.1562 layers=[0.0536, 0.0536, 0.0536]
[14:30:15] epoch=194 stage=3 gamma=[5.0, 5.0, 5.0] train=0.1613 val:stage3=0.1561 layers=[0.0538, 0.0538, 0.0538]
[14:42:17] epoch=195 stage=3 gamma=[5.0, 5.0, 5.0] train=0.1605 val:stage3=0.1562 layers=[0.0535, 0.0535, 0.0535]
[14:54:21] epoch=196 stage=3 gamma=[5.0, 5.0, 5.0] train=0.1599 val:stage3=0.1562 layers=[0.0533, 0.0533, 0.0533]
[15:06:15] epoch=197 stage=3 gamma=[5.0, 5.0, 5.0] train=0.1608 val:stage3=0.1562 layers=[0.0536, 0.0536, 0.0536]
[15:18:13] epoch=198 stage=3 gamma=[5.0, 5.0, 5.0] train=0.1607 val:stage3=0.1560 layers=[0.0536, 0.0536, 0.0536]
[15:30:12] epoch=199 stage=3 gamma=[5.0, 5.0, 5.0] train=0.1610 val:stage3=0.1561 layers=[0.0536, 0.0537, 0.0537]
[15:42:08] epoch=200 stage=3 gamma=[5.0, 5.0, 5.0] train=0.1604 val:stage3=0.1561 layers=[0.0534, 0.0534, 0.0535]
[15:54:10] epoch=201 stage=3 gamma=[5.0, 5.0, 5.0] train=0.1609 val:stage3=0.1560 layers=[0.0536, 0.0536, 0.0536]
[16:06:06] epoch=202 stage=3 gamma=[5.0, 5.0, 5.0] train=0.1596 val:stage3=0.1561 layers=[0.0532, 0.0532, 0.0532]
[16:18:03] epoch=203 stage=3 gamma=[5.0, 5.0, 5.0] train=0.1599 val:stage3=0.1561 layers=[0.0533, 0.0533, 0.0533]
[16:30:02] epoch=204 stage=3 gamma=[5.0, 5.0, 5.0] train=0.1605 val:stage3=0.1561 layers=[0.0535, 0.0535, 0.0535]
[16:41:59] epoch=205 stage=3 gamma=[5.0, 5.0, 5.0] train=0.1590 val:stage3=0.1561 layers=[0.053, 0.053, 0.053]
[16:53:59] epoch=206 stage=3 gamma=[5.0, 5.0, 5.0] train=0.1600 val:stage3=0.1560 layers=[0.0533, 0.0533, 0.0533]
[17:05:56] epoch=207 stage=3 gamma=[5.0, 5.0, 5.0] train=0.1592 val:stage3=0.1558 layers=[0.0531, 0.0531, 0.0531]
[17:17:53] epoch=208 stage=3 gamma=[5.0, 5.0, 5.0] train=0.1602 val:stage3=0.1561 layers=[0.0534, 0.0534, 0.0534]
[17:29:51] epoch=209 stage=3 gamma=[5.0, 5.0, 5.0] train=0.1592 val:stage3=0.1558 layers=[0.0531, 0.0531, 0.0531]
[17:41:48] epoch=210 stage=3 gamma=[5.0, 5.0, 5.0] train=0.1600 val:stage3=0.1560 layers=[0.0533, 0.0533, 0.0533]
[17:53:43] epoch=211 stage=3 gamma=[5.0, 5.0, 5.0] train=0.1591 val:stage3=0.1558 layers=[0.053, 0.053, 0.053]
[18:05:42] epoch=212 stage=3 gamma=[5.0, 5.0, 5.0] train=0.1603 val:stage3=0.1558 layers=[0.0534, 0.0534, 0.0534]
[18:17:46] epoch=213 stage=3 gamma=[5.0, 5.0, 5.0] train=0.1592 val:stage3=0.1558 layers=[0.0531, 0.0531, 0.0531]
[18:29:44] epoch=214 stage=3 gamma=[5.0, 5.0, 5.0] train=0.1594 val:stage3=0.1559 layers=[0.0531, 0.0531, 0.0532]
[18:41:38] epoch=215 stage=3 gamma=[5.0, 5.0, 5.0] train=0.1600 val:stage3=0.1559 layers=[0.0533, 0.0533, 0.0533]
[18:53:33] epoch=216 stage=3 gamma=[5.0, 5.0, 5.0] train=0.1601 val:stage3=0.1558 layers=[0.0533, 0.0533, 0.0534]
[19:05:37] epoch=217 stage=3 gamma=[5.0, 5.0, 5.0] train=0.1598 val:stage3=0.1557 layers=[0.0533, 0.0533, 0.0533]
[19:17:36] epoch=218 stage=3 gamma=[5.0, 5.0, 5.0] train=0.1603 val:stage3=0.1557 layers=[0.0534, 0.0534, 0.0534]
[19:29:34] epoch=219 stage=3 gamma=[5.0, 5.0, 5.0] train=0.1595 val:stage3=0.1556 layers=[0.0532, 0.0532, 0.0532]
[19:41:29] epoch=220 stage=3 gamma=[5.0, 5.0, 5.0] train=0.1599 val:stage3=0.1556 layers=[0.0533, 0.0533, 0.0533]
[19:53:29] epoch=221 stage=3 gamma=[5.0, 5.0, 5.0] train=0.1599 val:stage3=0.1556 layers=[0.0533, 0.0533, 0.0533]
[20:05:27] epoch=222 stage=3 gamma=[5.0, 5.0, 5.0] train=0.1593 val:stage3=0.1558 layers=[0.0531, 0.0531, 0.0531]
[20:17:27] epoch=223 stage=3 gamma=[5.0, 5.0, 5.0] train=0.1603 val:stage3=0.1557 layers=[0.0534, 0.0534, 0.0535]
[20:29:25] epoch=224 stage=3 gamma=[5.0, 5.0, 5.0] train=0.1600 val:stage3=0.1555 layers=[0.0533, 0.0533, 0.0533]
[20:41:25] epoch=225 stage=3 gamma=[5.0, 5.0, 5.0] train=0.1589 val:stage3=0.1557 layers=[0.053, 0.053, 0.053]
[20:53:26] epoch=226 stage=3 gamma=[5.0, 5.0, 5.0] train=0.1590 val:stage3=0.1554 layers=[0.053, 0.053, 0.053]
[21:05:29] epoch=227 stage=3 gamma=[5.0, 5.0, 5.0] train=0.1596 val:stage3=0.1556 layers=[0.0532, 0.0532, 0.0532]
[21:17:28] epoch=228 stage=3 gamma=[5.0, 5.0, 5.0] train=0.1588 val:stage3=0.1556 layers=[0.0529, 0.0529, 0.053]
[21:29:19] epoch=229 stage=3 gamma=[5.0, 5.0, 5.0] train=0.1596 val:stage3=0.1555 layers=[0.0532, 0.0532, 0.0532]
[21:41:17] epoch=230 stage=3 gamma=[5.0, 5.0, 5.0] train=0.1593 val:stage3=0.1555 layers=[0.0531, 0.0531, 0.0531]
[21:53:14] epoch=231 stage=3 gamma=[5.0, 5.0, 5.0] train=0.1598 val:stage3=0.1555 layers=[0.0533, 0.0533, 0.0533]
[22:05:09] epoch=232 stage=3 gamma=[5.0, 5.0, 5.0] train=0.1597 val:stage3=0.1554 layers=[0.0532, 0.0532, 0.0532]
[22:17:10] epoch=233 stage=3 gamma=[5.0, 5.0, 5.0] train=0.1594 val:stage3=0.1554 layers=[0.0531, 0.0531, 0.0531]
[22:29:06] epoch=234 stage=3 gamma=[5.0, 5.0, 5.0] train=0.1603 val:stage3=0.1557 layers=[0.0534, 0.0534, 0.0534]
[22:41:03] epoch=235 stage=3 gamma=[5.0, 5.0, 5.0] train=0.1596 val:stage3=0.1555 layers=[0.0532, 0.0532, 0.0532]
[22:53:04] epoch=236 stage=3 gamma=[5.0, 5.0, 5.0] train=0.1592 val:stage3=0.1554 layers=[0.0531, 0.0531, 0.0531]
[23:04:58] epoch=237 stage=3 gamma=[5.0, 5.0, 5.0] train=0.1595 val:stage3=0.1554 layers=[0.0532, 0.0532, 0.0532]
[23:17:00] epoch=238 stage=3 gamma=[5.0, 5.0, 5.0] train=0.1591 val:stage3=0.1554 layers=[0.053, 0.053, 0.053]
[23:28:54] epoch=239 stage=3 gamma=[5.0, 5.0, 5.0] train=0.1598 val:stage3=0.1554 layers=[0.0533, 0.0533, 0.0533]
[23:40:54] epoch=240 stage=3 gamma=[5.0, 5.0, 5.0] train=0.1593 val:stage3=0.1555 layers=[0.0531, 0.0531, 0.0531]
[23:52:49] epoch=241 stage=3 gamma=[5.0, 5.0, 5.0] train=0.1602 val:stage3=0.1554 layers=[0.0534, 0.0534, 0.0534]
[00:04:47] epoch=242 stage=3 gamma=[5.0, 5.0, 5.0] train=0.1583 val:stage3=0.1552 layers=[0.0528, 0.0528, 0.0528]
[00:16:45] epoch=243 stage=3 gamma=[5.0, 5.0, 5.0] train=0.1596 val:stage3=0.1554 layers=[0.0532, 0.0532, 0.0532]
[00:28:43] epoch=244 stage=3 gamma=[5.0, 5.0, 5.0] train=0.1593 val:stage3=0.1553 layers=[0.0531, 0.0531, 0.0531]
[00:40:43] epoch=245 stage=3 gamma=[5.0, 5.0, 5.0] train=0.1593 val:stage3=0.1553 layers=[0.0531, 0.0531, 0.0531]
[00:52:48] epoch=246 stage=3 gamma=[5.0, 5.0, 5.0] train=0.1599 val:stage3=0.1552 layers=[0.0533, 0.0533, 0.0533]
[01:04:51] epoch=247 stage=3 gamma=[5.0, 5.0, 5.0] train=0.1591 val:stage3=0.1552 layers=[0.053, 0.0531, 0.0531]
[01:16:47] epoch=248 stage=3 gamma=[5.0, 5.0, 5.0] train=0.1592 val:stage3=0.1554 layers=[0.053, 0.0531, 0.0531]
[01:28:47] epoch=249 stage=3 gamma=[5.0, 5.0, 5.0] train=0.1601 val:stage3=0.1554 layers=[0.0534, 0.0534, 0.0534]
[01:40:41] epoch=250 stage=3 gamma=[5.0, 5.0, 5.0] train=0.1594 val:stage3=0.1551 layers=[0.0531, 0.0531, 0.0531]
[01:52:35] epoch=251 stage=3 gamma=[5.0, 5.0, 5.0] train=0.1592 val:stage3=0.1553 layers=[0.0531, 0.0531, 0.0531]
[02:04:30] epoch=252 stage=3 gamma=[5.0, 5.0, 5.0] train=0.1596 val:stage3=0.1552 layers=[0.0532, 0.0532, 0.0532]
[02:16:21] epoch=253 stage=3 gamma=[5.0, 5.0, 5.0] train=0.1592 val:stage3=0.1552 layers=[0.0531, 0.0531, 0.0531]
[02:28:19] epoch=254 stage=3 gamma=[5.0, 5.0, 5.0] train=0.1594 val:stage3=0.1553 layers=[0.0531, 0.0531, 0.0532]
[02:40:12] epoch=255 stage=3 gamma=[5.0, 5.0, 5.0] train=0.1598 val:stage3=0.1552 layers=[0.0533, 0.0533, 0.0533]
[02:52:12] epoch=256 stage=3 gamma=[5.0, 5.0, 5.0] train=0.1597 val:stage3=0.1551 layers=[0.0532, 0.0532, 0.0532]
[03:04:06] epoch=257 stage=3 gamma=[5.0, 5.0, 5.0] train=0.1597 val:stage3=0.1552 layers=[0.0532, 0.0532, 0.0532]
[03:15:57] epoch=258 stage=3 gamma=[5.0, 5.0, 5.0] train=0.1591 val:stage3=0.1553 layers=[0.053, 0.053, 0.053]
[03:27:51] epoch=259 stage=3 gamma=[5.0, 5.0, 5.0] train=0.1594 val:stage3=0.1552 layers=[0.0531, 0.0531, 0.0531]
[03:39:50] epoch=260 stage=3 gamma=[5.0, 5.0, 5.0] train=0.1593 val:stage3=0.1553 layers=[0.0531, 0.0531, 0.0531]
[03:51:49] epoch=261 stage=3 gamma=[5.0, 5.0, 5.0] train=0.1595 val:stage3=0.1552 layers=[0.0532, 0.0532, 0.0532]
[04:03:38] epoch=262 stage=3 gamma=[5.0, 5.0, 5.0] train=0.1599 val:stage3=0.1552 layers=[0.0533, 0.0533, 0.0533]
[04:15:33] epoch=263 stage=3 gamma=[5.0, 5.0, 5.0] train=0.1600 val:stage3=0.1551 layers=[0.0533, 0.0533, 0.0533]
[04:27:24] epoch=264 stage=3 gamma=[5.0, 5.0, 5.0] train=0.1592 val:stage3=0.1551 layers=[0.0531, 0.0531, 0.0531]
[04:39:16] epoch=265 stage=3 gamma=[5.0, 5.0, 5.0] train=0.1604 val:stage3=0.1552 layers=[0.0535, 0.0535, 0.0535]
[04:51:08] epoch=266 stage=3 gamma=[5.0, 5.0, 5.0] train=0.1596 val:stage3=0.1552 layers=[0.0532, 0.0532, 0.0532]
[05:03:00] epoch=267 stage=3 gamma=[5.0, 5.0, 5.0] train=0.1598 val:stage3=0.1551 layers=[0.0533, 0.0533, 0.0533]
[05:14:58] epoch=268 stage=3 gamma=[5.0, 5.0, 5.0] train=0.1596 val:stage3=0.1552 layers=[0.0532, 0.0532, 0.0532]
[05:26:54] epoch=269 stage=3 gamma=[5.0, 5.0, 5.0] train=0.1592 val:stage3=0.1552 layers=[0.0531, 0.0531, 0.0531]
[05:38:50] epoch=270 stage=3 gamma=[5.0, 5.0, 5.0] train=0.1594 val:stage3=0.1552 layers=[0.0531, 0.0531, 0.0532]
[05:50:49] epoch=271 stage=3 gamma=[5.0, 5.0, 5.0] train=0.1586 val:stage3=0.1551 layers=[0.0529, 0.0529, 0.0529]
[06:02:43] epoch=272 stage=3 gamma=[5.0, 5.0, 5.0] train=0.1593 val:stage3=0.1551 layers=[0.0531, 0.0531, 0.0531]
[06:14:39] epoch=273 stage=3 gamma=[5.0, 5.0, 5.0] train=0.1594 val:stage3=0.1552 layers=[0.0531, 0.0531, 0.0531]
[06:26:31] epoch=274 stage=3 gamma=[5.0, 5.0, 5.0] train=0.1593 val:stage3=0.1553 layers=[0.0531, 0.0531, 0.0531]
[06:38:30] epoch=275 stage=3 gamma=[5.0, 5.0, 5.0] train=0.1594 val:stage3=0.1552 layers=[0.0531, 0.0531, 0.0531]
[06:50:23] epoch=276 stage=3 gamma=[5.0, 5.0, 5.0] train=0.1594 val:stage3=0.1551 layers=[0.0531, 0.0531, 0.0532]
[07:02:22] epoch=277 stage=3 gamma=[5.0, 5.0, 5.0] train=0.1592 val:stage3=0.1551 layers=[0.0531, 0.0531, 0.0531]
[07:14:19] epoch=278 stage=3 gamma=[5.0, 5.0, 5.0] train=0.1600 val:stage3=0.1551 layers=[0.0533, 0.0533, 0.0534]
[07:26:14] epoch=279 stage=3 gamma=[5.0, 5.0, 5.0] train=0.1594 val:stage3=0.1551 layers=[0.0531, 0.0531, 0.0531]
[07:38:07] epoch=280 stage=3 gamma=[5.0, 5.0, 5.0] train=0.1596 val:stage3=0.1552 layers=[0.0532, 0.0532, 0.0532]
[07:50:09] epoch=281 stage=3 gamma=[5.0, 5.0, 5.0] train=0.1587 val:stage3=0.1551 layers=[0.0529, 0.0529, 0.0529]
[08:02:04] epoch=282 stage=3 gamma=[5.0, 5.0, 5.0] train=0.1592 val:stage3=0.1551 layers=[0.0531, 0.0531, 0.0531]
[08:14:02] epoch=283 stage=3 gamma=[5.0, 5.0, 5.0] train=0.1597 val:stage3=0.1551 layers=[0.0532, 0.0532, 0.0532]
[08:25:59] epoch=284 stage=3 gamma=[5.0, 5.0, 5.0] train=0.1592 val:stage3=0.1552 layers=[0.0531, 0.0531, 0.0531]
[08:37:59] epoch=285 stage=3 gamma=[5.0, 5.0, 5.0] train=0.1589 val:stage3=0.1551 layers=[0.053, 0.053, 0.053]
[08:49:51] epoch=286 stage=3 gamma=[5.0, 5.0, 5.0] train=0.1594 val:stage3=0.1551 layers=[0.0531, 0.0531, 0.0531]
[09:01:49] epoch=287 stage=3 gamma=[5.0, 5.0, 5.0] train=0.1590 val:stage3=0.1552 layers=[0.053, 0.053, 0.053]
[09:13:47] epoch=288 stage=3 gamma=[5.0, 5.0, 5.0] train=0.1600 val:stage3=0.1552 layers=[0.0533, 0.0533, 0.0533]
[09:25:46] epoch=289 stage=3 gamma=[5.0, 5.0, 5.0] train=0.1593 val:stage3=0.1551 layers=[0.0531, 0.0531, 0.0531]
[09:37:41] epoch=290 stage=3 gamma=[5.0, 5.0, 5.0] train=0.1594 val:stage3=0.1550 layers=[0.0531, 0.0531, 0.0531]
[09:49:31] epoch=291 stage=3 gamma=[5.0, 5.0, 5.0] train=0.1594 val:stage3=0.1551 layers=[0.0531, 0.0531, 0.0532]
[10:01:26] epoch=292 stage=3 gamma=[5.0, 5.0, 5.0] train=0.1591 val:stage3=0.1550 layers=[0.053, 0.053, 0.053]
[10:13:25] epoch=293 stage=3 gamma=[5.0, 5.0, 5.0] train=0.1594 val:stage3=0.1551 layers=[0.0531, 0.0531, 0.0531]
[10:25:21] epoch=294 stage=3 gamma=[5.0, 5.0, 5.0] train=0.1595 val:stage3=0.1550 layers=[0.0532, 0.0532, 0.0532]
[10:37:23] epoch=295 stage=3 gamma=[5.0, 5.0, 5.0] train=0.1588 val:stage3=0.1551 layers=[0.0529, 0.0529, 0.0529]
[10:49:21] epoch=296 stage=3 gamma=[5.0, 5.0, 5.0] train=0.1592 val:stage3=0.1551 layers=[0.0531, 0.0531, 0.0531]
[11:01:14] epoch=297 stage=3 gamma=[5.0, 5.0, 5.0] train=0.1589 val:stage3=0.1551 layers=[0.053, 0.053, 0.053]
[11:13:13] epoch=298 stage=3 gamma=[5.0, 5.0, 5.0] train=0.1598 val:stage3=0.1550 layers=[0.0533, 0.0533, 0.0533]
[11:25:16] epoch=299 stage=3 gamma=[5.0, 5.0, 5.0] train=0.1593 val:stage3=0.1550 layers=[0.0531, 0.0531, 0.0531]
[11:37:13] epoch=300 stage=3 gamma=[5.0, 5.0, 5.0] train=0.1592 val:stage3=0.1550 layers=[0.0531, 0.0531, 0.0531]
=== attempt=1 exited rc=0 at 2026-07-18T11:37:14+09:00 ===
training completed successfully.
end_time=2026-07-18T11:37:14+09:00
