job_id=8133
job_name=agg_rl_FM
hostname=node02
start_time=2026-07-08T19:48:10+09:00
cuda_visible_devices=0
slurm_cpus_per_task=24
slurm_mem_per_node=49152
Wed Jul  8 19:48:10 2026       
+-----------------------------------------------------------------------------------------+
| NVIDIA-SMI 570.124.06             Driver Version: 570.124.06     CUDA Version: 12.8     |
|-----------------------------------------+------------------------+----------------------+
| GPU  Name                 Persistence-M | Bus-Id          Disp.A | Volatile Uncorr. ECC |
| Fan  Temp   Perf          Pwr:Usage/Cap |           Memory-Usage | GPU-Util  Compute M. |
|                                         |                        |               MIG M. |
|=========================================+========================+======================|
|   0  NVIDIA GeForce RTX 3090        On  |   00000000:17:00.0 Off |                  N/A |
| 40%   32C    P8             28W /  345W |       2MiB /  24576MiB |      0%      Default |
|                                         |                        |                  N/A |
+-----------------------------------------+------------------------+----------------------+
                                                                                         
+-----------------------------------------------------------------------------------------+
| Processes:                                                                              |
|  GPU   GI   CI              PID   Type   Process name                        GPU Memory |
|        ID   ID                                                               Usage      |
|=========================================================================================|
|  No running processes found                                                             |
+-----------------------------------------------------------------------------------------+
launch_command=bash scripts/train_model.sh 
repo_root=/home/s2021102349/Audio-Geometry-Grid_Representation-Learning
run_name=agg_rl_FM_paper
save_dir=/home/s2021102349/Audio-Geometry-Grid_Representation-Learning/checkpoints/agg_rl_FM_paper
log_file=/home/s2021102349/Audio-Geometry-Grid_Representation-Learning/data/train_runs/agg_rl_FM_paper/train.log
mpe_type=FM
start_time=2026-07-08T19:48:12+09:00
command=python train.py --librispeech_train /home/s2021102349/Audio-Geometry-Grid_Representation-Learning/datasets/librispeech/LibriSpeech/train-clean-100 --librispeech_val /home/s2021102349/Audio-Geometry-Grid_Representation-Learning/datasets/librispeech/LibriSpeech/test-clean --ms_snsd_train /home/s2021102349/Audio-Geometry-Grid_Representation-Learning/datasets/ms-snsd/MS-SNSD/noise_train --ms_snsd_val /home/s2021102349/Audio-Geometry-Grid_Representation-Learning/datasets/ms-snsd/MS-SNSD/noise_test --mpe_type FM --save_dir /home/s2021102349/Audio-Geometry-Grid_Representation-Learning/checkpoints/agg_rl_FM_paper --batch_size 16 --num_workers 8 --prefetch_factor 1 --log_interval 0 --train_samples_per_epoch 28800 --fixed_suite_samples 2000 --dynamic_samples_per_channel 300 --seed 42 
device=cuda
model=AGG_RL(FM) params=2,788,836
train_speech=28539 train_noise=128
[19:54:04] epoch=001 stage=1 gamma=[32.0, 12.0, 5.0] train=0.9815 val:stage1=0.9622 layers=[0.7227, 0.2059, 0.0528]
[19:59:57] epoch=002 stage=1 gamma=[32.0, 12.0, 5.0] train=0.9560 val:stage1=0.9293 layers=[0.7047, 0.2, 0.0513]
[20:05:51] epoch=003 stage=1 gamma=[32.0, 12.0, 5.0] train=0.9432 val:stage1=0.9264 layers=[0.6952, 0.1972, 0.0508]
[20:11:46] epoch=004 stage=1 gamma=[32.0, 12.0, 5.0] train=0.9377 val:stage1=0.9185 layers=[0.6915, 0.1957, 0.0505]
[20:17:43] epoch=005 stage=1 gamma=[32.0, 12.0, 5.0] train=0.9364 val:stage1=0.9152 layers=[0.6905, 0.1954, 0.0505]
[20:23:37] epoch=006 stage=1 gamma=[32.0, 12.0, 5.0] train=0.9286 val:stage1=0.9101 layers=[0.6855, 0.1932, 0.0499]
[20:29:31] epoch=007 stage=1 gamma=[32.0, 12.0, 5.0] train=0.9279 val:stage1=0.9090 layers=[0.685, 0.193, 0.0499]
[20:35:25] epoch=008 stage=1 gamma=[32.0, 12.0, 5.0] train=0.9264 val:stage1=0.9092 layers=[0.684, 0.1926, 0.0498]
[20:41:17] epoch=009 stage=1 gamma=[32.0, 12.0, 5.0] train=0.9238 val:stage1=0.9049 layers=[0.6823, 0.1919, 0.0496]
[20:47:09] epoch=010 stage=1 gamma=[32.0, 12.0, 5.0] train=0.9232 val:stage1=0.9101 layers=[0.6818, 0.1918, 0.0496]
[21:01:09] epoch=011 stage=2 gamma=[32.0, 12.0, 5.0] train=0.9343 val:stage2=0.9178 layers=[0.6896, 0.1946, 0.0501]
[21:15:14] epoch=012 stage=2 gamma=[32.0, 12.0, 5.0] train=0.9308 val:stage2=0.9176 layers=[0.6868, 0.194, 0.0501]
[21:29:26] epoch=013 stage=2 gamma=[32.0, 12.0, 5.0] train=0.9260 val:stage2=0.9131 layers=[0.6836, 0.1927, 0.0497]
[21:43:32] epoch=014 stage=2 gamma=[32.0, 12.0, 5.0] train=0.9261 val:stage2=0.9092 layers=[0.6836, 0.1927, 0.0498]
[21:57:29] epoch=015 stage=2 gamma=[32.0, 12.0, 5.0] train=0.9248 val:stage2=0.9074 layers=[0.6827, 0.1924, 0.0497]
[22:11:42] epoch=016 stage=2 gamma=[32.0, 12.0, 5.0] train=0.9211 val:stage2=0.9066 layers=[0.6801, 0.1915, 0.0495]
[22:25:49] epoch=017 stage=2 gamma=[32.0, 12.0, 5.0] train=0.9193 val:stage2=0.9037 layers=[0.6789, 0.1911, 0.0494]
