job_id=8161
job_name=agg_rl_FM
hostname=node02
start_time=2026-07-09T10:06:57+09:00
cuda_visible_devices=0
slurm_cpus_per_task=24
slurm_mem_per_node=49152
Thu Jul  9 10:06:57 2026       
+-----------------------------------------------------------------------------------------+
| NVIDIA-SMI 570.124.06             Driver Version: 570.124.06     CUDA Version: 12.8     |
|-----------------------------------------+------------------------+----------------------+
| GPU  Name                 Persistence-M | Bus-Id          Disp.A | Volatile Uncorr. ECC |
| Fan  Temp   Perf          Pwr:Usage/Cap |           Memory-Usage | GPU-Util  Compute M. |
|                                         |                        |               MIG M. |
|=========================================+========================+======================|
|   0  NVIDIA GeForce RTX 3090        On  |   00000000:17:00.0 Off |                  N/A |
| 48%   42C    P8             28W /  345W |       2MiB /  24576MiB |      0%      Default |
|                                         |                        |                  N/A |
+-----------------------------------------+------------------------+----------------------+
                                                                                         
+-----------------------------------------------------------------------------------------+
| Processes:                                                                              |
|  GPU   GI   CI              PID   Type   Process name                        GPU Memory |
|        ID   ID                                                               Usage      |
|=========================================================================================|
|  No running processes found                                                             |
+-----------------------------------------------------------------------------------------+
launch_command=bash scripts/train_model.sh 
=== train attempt=1/200 at 2026-07-09T10:06:58+09:00 ===
auto_resume_from=/home/s2021102349/Audio-Geometry-Grid_Representation-Learning/checkpoints/agg_rl_FM_paper/latest.pt
repo_root=/home/s2021102349/Audio-Geometry-Grid_Representation-Learning
run_name=agg_rl_FM_paper
save_dir=/home/s2021102349/Audio-Geometry-Grid_Representation-Learning/checkpoints/agg_rl_FM_paper
log_file=/home/s2021102349/Audio-Geometry-Grid_Representation-Learning/data/train_runs/agg_rl_FM_paper/train.log
mpe_type=FM
start_time=2026-07-09T10:06:58+09:00
command=python train.py --librispeech_train /home/s2021102349/Audio-Geometry-Grid_Representation-Learning/datasets/librispeech/LibriSpeech/train-clean-100 --librispeech_val /home/s2021102349/Audio-Geometry-Grid_Representation-Learning/datasets/librispeech/LibriSpeech/test-clean --ms_snsd_train /home/s2021102349/Audio-Geometry-Grid_Representation-Learning/datasets/ms-snsd/MS-SNSD/noise_train --ms_snsd_val /home/s2021102349/Audio-Geometry-Grid_Representation-Learning/datasets/ms-snsd/MS-SNSD/noise_test --mpe_type FM --save_dir /home/s2021102349/Audio-Geometry-Grid_Representation-Learning/checkpoints/agg_rl_FM_paper --batch_size 8 --num_workers 8 --prefetch_factor 1 --log_interval 0 --train_samples_per_epoch 28800 --fixed_suite_samples 2000 --dynamic_samples_per_channel 300 --seed 42 --resume /home/s2021102349/Audio-Geometry-Grid_Representation-Learning/checkpoints/agg_rl_FM_paper/latest.pt 
device=cuda
model=AGG_RL(FM) params=2,788,836
train_speech=28539 train_noise=128
/home/s2021102349/Audio-Geometry-Grid_Representation-Learning/trainer/train.py:213: FutureWarning: You are using `torch.load` with `weights_only=False` (the current default value), which uses the default pickle module implicitly. It is possible to construct malicious pickle data which will execute arbitrary code during unpickling (See https://github.com/pytorch/pytorch/blob/main/SECURITY.md#untrusted-models for more details). In a future release, the default value for `weights_only` will be flipped to `True`. This limits the functions that could be executed during unpickling. Arbitrary objects will no longer be allowed to be loaded via this mode unless they are explicitly allowlisted by the user via `torch.serialization.add_safe_globals`. We recommend you start setting `weights_only=True` for any use case where you don't have full control of the loaded file. Please open an issue on GitHub for any issues related to this experimental feature.
  checkpoint = torch.load(resume_path, map_location=device)
[10:35:21] epoch=021 stage=3 gamma=[32.0, 12.0, 5.0] train=0.9197 val:stage3=0.8959 layers=[0.6789, 0.1913, 0.0495]
[11:04:02] epoch=022 stage=3 gamma=[32.0, 12.0, 5.0] train=0.9118 val:stage3=0.8949 layers=[0.6735, 0.1893, 0.0491]
