job_id=8228
job_name=agg_rl_train
hostname=node02
start_time=2026-07-20T09:54:29+09:00
cuda_visible_devices=0
slurm_cpus_per_task=16
slurm_mem_per_node=49152
Mon Jul 20 09:54:29 2026       
+-----------------------------------------------------------------------------------------+
| NVIDIA-SMI 570.124.06             Driver Version: 570.124.06     CUDA Version: 12.8     |
|-----------------------------------------+------------------------+----------------------+
| GPU  Name                 Persistence-M | Bus-Id          Disp.A | Volatile Uncorr. ECC |
| Fan  Temp   Perf          Pwr:Usage/Cap |           Memory-Usage | GPU-Util  Compute M. |
|                                         |                        |               MIG M. |
|=========================================+========================+======================|
|   0  NVIDIA GeForce RTX 3090        On  |   00000000:17:00.0 Off |                  N/A |
| 40%   21C    P8             29W /  345W |       2MiB /  24576MiB |      0%      Default |
|                                         |                        |                  N/A |
+-----------------------------------------+------------------------+----------------------+
                                                                                         
+-----------------------------------------------------------------------------------------+
| Processes:                                                                              |
|  GPU   GI   CI              PID   Type   Process name                        GPU Memory |
|        ID   ID                                                               Usage      |
|=========================================================================================|
|  No running processes found                                                             |
+-----------------------------------------------------------------------------------------+
launch_command=bash scripts/train_model.sh 
=== train attempt=1/200 at 2026-07-20T09:54:30+09:00 ===
repo_root=/home/s2021102349/Audio-Geometry-Grid_Representation-Learning
run_name=agg_rl_PM_snrfix_20260720
save_dir=/home/s2021102349/Audio-Geometry-Grid_Representation-Learning/checkpoints/agg_rl_PM_snrfix_20260720
log_file=/home/s2021102349/Audio-Geometry-Grid_Representation-Learning/data/train_runs/agg_rl_PM_snrfix_20260720/train.log
mpe_type=PM
start_time=2026-07-20T09:54:32+09:00
command=python train.py --librispeech_train /home/s2021102349/Audio-Geometry-Grid_Representation-Learning/datasets/librispeech/LibriSpeech/train-clean-100 --librispeech_val /home/s2021102349/Audio-Geometry-Grid_Representation-Learning/datasets/librispeech/LibriSpeech/test-clean --ms_snsd_train /home/s2021102349/Audio-Geometry-Grid_Representation-Learning/datasets/ms-snsd/MS-SNSD/noise_train --ms_snsd_val /home/s2021102349/Audio-Geometry-Grid_Representation-Learning/datasets/ms-snsd/MS-SNSD/noise_test --mpe_type PM --save_dir /home/s2021102349/Audio-Geometry-Grid_Representation-Learning/checkpoints/agg_rl_PM_snrfix_20260720 --batch_size 16 --num_workers 16 --prefetch_factor 1 --log_interval 0 --train_samples_per_epoch 28800 --fixed_suite_samples 2000 --dynamic_samples_per_channel 300 --seed 42 
device=cuda
model=AGG_RL(PM) params=2,788,836
train_speech=28539 train_noise=128
[10:00:35] epoch=001 stage=1 gamma=[32.0, 12.0, 5.0] train=0.9369 val:stage1=0.8604 layers=[0.6742, 0.2054, 0.0573]
[10:06:33] epoch=002 stage=1 gamma=[32.0, 12.0, 5.0] train=0.8736 val:stage1=0.8381 layers=[0.6348, 0.1862, 0.0526]
[10:12:31] epoch=003 stage=1 gamma=[32.0, 12.0, 5.0] train=0.8404 val:stage1=0.8185 layers=[0.6193, 0.1715, 0.0496]
[10:18:30] epoch=004 stage=1 gamma=[32.0, 12.0, 5.0] train=0.8232 val:stage1=0.8025 layers=[0.6122, 0.164, 0.047]
[10:24:30] epoch=005 stage=1 gamma=[32.0, 12.0, 5.0] train=0.8184 val:stage1=0.7907 layers=[0.6105, 0.1619, 0.046]
[10:30:31] epoch=006 stage=1 gamma=[32.0, 12.0, 5.0] train=0.8083 val:stage1=0.7968 layers=[0.6052, 0.1583, 0.0448]
[10:36:32] epoch=007 stage=1 gamma=[32.0, 12.0, 5.0] train=0.8024 val:stage1=0.7883 layers=[0.602, 0.1562, 0.0443]
[10:42:30] epoch=008 stage=1 gamma=[32.0, 12.0, 5.0] train=0.8013 val:stage1=0.7784 layers=[0.6018, 0.1555, 0.044]
[10:48:27] epoch=009 stage=1 gamma=[32.0, 12.0, 5.0] train=0.7965 val:stage1=0.7782 layers=[0.5991, 0.1539, 0.0435]
[10:54:26] epoch=010 stage=1 gamma=[32.0, 12.0, 5.0] train=0.7938 val:stage1=0.7784 layers=[0.5974, 0.1531, 0.0433]
[11:00:26] epoch=011 stage=2 gamma=[32.0, 12.0, 5.0] train=0.8725 val:stage2=0.8374 layers=[0.638, 0.1832, 0.0513]
[11:06:27] epoch=012 stage=2 gamma=[32.0, 12.0, 5.0] train=0.8491 val:stage2=0.8210 layers=[0.6261, 0.1742, 0.0488]
[11:12:28] epoch=013 stage=2 gamma=[32.0, 12.0, 5.0] train=0.8361 val:stage2=0.8170 layers=[0.6189, 0.1696, 0.0476]
[11:18:27] epoch=014 stage=2 gamma=[32.0, 12.0, 5.0] train=0.8281 val:stage2=0.8083 layers=[0.6151, 0.1663, 0.0467]
[11:24:25] epoch=015 stage=2 gamma=[32.0, 12.0, 5.0] train=0.8253 val:stage2=0.7972 layers=[0.6136, 0.1653, 0.0463]
[11:30:24] epoch=016 stage=2 gamma=[32.0, 12.0, 5.0] train=0.8187 val:stage2=0.7919 layers=[0.6102, 0.1628, 0.0456]
[11:36:23] epoch=017 stage=2 gamma=[32.0, 12.0, 5.0] train=0.8129 val:stage2=0.7872 layers=[0.6071, 0.1608, 0.045]
[11:42:23] epoch=018 stage=2 gamma=[32.0, 12.0, 5.0] train=0.8102 val:stage2=0.7841 layers=[0.6057, 0.1597, 0.0447]
[11:48:23] epoch=019 stage=2 gamma=[32.0, 12.0, 5.0] train=0.8027 val:stage2=0.7781 layers=[0.6015, 0.1572, 0.044]
[11:54:24] epoch=020 stage=2 gamma=[32.0, 12.0, 5.0] train=0.8027 val:stage2=0.7806 layers=[0.6017, 0.157, 0.0439]
[12:06:05] epoch=021 stage=3 gamma=[32.0, 12.0, 5.0] train=0.7886 val:stage3=0.7597 layers=[0.5935, 0.1521, 0.0431]
[12:17:39] epoch=022 stage=3 gamma=[32.0, 12.0, 5.0] train=0.7844 val:stage3=0.7653 layers=[0.5915, 0.1505, 0.0425]
[12:29:15] epoch=023 stage=3 gamma=[32.0, 12.0, 5.0] train=0.7780 val:stage3=0.7545 layers=[0.5885, 0.1479, 0.0417]
[12:40:56] epoch=024 stage=3 gamma=[32.0, 12.0, 5.0] train=0.7744 val:stage3=0.7496 layers=[0.5863, 0.1468, 0.0414]
[12:52:34] epoch=025 stage=3 gamma=[32.0, 12.0, 5.0] train=0.7736 val:stage3=0.7505 layers=[0.5862, 0.1462, 0.0411]
[13:04:12] epoch=026 stage=3 gamma=[32.0, 12.0, 5.0] train=0.7707 val:stage3=0.7422 layers=[0.585, 0.1451, 0.0407]
[13:15:51] epoch=027 stage=3 gamma=[32.0, 12.0, 5.0] train=0.7666 val:stage3=0.7399 layers=[0.5828, 0.1436, 0.0402]
[13:27:27] epoch=028 stage=3 gamma=[32.0, 12.0, 5.0] train=0.7644 val:stage3=0.7396 layers=[0.5817, 0.1428, 0.0399]
[13:39:04] epoch=029 stage=3 gamma=[32.0, 12.0, 5.0] train=0.7605 val:stage3=0.7380 layers=[0.5797, 0.1414, 0.0394]
[13:50:41] epoch=030 stage=3 gamma=[32.0, 12.0, 5.0] train=0.7607 val:stage3=0.7375 layers=[0.58, 0.1413, 0.0393]
[14:02:18] epoch=031 stage=3 gamma=[32.0, 12.0, 5.0] train=0.7583 val:stage3=0.7377 layers=[0.5787, 0.1406, 0.0391]
[14:13:57] epoch=032 stage=3 gamma=[32.0, 12.0, 5.0] train=0.7594 val:stage3=0.7334 layers=[0.5797, 0.1406, 0.039]
[14:25:36] epoch=033 stage=3 gamma=[32.0, 12.0, 5.0] train=0.7566 val:stage3=0.7334 layers=[0.5782, 0.1397, 0.0387]
[14:37:13] epoch=034 stage=3 gamma=[32.0, 12.0, 5.0] train=0.7576 val:stage3=0.7313 layers=[0.5787, 0.1402, 0.0388]
[14:48:49] epoch=035 stage=3 gamma=[32.0, 12.0, 5.0] train=0.7560 val:stage3=0.7328 layers=[0.5776, 0.1397, 0.0387]
[15:00:36] epoch=036 stage=3 gamma=[30.92, 11.72, 5.0] train=0.7279 val:stage3=0.7038 layers=[0.5555, 0.1341, 0.0383]
[15:12:16] epoch=037 stage=3 gamma=[29.84, 11.44, 5.0] train=0.6997 val:stage3=0.6760 layers=[0.5323, 0.1291, 0.0383]
[15:23:57] epoch=038 stage=3 gamma=[28.76, 11.16, 5.0] train=0.6712 val:stage3=0.6518 layers=[0.5084, 0.1246, 0.0383]
[15:35:33] epoch=039 stage=3 gamma=[27.68, 10.88, 5.0] train=0.6397 val:stage3=0.6177 layers=[0.4827, 0.119, 0.0379]
[15:47:15] epoch=040 stage=3 gamma=[26.6, 10.6, 5.0] train=0.6111 val:stage3=0.5910 layers=[0.4585, 0.1146, 0.038]
[15:58:49] epoch=041 stage=3 gamma=[25.52, 10.32, 5.0] train=0.5796 val:stage3=0.5614 layers=[0.4323, 0.1095, 0.0377]
[16:10:34] epoch=042 stage=3 gamma=[24.44, 10.04, 5.0] train=0.5486 val:stage3=0.5312 layers=[0.4063, 0.1047, 0.0375]
[16:22:15] epoch=043 stage=3 gamma=[23.36, 9.76, 5.0] train=0.5173 val:stage3=0.5017 layers=[0.38, 0.0999, 0.0373]
[16:33:53] epoch=044 stage=3 gamma=[22.28, 9.48, 5.0] train=0.4899 val:stage3=0.4711 layers=[0.3561, 0.0963, 0.0376]
[16:45:25] epoch=045 stage=3 gamma=[21.2, 9.2, 5.0] train=0.4594 val:stage3=0.4414 layers=[0.3302, 0.0918, 0.0374]
[16:57:06] epoch=046 stage=3 gamma=[20.12, 8.92, 5.0] train=0.4290 val:stage3=0.4112 layers=[0.3047, 0.0872, 0.0372]
[17:08:40] epoch=047 stage=3 gamma=[19.04, 8.64, 5.0] train=0.4016 val:stage3=0.3847 layers=[0.2808, 0.0834, 0.0373]
[17:20:20] epoch=048 stage=3 gamma=[17.96, 8.36, 5.0] train=0.3721 val:stage3=0.3590 layers=[0.2559, 0.079, 0.0372]
[17:31:55] epoch=049 stage=3 gamma=[16.88, 8.08, 5.0] train=0.3435 val:stage3=0.3306 layers=[0.2317, 0.0748, 0.037]
[17:43:38] epoch=050 stage=3 gamma=[15.8, 7.8, 5.0] train=0.3156 val:stage3=0.3019 layers=[0.2084, 0.0704, 0.0367]
[17:55:19] epoch=051 stage=3 gamma=[14.72, 7.52, 5.0] train=0.2917 val:stage3=0.2790 layers=[0.1878, 0.0671, 0.0368]
[18:07:02] epoch=052 stage=3 gamma=[13.64, 7.24, 5.0] train=0.2653 val:stage3=0.2528 layers=[0.1657, 0.063, 0.0366]
[18:18:37] epoch=053 stage=3 gamma=[12.56, 6.96, 5.0] train=0.2419 val:stage3=0.2301 layers=[0.1459, 0.0594, 0.0366]
[18:30:15] epoch=054 stage=3 gamma=[11.48, 6.68, 5.0] train=0.2192 val:stage3=0.2099 layers=[0.1269, 0.0558, 0.0365]
[18:41:54] epoch=055 stage=3 gamma=[10.4, 6.4, 5.0] train=0.1978 val:stage3=0.1881 layers=[0.109, 0.0523, 0.0365]
[18:53:34] epoch=056 stage=3 gamma=[9.32, 6.12, 5.0] train=0.1775 val:stage3=0.1690 layers=[0.0923, 0.0489, 0.0364]
[19:05:21] epoch=057 stage=3 gamma=[8.24, 5.84, 5.0] train=0.1576 val:stage3=0.1501 layers=[0.0761, 0.0453, 0.0361]
[19:16:59] epoch=058 stage=3 gamma=[7.16, 5.56, 5.0] train=0.1402 val:stage3=0.1334 layers=[0.0618, 0.0422, 0.0362]
[19:28:35] epoch=059 stage=3 gamma=[6.08, 5.28, 5.0] train=0.1240 val:stage3=0.1175 layers=[0.0486, 0.0392, 0.0363]
[19:40:15] epoch=060 stage=3 gamma=[5.0, 5.0, 5.0] train=0.1084 val:stage3=0.1017 layers=[0.0362, 0.036, 0.0362]
[19:51:51] epoch=061 stage=3 gamma=[5.0, 5.0, 5.0] train=0.1079 val:stage3=0.1035 layers=[0.0361, 0.0359, 0.036]
[20:03:32] epoch=062 stage=3 gamma=[5.0, 5.0, 5.0] train=0.1082 val:stage3=0.1028 layers=[0.0362, 0.0359, 0.036]
[20:15:07] epoch=063 stage=3 gamma=[5.0, 5.0, 5.0] train=0.1076 val:stage3=0.1011 layers=[0.036, 0.0357, 0.0358]
[20:26:47] epoch=064 stage=3 gamma=[5.0, 5.0, 5.0] train=0.1070 val:stage3=0.1022 layers=[0.0358, 0.0356, 0.0356]
[20:38:29] epoch=065 stage=3 gamma=[5.0, 5.0, 5.0] train=0.1065 val:stage3=0.1017 layers=[0.0356, 0.0354, 0.0355]
[20:50:09] epoch=066 stage=3 gamma=[5.0, 5.0, 5.0] train=0.1055 val:stage3=0.1002 layers=[0.0353, 0.0351, 0.0352]
[21:01:49] epoch=067 stage=3 gamma=[5.0, 5.0, 5.0] train=0.1051 val:stage3=0.1002 layers=[0.0351, 0.035, 0.035]
[21:13:23] epoch=068 stage=3 gamma=[5.0, 5.0, 5.0] train=0.1054 val:stage3=0.1007 layers=[0.0352, 0.035, 0.0351]
[21:24:58] epoch=069 stage=3 gamma=[5.0, 5.0, 5.0] train=0.1049 val:stage3=0.0986 layers=[0.035, 0.0349, 0.035]
[21:36:31] epoch=070 stage=3 gamma=[5.0, 5.0, 5.0] train=0.1041 val:stage3=0.0992 layers=[0.0348, 0.0346, 0.0347]
[21:48:09] epoch=071 stage=3 gamma=[5.0, 5.0, 5.0] train=0.1042 val:stage3=0.0982 layers=[0.0348, 0.0347, 0.0348]
[21:59:44] epoch=072 stage=3 gamma=[5.0, 5.0, 5.0] train=0.1038 val:stage3=0.0979 layers=[0.0347, 0.0345, 0.0346]
[22:11:23] epoch=073 stage=3 gamma=[5.0, 5.0, 5.0] train=0.1036 val:stage3=0.0978 layers=[0.0346, 0.0345, 0.0346]
[22:22:59] epoch=074 stage=3 gamma=[5.0, 5.0, 5.0] train=0.1034 val:stage3=0.0979 layers=[0.0346, 0.0344, 0.0345]
[22:34:31] epoch=075 stage=3 gamma=[5.0, 5.0, 5.0] train=0.1038 val:stage3=0.0979 layers=[0.0347, 0.0345, 0.0346]
[22:46:12] epoch=076 stage=3 gamma=[5.0, 5.0, 5.0] train=0.1018 val:stage3=0.0968 layers=[0.034, 0.0339, 0.0339]
[22:57:45] epoch=077 stage=3 gamma=[5.0, 5.0, 5.0] train=0.1024 val:stage3=0.0984 layers=[0.0342, 0.034, 0.0341]
[23:09:16] epoch=078 stage=3 gamma=[5.0, 5.0, 5.0] train=0.1028 val:stage3=0.0966 layers=[0.0343, 0.0342, 0.0343]
[23:20:53] epoch=079 stage=3 gamma=[5.0, 5.0, 5.0] train=0.1011 val:stage3=0.0964 layers=[0.0338, 0.0336, 0.0337]
[23:32:21] epoch=080 stage=3 gamma=[5.0, 5.0, 5.0] train=0.1026 val:stage3=0.0967 layers=[0.0343, 0.0341, 0.0342]
[23:43:56] epoch=081 stage=3 gamma=[5.0, 5.0, 5.0] train=0.1015 val:stage3=0.0960 layers=[0.0339, 0.0338, 0.0338]
[23:55:36] epoch=082 stage=3 gamma=[5.0, 5.0, 5.0] train=0.1018 val:stage3=0.0965 layers=[0.034, 0.0339, 0.034]
[00:07:10] epoch=083 stage=3 gamma=[5.0, 5.0, 5.0] train=0.1018 val:stage3=0.0963 layers=[0.034, 0.0339, 0.0339]
[00:18:49] epoch=084 stage=3 gamma=[5.0, 5.0, 5.0] train=0.1000 val:stage3=0.0950 layers=[0.0334, 0.0333, 0.0334]
[00:30:27] epoch=085 stage=3 gamma=[5.0, 5.0, 5.0] train=0.1007 val:stage3=0.0955 layers=[0.0336, 0.0335, 0.0336]
[00:42:03] epoch=086 stage=3 gamma=[5.0, 5.0, 5.0] train=0.1008 val:stage3=0.0953 layers=[0.0337, 0.0335, 0.0336]
[00:53:42] epoch=087 stage=3 gamma=[5.0, 5.0, 5.0] train=0.0995 val:stage3=0.0946 layers=[0.0332, 0.0331, 0.0332]
[01:05:22] epoch=088 stage=3 gamma=[5.0, 5.0, 5.0] train=0.0998 val:stage3=0.0941 layers=[0.0333, 0.0332, 0.0333]
[01:17:01] epoch=089 stage=3 gamma=[5.0, 5.0, 5.0] train=0.0998 val:stage3=0.0941 layers=[0.0333, 0.0332, 0.0333]
[01:28:46] epoch=090 stage=3 gamma=[5.0, 5.0, 5.0] train=0.0992 val:stage3=0.0946 layers=[0.0331, 0.033, 0.0331]
[01:40:25] epoch=091 stage=3 gamma=[5.0, 5.0, 5.0] train=0.0985 val:stage3=0.0931 layers=[0.0329, 0.0328, 0.0329]
[01:52:01] epoch=092 stage=3 gamma=[5.0, 5.0, 5.0] train=0.0983 val:stage3=0.0928 layers=[0.0328, 0.0327, 0.0328]
[02:03:38] epoch=093 stage=3 gamma=[5.0, 5.0, 5.0] train=0.0983 val:stage3=0.0931 layers=[0.0328, 0.0327, 0.0328]
[02:15:14] epoch=094 stage=3 gamma=[5.0, 5.0, 5.0] train=0.0976 val:stage3=0.0927 layers=[0.0326, 0.0325, 0.0326]
[02:26:57] epoch=095 stage=3 gamma=[5.0, 5.0, 5.0] train=0.0972 val:stage3=0.0929 layers=[0.0325, 0.0323, 0.0324]
[02:38:35] epoch=096 stage=3 gamma=[5.0, 5.0, 5.0] train=0.0970 val:stage3=0.0927 layers=[0.0324, 0.0323, 0.0323]
[02:50:14] epoch=097 stage=3 gamma=[5.0, 5.0, 5.0] train=0.0970 val:stage3=0.0928 layers=[0.0324, 0.0323, 0.0323]
[03:01:51] epoch=098 stage=3 gamma=[5.0, 5.0, 5.0] train=0.0972 val:stage3=0.0924 layers=[0.0325, 0.0323, 0.0324]
[03:13:28] epoch=099 stage=3 gamma=[5.0, 5.0, 5.0] train=0.0975 val:stage3=0.0919 layers=[0.0326, 0.0324, 0.0325]
[03:25:09] epoch=100 stage=3 gamma=[5.0, 5.0, 5.0] train=0.0967 val:stage3=0.0924 layers=[0.0323, 0.0322, 0.0322]
[03:36:40] epoch=101 stage=3 gamma=[5.0, 5.0, 5.0] train=0.0981 val:stage3=0.0920 layers=[0.0328, 0.0326, 0.0327]
[03:48:19] epoch=102 stage=3 gamma=[5.0, 5.0, 5.0] train=0.0968 val:stage3=0.0916 layers=[0.0323, 0.0322, 0.0323]
[03:59:52] epoch=103 stage=3 gamma=[5.0, 5.0, 5.0] train=0.0960 val:stage3=0.0908 layers=[0.0321, 0.032, 0.032]
[04:11:29] epoch=104 stage=3 gamma=[5.0, 5.0, 5.0] train=0.0967 val:stage3=0.0903 layers=[0.0323, 0.0322, 0.0322]
[04:23:11] epoch=105 stage=3 gamma=[5.0, 5.0, 5.0] train=0.0963 val:stage3=0.0905 layers=[0.0322, 0.032, 0.0321]
[04:34:53] epoch=106 stage=3 gamma=[5.0, 5.0, 5.0] train=0.0955 val:stage3=0.0903 layers=[0.0319, 0.0318, 0.0318]
[04:46:29] epoch=107 stage=3 gamma=[5.0, 5.0, 5.0] train=0.0959 val:stage3=0.0901 layers=[0.032, 0.0319, 0.032]
[04:58:03] epoch=108 stage=3 gamma=[5.0, 5.0, 5.0] train=0.0948 val:stage3=0.0902 layers=[0.0316, 0.0315, 0.0316]
[05:09:32] epoch=109 stage=3 gamma=[5.0, 5.0, 5.0] train=0.0949 val:stage3=0.0903 layers=[0.0317, 0.0316, 0.0316]
[05:21:16] epoch=110 stage=3 gamma=[5.0, 5.0, 5.0] train=0.0945 val:stage3=0.0892 layers=[0.0316, 0.0315, 0.0315]
[05:32:58] epoch=111 stage=3 gamma=[5.0, 5.0, 5.0] train=0.0947 val:stage3=0.0895 layers=[0.0316, 0.0315, 0.0316]
[05:44:39] epoch=112 stage=3 gamma=[5.0, 5.0, 5.0] train=0.0941 val:stage3=0.0892 layers=[0.0314, 0.0313, 0.0314]
[05:56:21] epoch=113 stage=3 gamma=[5.0, 5.0, 5.0] train=0.0939 val:stage3=0.0896 layers=[0.0313, 0.0312, 0.0313]
[06:07:55] epoch=114 stage=3 gamma=[5.0, 5.0, 5.0] train=0.0948 val:stage3=0.0899 layers=[0.0316, 0.0315, 0.0316]
[06:19:34] epoch=115 stage=3 gamma=[5.0, 5.0, 5.0] train=0.0939 val:stage3=0.0886 layers=[0.0314, 0.0313, 0.0313]
[06:31:09] epoch=116 stage=3 gamma=[5.0, 5.0, 5.0] train=0.0936 val:stage3=0.0891 layers=[0.0312, 0.0311, 0.0312]
[06:42:40] epoch=117 stage=3 gamma=[5.0, 5.0, 5.0] train=0.0942 val:stage3=0.0886 layers=[0.0314, 0.0313, 0.0314]
[06:54:20] epoch=118 stage=3 gamma=[5.0, 5.0, 5.0] train=0.0933 val:stage3=0.0885 layers=[0.0312, 0.031, 0.0311]
[07:05:53] epoch=119 stage=3 gamma=[5.0, 5.0, 5.0] train=0.0934 val:stage3=0.0883 layers=[0.0312, 0.0311, 0.0311]
[07:17:30] epoch=120 stage=3 gamma=[5.0, 5.0, 5.0] train=0.0928 val:stage3=0.0883 layers=[0.031, 0.0309, 0.0309]
[07:29:10] epoch=121 stage=3 gamma=[5.0, 5.0, 5.0] train=0.0935 val:stage3=0.0879 layers=[0.0312, 0.0311, 0.0312]
[07:40:50] epoch=122 stage=3 gamma=[5.0, 5.0, 5.0] train=0.0928 val:stage3=0.0887 layers=[0.031, 0.0309, 0.0309]
[07:52:28] epoch=123 stage=3 gamma=[5.0, 5.0, 5.0] train=0.0933 val:stage3=0.0885 layers=[0.0312, 0.0311, 0.0311]
[08:04:00] epoch=124 stage=3 gamma=[5.0, 5.0, 5.0] train=0.0931 val:stage3=0.0873 layers=[0.0311, 0.031, 0.031]
[08:15:40] epoch=125 stage=3 gamma=[5.0, 5.0, 5.0] train=0.0928 val:stage3=0.0871 layers=[0.031, 0.0309, 0.031]
[08:27:13] epoch=126 stage=3 gamma=[5.0, 5.0, 5.0] train=0.0925 val:stage3=0.0872 layers=[0.0309, 0.0308, 0.0308]
[08:38:54] epoch=127 stage=3 gamma=[5.0, 5.0, 5.0] train=0.0925 val:stage3=0.0877 layers=[0.0309, 0.0308, 0.0308]
[08:50:35] epoch=128 stage=3 gamma=[5.0, 5.0, 5.0] train=0.0923 val:stage3=0.0871 layers=[0.0308, 0.0307, 0.0308]
[09:02:12] epoch=129 stage=3 gamma=[5.0, 5.0, 5.0] train=0.0922 val:stage3=0.0866 layers=[0.0308, 0.0307, 0.0307]
[09:13:55] epoch=130 stage=3 gamma=[5.0, 5.0, 5.0] train=0.0920 val:stage3=0.0866 layers=[0.0307, 0.0306, 0.0307]
[09:25:36] epoch=131 stage=3 gamma=[5.0, 5.0, 5.0] train=0.0914 val:stage3=0.0872 layers=[0.0305, 0.0304, 0.0305]
[09:37:12] epoch=132 stage=3 gamma=[5.0, 5.0, 5.0] train=0.0920 val:stage3=0.0867 layers=[0.0307, 0.0306, 0.0307]
[09:48:48] epoch=133 stage=3 gamma=[5.0, 5.0, 5.0] train=0.0912 val:stage3=0.0863 layers=[0.0305, 0.0303, 0.0304]
[10:00:27] epoch=134 stage=3 gamma=[5.0, 5.0, 5.0] train=0.0909 val:stage3=0.0865 layers=[0.0303, 0.0302, 0.0303]
[10:12:04] epoch=135 stage=3 gamma=[5.0, 5.0, 5.0] train=0.0915 val:stage3=0.0864 layers=[0.0305, 0.0304, 0.0305]
[10:23:38] epoch=136 stage=3 gamma=[5.0, 5.0, 5.0] train=0.0906 val:stage3=0.0858 layers=[0.0303, 0.0301, 0.0302]
[10:35:11] epoch=137 stage=3 gamma=[5.0, 5.0, 5.0] train=0.0906 val:stage3=0.0861 layers=[0.0303, 0.0302, 0.0302]
[10:46:47] epoch=138 stage=3 gamma=[5.0, 5.0, 5.0] train=0.0911 val:stage3=0.0858 layers=[0.0304, 0.0303, 0.0304]
[10:58:26] epoch=139 stage=3 gamma=[5.0, 5.0, 5.0] train=0.0910 val:stage3=0.0855 layers=[0.0304, 0.0303, 0.0303]
[11:10:08] epoch=140 stage=3 gamma=[5.0, 5.0, 5.0] train=0.0902 val:stage3=0.0856 layers=[0.0301, 0.03, 0.0301]
[11:21:47] epoch=141 stage=3 gamma=[5.0, 5.0, 5.0] train=0.0910 val:stage3=0.0858 layers=[0.0304, 0.0303, 0.0303]
[11:33:16] epoch=142 stage=3 gamma=[5.0, 5.0, 5.0] train=0.0903 val:stage3=0.0852 layers=[0.0301, 0.03, 0.0301]
[11:44:52] epoch=143 stage=3 gamma=[5.0, 5.0, 5.0] train=0.0907 val:stage3=0.0849 layers=[0.0303, 0.0302, 0.0302]
[11:56:34] epoch=144 stage=3 gamma=[5.0, 5.0, 5.0] train=0.0897 val:stage3=0.0849 layers=[0.0299, 0.0298, 0.0299]
[12:08:16] epoch=145 stage=3 gamma=[5.0, 5.0, 5.0] train=0.0899 val:stage3=0.0850 layers=[0.03, 0.0299, 0.03]
[12:19:55] epoch=146 stage=3 gamma=[5.0, 5.0, 5.0] train=0.0904 val:stage3=0.0847 layers=[0.0302, 0.0301, 0.0301]
[12:31:31] epoch=147 stage=3 gamma=[5.0, 5.0, 5.0] train=0.0905 val:stage3=0.0852 layers=[0.0302, 0.0301, 0.0302]
[12:43:10] epoch=148 stage=3 gamma=[5.0, 5.0, 5.0] train=0.0898 val:stage3=0.0849 layers=[0.03, 0.0299, 0.0299]
[12:54:49] epoch=149 stage=3 gamma=[5.0, 5.0, 5.0] train=0.0899 val:stage3=0.0850 layers=[0.03, 0.0299, 0.03]
[13:06:29] epoch=150 stage=3 gamma=[5.0, 5.0, 5.0] train=0.0894 val:stage3=0.0846 layers=[0.0299, 0.0297, 0.0298]
[13:18:10] epoch=151 stage=3 gamma=[5.0, 5.0, 5.0] train=0.0891 val:stage3=0.0844 layers=[0.0298, 0.0297, 0.0297]
[13:29:46] epoch=152 stage=3 gamma=[5.0, 5.0, 5.0] train=0.0898 val:stage3=0.0843 layers=[0.03, 0.0299, 0.0299]
[13:41:17] epoch=153 stage=3 gamma=[5.0, 5.0, 5.0] train=0.0894 val:stage3=0.0844 layers=[0.0299, 0.0297, 0.0298]
[13:52:49] epoch=154 stage=3 gamma=[5.0, 5.0, 5.0] train=0.0897 val:stage3=0.0844 layers=[0.03, 0.0299, 0.0299]
[14:04:34] epoch=155 stage=3 gamma=[5.0, 5.0, 5.0] train=0.0886 val:stage3=0.0842 layers=[0.0296, 0.0295, 0.0295]
[14:16:16] epoch=156 stage=3 gamma=[5.0, 5.0, 5.0] train=0.0892 val:stage3=0.0839 layers=[0.0298, 0.0297, 0.0297]
[14:27:58] epoch=157 stage=3 gamma=[5.0, 5.0, 5.0] train=0.0893 val:stage3=0.0840 layers=[0.0298, 0.0297, 0.0298]
[14:39:32] epoch=158 stage=3 gamma=[5.0, 5.0, 5.0] train=0.0886 val:stage3=0.0842 layers=[0.0296, 0.0295, 0.0295]
[14:51:09] epoch=159 stage=3 gamma=[5.0, 5.0, 5.0] train=0.0889 val:stage3=0.0836 layers=[0.0297, 0.0296, 0.0296]
[15:02:48] epoch=160 stage=3 gamma=[5.0, 5.0, 5.0] train=0.0880 val:stage3=0.0840 layers=[0.0294, 0.0293, 0.0293]
[15:14:21] epoch=161 stage=3 gamma=[5.0, 5.0, 5.0] train=0.0881 val:stage3=0.0837 layers=[0.0294, 0.0293, 0.0294]
[15:26:04] epoch=162 stage=3 gamma=[5.0, 5.0, 5.0] train=0.0881 val:stage3=0.0836 layers=[0.0294, 0.0293, 0.0294]
[15:37:33] epoch=163 stage=3 gamma=[5.0, 5.0, 5.0] train=0.0884 val:stage3=0.0835 layers=[0.0295, 0.0294, 0.0295]
[15:49:14] epoch=164 stage=3 gamma=[5.0, 5.0, 5.0] train=0.0884 val:stage3=0.0832 layers=[0.0295, 0.0294, 0.0295]
[16:00:53] epoch=165 stage=3 gamma=[5.0, 5.0, 5.0] train=0.0882 val:stage3=0.0834 layers=[0.0295, 0.0294, 0.0294]
[16:12:29] epoch=166 stage=3 gamma=[5.0, 5.0, 5.0] train=0.0885 val:stage3=0.0831 layers=[0.0295, 0.0294, 0.0295]
[16:24:10] epoch=167 stage=3 gamma=[5.0, 5.0, 5.0] train=0.0879 val:stage3=0.0831 layers=[0.0293, 0.0292, 0.0293]
[16:35:51] epoch=168 stage=3 gamma=[5.0, 5.0, 5.0] train=0.0880 val:stage3=0.0833 layers=[0.0294, 0.0293, 0.0293]
[16:47:27] epoch=169 stage=3 gamma=[5.0, 5.0, 5.0] train=0.0881 val:stage3=0.0828 layers=[0.0294, 0.0293, 0.0293]
[16:59:05] epoch=170 stage=3 gamma=[5.0, 5.0, 5.0] train=0.0880 val:stage3=0.0831 layers=[0.0294, 0.0293, 0.0293]
[17:10:53] epoch=171 stage=3 gamma=[5.0, 5.0, 5.0] train=0.0876 val:stage3=0.0829 layers=[0.0292, 0.0291, 0.0292]
[17:22:26] epoch=172 stage=3 gamma=[5.0, 5.0, 5.0] train=0.0877 val:stage3=0.0824 layers=[0.0293, 0.0292, 0.0292]
[17:34:01] epoch=173 stage=3 gamma=[5.0, 5.0, 5.0] train=0.0876 val:stage3=0.0827 layers=[0.0292, 0.0291, 0.0292]
[17:45:35] epoch=174 stage=3 gamma=[5.0, 5.0, 5.0] train=0.0877 val:stage3=0.0824 layers=[0.0293, 0.0292, 0.0292]
[17:57:11] epoch=175 stage=3 gamma=[5.0, 5.0, 5.0] train=0.0880 val:stage3=0.0827 layers=[0.0294, 0.0293, 0.0293]
[18:08:46] epoch=176 stage=3 gamma=[5.0, 5.0, 5.0] train=0.0880 val:stage3=0.0825 layers=[0.0294, 0.0293, 0.0293]
[18:20:20] epoch=177 stage=3 gamma=[5.0, 5.0, 5.0] train=0.0873 val:stage3=0.0828 layers=[0.0292, 0.029, 0.0291]
[18:31:59] epoch=178 stage=3 gamma=[5.0, 5.0, 5.0] train=0.0874 val:stage3=0.0824 layers=[0.0292, 0.0291, 0.0291]
[18:43:34] epoch=179 stage=3 gamma=[5.0, 5.0, 5.0] train=0.0881 val:stage3=0.0824 layers=[0.0294, 0.0293, 0.0293]
[18:55:12] epoch=180 stage=3 gamma=[5.0, 5.0, 5.0] train=0.0871 val:stage3=0.0824 layers=[0.0291, 0.029, 0.029]
[19:06:51] epoch=181 stage=3 gamma=[5.0, 5.0, 5.0] train=0.0870 val:stage3=0.0822 layers=[0.0291, 0.029, 0.029]
[19:18:25] epoch=182 stage=3 gamma=[5.0, 5.0, 5.0] train=0.0870 val:stage3=0.0825 layers=[0.0291, 0.029, 0.029]
[19:29:57] epoch=183 stage=3 gamma=[5.0, 5.0, 5.0] train=0.0875 val:stage3=0.0822 layers=[0.0292, 0.0291, 0.0292]
[19:41:37] epoch=184 stage=3 gamma=[5.0, 5.0, 5.0] train=0.0870 val:stage3=0.0824 layers=[0.0291, 0.0289, 0.029]
[19:53:12] epoch=185 stage=3 gamma=[5.0, 5.0, 5.0] train=0.0873 val:stage3=0.0822 layers=[0.0291, 0.029, 0.0291]
[20:04:53] epoch=186 stage=3 gamma=[5.0, 5.0, 5.0] train=0.0868 val:stage3=0.0824 layers=[0.029, 0.0289, 0.0289]
[20:16:33] epoch=187 stage=3 gamma=[5.0, 5.0, 5.0] train=0.0869 val:stage3=0.0824 layers=[0.029, 0.0289, 0.029]
[20:28:08] epoch=188 stage=3 gamma=[5.0, 5.0, 5.0] train=0.0870 val:stage3=0.0820 layers=[0.029, 0.0289, 0.029]
[20:39:46] epoch=189 stage=3 gamma=[5.0, 5.0, 5.0] train=0.0868 val:stage3=0.0817 layers=[0.029, 0.0289, 0.0289]
[20:51:28] epoch=190 stage=3 gamma=[5.0, 5.0, 5.0] train=0.0869 val:stage3=0.0821 layers=[0.029, 0.0289, 0.0289]
[21:03:05] epoch=191 stage=3 gamma=[5.0, 5.0, 5.0] train=0.0867 val:stage3=0.0816 layers=[0.0289, 0.0288, 0.0289]
[21:14:40] epoch=192 stage=3 gamma=[5.0, 5.0, 5.0] train=0.0876 val:stage3=0.0820 layers=[0.0293, 0.0291, 0.0292]
[21:26:21] epoch=193 stage=3 gamma=[5.0, 5.0, 5.0] train=0.0863 val:stage3=0.0818 layers=[0.0288, 0.0287, 0.0288]
[21:37:58] epoch=194 stage=3 gamma=[5.0, 5.0, 5.0] train=0.0870 val:stage3=0.0817 layers=[0.0291, 0.0289, 0.029]
[21:49:37] epoch=195 stage=3 gamma=[5.0, 5.0, 5.0] train=0.0867 val:stage3=0.0817 layers=[0.029, 0.0288, 0.0289]
[22:01:21] epoch=196 stage=3 gamma=[5.0, 5.0, 5.0] train=0.0865 val:stage3=0.0815 layers=[0.0289, 0.0288, 0.0288]
[22:12:56] epoch=197 stage=3 gamma=[5.0, 5.0, 5.0] train=0.0870 val:stage3=0.0818 layers=[0.029, 0.0289, 0.029]
[22:24:37] epoch=198 stage=3 gamma=[5.0, 5.0, 5.0] train=0.0864 val:stage3=0.0813 layers=[0.0289, 0.0288, 0.0288]
[22:36:16] epoch=199 stage=3 gamma=[5.0, 5.0, 5.0] train=0.0865 val:stage3=0.0813 layers=[0.0289, 0.0288, 0.0288]
[22:47:54] epoch=200 stage=3 gamma=[5.0, 5.0, 5.0] train=0.0867 val:stage3=0.0816 layers=[0.029, 0.0289, 0.0289]
[22:59:32] epoch=201 stage=3 gamma=[5.0, 5.0, 5.0] train=0.0863 val:stage3=0.0812 layers=[0.0288, 0.0287, 0.0288]
[23:11:09] epoch=202 stage=3 gamma=[5.0, 5.0, 5.0] train=0.0858 val:stage3=0.0812 layers=[0.0287, 0.0286, 0.0286]
[23:22:47] epoch=203 stage=3 gamma=[5.0, 5.0, 5.0] train=0.0863 val:stage3=0.0812 layers=[0.0288, 0.0287, 0.0288]
[23:34:21] epoch=204 stage=3 gamma=[5.0, 5.0, 5.0] train=0.0864 val:stage3=0.0812 layers=[0.0289, 0.0288, 0.0288]
[23:45:57] epoch=205 stage=3 gamma=[5.0, 5.0, 5.0] train=0.0861 val:stage3=0.0811 layers=[0.0287, 0.0286, 0.0287]
[23:57:39] epoch=206 stage=3 gamma=[5.0, 5.0, 5.0] train=0.0859 val:stage3=0.0811 layers=[0.0287, 0.0286, 0.0286]
[00:09:14] epoch=207 stage=3 gamma=[5.0, 5.0, 5.0] train=0.0858 val:stage3=0.0812 layers=[0.0287, 0.0286, 0.0286]
[00:20:55] epoch=208 stage=3 gamma=[5.0, 5.0, 5.0] train=0.0861 val:stage3=0.0811 layers=[0.0288, 0.0286, 0.0287]
[00:32:35] epoch=209 stage=3 gamma=[5.0, 5.0, 5.0] train=0.0852 val:stage3=0.0809 layers=[0.0285, 0.0283, 0.0284]
[00:44:11] epoch=210 stage=3 gamma=[5.0, 5.0, 5.0] train=0.0861 val:stage3=0.0811 layers=[0.0288, 0.0286, 0.0287]
[00:55:50] epoch=211 stage=3 gamma=[5.0, 5.0, 5.0] train=0.0855 val:stage3=0.0809 layers=[0.0285, 0.0284, 0.0285]
[01:07:24] epoch=212 stage=3 gamma=[5.0, 5.0, 5.0] train=0.0856 val:stage3=0.0810 layers=[0.0286, 0.0285, 0.0285]
[01:19:06] epoch=213 stage=3 gamma=[5.0, 5.0, 5.0] train=0.0857 val:stage3=0.0808 layers=[0.0286, 0.0285, 0.0285]
[01:30:46] epoch=214 stage=3 gamma=[5.0, 5.0, 5.0] train=0.0857 val:stage3=0.0807 layers=[0.0286, 0.0285, 0.0286]
[01:42:22] epoch=215 stage=3 gamma=[5.0, 5.0, 5.0] train=0.0859 val:stage3=0.0808 layers=[0.0287, 0.0286, 0.0286]
[01:54:01] epoch=216 stage=3 gamma=[5.0, 5.0, 5.0] train=0.0860 val:stage3=0.0807 layers=[0.0287, 0.0286, 0.0287]
[02:05:37] epoch=217 stage=3 gamma=[5.0, 5.0, 5.0] train=0.0857 val:stage3=0.0807 layers=[0.0286, 0.0285, 0.0285]
[02:17:09] epoch=218 stage=3 gamma=[5.0, 5.0, 5.0] train=0.0854 val:stage3=0.0807 layers=[0.0285, 0.0284, 0.0284]
[02:28:47] epoch=219 stage=3 gamma=[5.0, 5.0, 5.0] train=0.0859 val:stage3=0.0807 layers=[0.0287, 0.0286, 0.0286]
[02:40:26] epoch=220 stage=3 gamma=[5.0, 5.0, 5.0] train=0.0851 val:stage3=0.0804 layers=[0.0284, 0.0283, 0.0284]
[02:51:59] epoch=221 stage=3 gamma=[5.0, 5.0, 5.0] train=0.0857 val:stage3=0.0805 layers=[0.0286, 0.0285, 0.0286]
[03:03:39] epoch=222 stage=3 gamma=[5.0, 5.0, 5.0] train=0.0849 val:stage3=0.0805 layers=[0.0284, 0.0283, 0.0283]
[03:15:20] epoch=223 stage=3 gamma=[5.0, 5.0, 5.0] train=0.0859 val:stage3=0.0804 layers=[0.0287, 0.0286, 0.0286]
[03:26:56] epoch=224 stage=3 gamma=[5.0, 5.0, 5.0] train=0.0853 val:stage3=0.0806 layers=[0.0285, 0.0284, 0.0284]
[03:38:36] epoch=225 stage=3 gamma=[5.0, 5.0, 5.0] train=0.0845 val:stage3=0.0804 layers=[0.0282, 0.0281, 0.0282]
[03:50:14] epoch=226 stage=3 gamma=[5.0, 5.0, 5.0] train=0.0849 val:stage3=0.0803 layers=[0.0284, 0.0283, 0.0283]
[04:01:59] epoch=227 stage=3 gamma=[5.0, 5.0, 5.0] train=0.0852 val:stage3=0.0803 layers=[0.0285, 0.0284, 0.0284]
[04:13:33] epoch=228 stage=3 gamma=[5.0, 5.0, 5.0] train=0.0849 val:stage3=0.0804 layers=[0.0283, 0.0282, 0.0283]
[04:25:09] epoch=229 stage=3 gamma=[5.0, 5.0, 5.0] train=0.0851 val:stage3=0.0805 layers=[0.0284, 0.0283, 0.0284]
[04:36:50] epoch=230 stage=3 gamma=[5.0, 5.0, 5.0] train=0.0849 val:stage3=0.0803 layers=[0.0284, 0.0283, 0.0283]
[04:48:28] epoch=231 stage=3 gamma=[5.0, 5.0, 5.0] train=0.0858 val:stage3=0.0803 layers=[0.0287, 0.0285, 0.0286]
[05:00:03] epoch=232 stage=3 gamma=[5.0, 5.0, 5.0] train=0.0856 val:stage3=0.0803 layers=[0.0286, 0.0285, 0.0285]
[05:11:44] epoch=233 stage=3 gamma=[5.0, 5.0, 5.0] train=0.0850 val:stage3=0.0803 layers=[0.0284, 0.0283, 0.0283]
[05:23:17] epoch=234 stage=3 gamma=[5.0, 5.0, 5.0] train=0.0853 val:stage3=0.0803 layers=[0.0285, 0.0284, 0.0284]
[05:34:53] epoch=235 stage=3 gamma=[5.0, 5.0, 5.0] train=0.0851 val:stage3=0.0803 layers=[0.0284, 0.0283, 0.0284]
[05:46:31] epoch=236 stage=3 gamma=[5.0, 5.0, 5.0] train=0.0851 val:stage3=0.0803 layers=[0.0284, 0.0283, 0.0283]
[05:58:05] epoch=237 stage=3 gamma=[5.0, 5.0, 5.0] train=0.0847 val:stage3=0.0801 layers=[0.0283, 0.0282, 0.0282]
[06:09:46] epoch=238 stage=3 gamma=[5.0, 5.0, 5.0] train=0.0851 val:stage3=0.0802 layers=[0.0284, 0.0283, 0.0284]
[06:21:24] epoch=239 stage=3 gamma=[5.0, 5.0, 5.0] train=0.0850 val:stage3=0.0802 layers=[0.0284, 0.0283, 0.0283]
[06:33:02] epoch=240 stage=3 gamma=[5.0, 5.0, 5.0] train=0.0849 val:stage3=0.0802 layers=[0.0284, 0.0283, 0.0283]
[06:44:32] epoch=241 stage=3 gamma=[5.0, 5.0, 5.0] train=0.0854 val:stage3=0.0802 layers=[0.0285, 0.0284, 0.0285]
[06:56:13] epoch=242 stage=3 gamma=[5.0, 5.0, 5.0] train=0.0844 val:stage3=0.0800 layers=[0.0282, 0.0281, 0.0281]
[07:07:49] epoch=243 stage=3 gamma=[5.0, 5.0, 5.0] train=0.0852 val:stage3=0.0800 layers=[0.0285, 0.0284, 0.0284]
[07:19:32] epoch=244 stage=3 gamma=[5.0, 5.0, 5.0] train=0.0847 val:stage3=0.0800 layers=[0.0283, 0.0282, 0.0282]
[07:31:11] epoch=245 stage=3 gamma=[5.0, 5.0, 5.0] train=0.0853 val:stage3=0.0800 layers=[0.0285, 0.0284, 0.0284]
[07:42:53] epoch=246 stage=3 gamma=[5.0, 5.0, 5.0] train=0.0851 val:stage3=0.0800 layers=[0.0284, 0.0283, 0.0283]
[07:54:33] epoch=247 stage=3 gamma=[5.0, 5.0, 5.0] train=0.0851 val:stage3=0.0800 layers=[0.0284, 0.0283, 0.0283]
[08:06:09] epoch=248 stage=3 gamma=[5.0, 5.0, 5.0] train=0.0851 val:stage3=0.0799 layers=[0.0284, 0.0283, 0.0284]
[08:17:49] epoch=249 stage=3 gamma=[5.0, 5.0, 5.0] train=0.0851 val:stage3=0.0800 layers=[0.0284, 0.0283, 0.0284]
[08:29:23] epoch=250 stage=3 gamma=[5.0, 5.0, 5.0] train=0.0848 val:stage3=0.0800 layers=[0.0283, 0.0282, 0.0283]
[08:40:58] epoch=251 stage=3 gamma=[5.0, 5.0, 5.0] train=0.0845 val:stage3=0.0799 layers=[0.0282, 0.0281, 0.0282]
[08:52:36] epoch=252 stage=3 gamma=[5.0, 5.0, 5.0] train=0.0850 val:stage3=0.0798 layers=[0.0284, 0.0283, 0.0283]
[09:04:15] epoch=253 stage=3 gamma=[5.0, 5.0, 5.0] train=0.0847 val:stage3=0.0798 layers=[0.0283, 0.0282, 0.0282]
[09:15:52] epoch=254 stage=3 gamma=[5.0, 5.0, 5.0] train=0.0847 val:stage3=0.0799 layers=[0.0283, 0.0282, 0.0282]
[09:27:32] epoch=255 stage=3 gamma=[5.0, 5.0, 5.0] train=0.0847 val:stage3=0.0798 layers=[0.0283, 0.0282, 0.0282]
[09:39:06] epoch=256 stage=3 gamma=[5.0, 5.0, 5.0] train=0.0846 val:stage3=0.0798 layers=[0.0283, 0.0282, 0.0282]
[09:50:46] epoch=257 stage=3 gamma=[5.0, 5.0, 5.0] train=0.0848 val:stage3=0.0798 layers=[0.0283, 0.0282, 0.0282]
[10:02:26] epoch=258 stage=3 gamma=[5.0, 5.0, 5.0] train=0.0847 val:stage3=0.0798 layers=[0.0283, 0.0282, 0.0282]
[10:14:02] epoch=259 stage=3 gamma=[5.0, 5.0, 5.0] train=0.0847 val:stage3=0.0798 layers=[0.0283, 0.0282, 0.0282]
[10:25:44] epoch=260 stage=3 gamma=[5.0, 5.0, 5.0] train=0.0845 val:stage3=0.0798 layers=[0.0282, 0.0281, 0.0282]
[10:37:19] epoch=261 stage=3 gamma=[5.0, 5.0, 5.0] train=0.0845 val:stage3=0.0798 layers=[0.0282, 0.0281, 0.0281]
[10:48:53] epoch=262 stage=3 gamma=[5.0, 5.0, 5.0] train=0.0849 val:stage3=0.0798 layers=[0.0283, 0.0282, 0.0283]
[11:00:36] epoch=263 stage=3 gamma=[5.0, 5.0, 5.0] train=0.0845 val:stage3=0.0797 layers=[0.0282, 0.0281, 0.0281]
[11:12:13] epoch=264 stage=3 gamma=[5.0, 5.0, 5.0] train=0.0847 val:stage3=0.0798 layers=[0.0283, 0.0282, 0.0282]
[11:23:49] epoch=265 stage=3 gamma=[5.0, 5.0, 5.0] train=0.0851 val:stage3=0.0798 layers=[0.0284, 0.0283, 0.0284]
[11:35:26] epoch=266 stage=3 gamma=[5.0, 5.0, 5.0] train=0.0853 val:stage3=0.0798 layers=[0.0285, 0.0284, 0.0284]
[11:47:05] epoch=267 stage=3 gamma=[5.0, 5.0, 5.0] train=0.0849 val:stage3=0.0798 layers=[0.0284, 0.0283, 0.0283]
[11:58:42] epoch=268 stage=3 gamma=[5.0, 5.0, 5.0] train=0.0848 val:stage3=0.0799 layers=[0.0283, 0.0282, 0.0283]
[12:10:17] epoch=269 stage=3 gamma=[5.0, 5.0, 5.0] train=0.0849 val:stage3=0.0799 layers=[0.0284, 0.0283, 0.0283]
[12:21:53] epoch=270 stage=3 gamma=[5.0, 5.0, 5.0] train=0.0844 val:stage3=0.0798 layers=[0.0282, 0.0281, 0.0281]
[12:33:35] epoch=271 stage=3 gamma=[5.0, 5.0, 5.0] train=0.0834 val:stage3=0.0797 layers=[0.0279, 0.0278, 0.0278]
[12:45:15] epoch=272 stage=3 gamma=[5.0, 5.0, 5.0] train=0.0848 val:stage3=0.0798 layers=[0.0283, 0.0282, 0.0282]
[12:56:53] epoch=273 stage=3 gamma=[5.0, 5.0, 5.0] train=0.0846 val:stage3=0.0797 layers=[0.0283, 0.0282, 0.0282]
[13:08:26] epoch=274 stage=3 gamma=[5.0, 5.0, 5.0] train=0.0848 val:stage3=0.0797 layers=[0.0283, 0.0282, 0.0283]
[13:20:02] epoch=275 stage=3 gamma=[5.0, 5.0, 5.0] train=0.0845 val:stage3=0.0797 layers=[0.0282, 0.0281, 0.0282]
[13:31:39] epoch=276 stage=3 gamma=[5.0, 5.0, 5.0] train=0.0848 val:stage3=0.0797 layers=[0.0283, 0.0282, 0.0282]
[13:43:16] epoch=277 stage=3 gamma=[5.0, 5.0, 5.0] train=0.0849 val:stage3=0.0797 layers=[0.0284, 0.0282, 0.0283]
[13:54:51] epoch=278 stage=3 gamma=[5.0, 5.0, 5.0] train=0.0855 val:stage3=0.0797 layers=[0.0286, 0.0285, 0.0285]
[14:06:27] epoch=279 stage=3 gamma=[5.0, 5.0, 5.0] train=0.0843 val:stage3=0.0798 layers=[0.0282, 0.0281, 0.0281]
[14:17:55] epoch=280 stage=3 gamma=[5.0, 5.0, 5.0] train=0.0845 val:stage3=0.0797 layers=[0.0282, 0.0281, 0.0282]
[14:29:40] epoch=281 stage=3 gamma=[5.0, 5.0, 5.0] train=0.0842 val:stage3=0.0797 layers=[0.0281, 0.028, 0.028]
[14:41:17] epoch=282 stage=3 gamma=[5.0, 5.0, 5.0] train=0.0844 val:stage3=0.0797 layers=[0.0282, 0.0281, 0.0281]
[14:52:54] epoch=283 stage=3 gamma=[5.0, 5.0, 5.0] train=0.0849 val:stage3=0.0797 layers=[0.0284, 0.0283, 0.0283]
[15:04:29] epoch=284 stage=3 gamma=[5.0, 5.0, 5.0] train=0.0844 val:stage3=0.0797 layers=[0.0282, 0.0281, 0.0281]
[15:16:06] epoch=285 stage=3 gamma=[5.0, 5.0, 5.0] train=0.0844 val:stage3=0.0796 layers=[0.0282, 0.0281, 0.0281]
[15:27:42] epoch=286 stage=3 gamma=[5.0, 5.0, 5.0] train=0.0845 val:stage3=0.0797 layers=[0.0282, 0.0281, 0.0281]
[15:39:24] epoch=287 stage=3 gamma=[5.0, 5.0, 5.0] train=0.0843 val:stage3=0.0796 layers=[0.0281, 0.028, 0.0281]
[15:51:01] epoch=288 stage=3 gamma=[5.0, 5.0, 5.0] train=0.0849 val:stage3=0.0797 layers=[0.0283, 0.0282, 0.0283]
[16:02:39] epoch=289 stage=3 gamma=[5.0, 5.0, 5.0] train=0.0845 val:stage3=0.0796 layers=[0.0282, 0.0281, 0.0282]
[16:14:14] epoch=290 stage=3 gamma=[5.0, 5.0, 5.0] train=0.0850 val:stage3=0.0797 layers=[0.0284, 0.0283, 0.0283]
[16:25:46] epoch=291 stage=3 gamma=[5.0, 5.0, 5.0] train=0.0845 val:stage3=0.0797 layers=[0.0282, 0.0281, 0.0282]
[16:37:24] epoch=292 stage=3 gamma=[5.0, 5.0, 5.0] train=0.0844 val:stage3=0.0796 layers=[0.0282, 0.0281, 0.0281]
[16:49:06] epoch=293 stage=3 gamma=[5.0, 5.0, 5.0] train=0.0846 val:stage3=0.0797 layers=[0.0283, 0.0281, 0.0282]
[17:00:41] epoch=294 stage=3 gamma=[5.0, 5.0, 5.0] train=0.0845 val:stage3=0.0797 layers=[0.0282, 0.0281, 0.0282]
[17:12:23] epoch=295 stage=3 gamma=[5.0, 5.0, 5.0] train=0.0843 val:stage3=0.0796 layers=[0.0282, 0.0281, 0.0281]
[17:24:04] epoch=296 stage=3 gamma=[5.0, 5.0, 5.0] train=0.0843 val:stage3=0.0797 layers=[0.0282, 0.028, 0.0281]
[17:35:38] epoch=297 stage=3 gamma=[5.0, 5.0, 5.0] train=0.0843 val:stage3=0.0796 layers=[0.0282, 0.0281, 0.0281]
[17:47:16] epoch=298 stage=3 gamma=[5.0, 5.0, 5.0] train=0.0847 val:stage3=0.0796 layers=[0.0283, 0.0282, 0.0282]
[17:58:53] epoch=299 stage=3 gamma=[5.0, 5.0, 5.0] train=0.0843 val:stage3=0.0796 layers=[0.0282, 0.0281, 0.0281]
[18:10:33] epoch=300 stage=3 gamma=[5.0, 5.0, 5.0] train=0.0846 val:stage3=0.0796 layers=[0.0282, 0.0281, 0.0282]
=== attempt=1 exited rc=0 at 2026-07-22T18:10:34+09:00 ===
training completed successfully.
end_time=2026-07-22T18:10:34+09:00
