91 %
0 %
0 %
0 %
3 %
0 %
0 %
0 %
0 %
0 %
0 %
0 %
0 %
0 %
0 %
0 %
0 %
0 %
0 %
0 %
0 %
0 %
0 %
0 %
0 %
0 %
0 %
0 %
0 %
0 %
0 %
0 %
0 %
0 %
0 %
0 %
0 %
0 %
0 %
0 %
0 %
0 %
0 %
0 %
0 %
0 %
0 %
0 %
0 %
0 %
0 %
0 %
0 %
0 %
0 %
0 %
0 %
0 %
0 %
0 %
0 %
0 %
0 %
0 %
0 %
0 %
0 %
0 %
0 %
0 %
0 %
0 %
0 %
0 %
0 %
0 %
0 %
0 %
0 %
0 %
0 %
0 %
0 %
0 %
0 %
0 %
0 %
0 %
0 %
0 %
0 %
1 %
0 %
14 %
67 %
3 %
4 %
11 %
4 %
3 %
5 %
3 %
13 %
5 %
5 %
4 %
34 %
73 %
98 %
61 %
98 %
98 %
99 %
100 %
99 %
97 %
100 %
97 %
96 %
95 %
94 %
97 %
1 %
4 %
2 %
0 %
1 %
97 %
99 %
98 %
99 %
96 %
99 %
96 %
99 %
97 %
98 %
100 %
99 %
100 %
100 %
97 %
98 %
100 %
99 %
100 %
97 %
95 %
12 %
2 %
22 %
1 %
8 %
1 %
95 %
98 %
97 %
100 %
98 %
95 %
97 %
99 %
98 %
100 %
99 %
99 %
98 %
95 %
99 %
98 %
100 %
99 %
100 %
97 %
97 %
99 %
100 %
100 %
98 %
98 %
0 %
7 %
20 %
0 %
0 %
0 %
0 %
0 %
0 %
0 %
0 %
0 %
0 %
0 %
0 %
0 %
0 %
0 %
0 %
0 %
0 %
0 %
0 %
0 %
0 %
0 %
0 %
0 %
0 %
0 %
0 %
0 %
0 %
0 %
0 %
0 %
0 %
0 %
0 %
0 %
0 %
0 %
0 %
0 %
0 %
0 %
0 %
0 %
0 %
0 %
0 %
0 %
0 %
0 %
0 %
0 %
0 %
0 %
0 %
0 %
0 %
0 %
0 %
0 %
0 %
0 %
0 %
0 %
0 %
0 %
0 %
0 %
0 %
0 %
0 %
0 %
0 %
0 %
0 %
0 %
0 %
0 %
0 %
0 %
0 %
0 %
7 %
15 %
7 %
2 %
10 %
9 %
2 %
12 %
54 %
13 %
1 %
0 %
97 %
7 %
0 %
0 %
98 %
0 %
0 %
36 %
1 %
17 %
0 %
0 %
0 %
0 %
0 %
0 %
0 %
0 %
0 %
0 %
0 %
0 %
0 %
0 %
0 %
0 %
0 %
0 %
0 %
0 %
0 %
0 %
0 %
0 %
0 %
0 %
0 %
0 %
0 %
0 %
0 %
0 %
0 %
0 %
0 %
0 %
0 %
0 %
0 %
0 %
0 %
0 %
0 %
0 %
0 %
0 %
0 %
0 %
0 %
0 %
0 %
0 %
0 %
0 %
0 %
0 %
0 %
0 %
0 %
0 %
0 %
0 %
0 %
0 %
0 %
0 %
0 %
0 %
0 %
0 %
0 %
0 %
0 %
0 %
0 %
0 %
0 %
0 %
0 %
0 %
0 %
0 %
0 %
0 %
0 %
3 %
18 %
28 %
18 %
6 %
3 %
1 %
8 %
2 %
6 %
5 %
5 %
13 %
11 %
7 %
2 %
0 %
7 %
0 %
5 %
0 %
0 %
100 %
100 %
94 %
93 %
100 %
99 %
98 %
98 %
98 %
99 %
97 %
100 %
96 %
100 %
96 %
98 %
96 %
99 %
95 %
96 %
99 %
99 %
98 %
98 %
59 %
97 %
94 %
94 %
99 %
12 %
8 %
97 %
98 %
100 %
98 %
96 %
97 %
100 %
95 %
99 %
100 %
97 %
98 %
96 %
100 %
98 %
97 %
99 %
96 %
3 %
100 %
6 %
4 %
33 %
100 %
98 %
99 %
98 %
99 %
99 %
99 %
98 %
97 %
99 %
97 %
97 %
100 %
98 %
98 %
97 %
0 %
7 %
23 %
0 %
0 %
0 %
0 %
0 %
0 %
0 %
0 %
0 %
0 %
0 %
0 %
0 %
0 %
0 %
0 %
0 %
0 %
0 %
0 %
0 %
0 %
0 %
0 %
0 %
0 %
0 %
0 %
0 %
0 %
0 %
0 %
0 %
0 %
0 %
0 %
0 %
0 %
0 %
0 %
0 %
0 %
0 %
0 %
0 %
0 %
0 %
0 %
0 %
0 %
0 %
0 %
0 %
0 %
0 %
0 %
0 %
0 %
0 %
0 %
0 %
0 %
0 %
0 %
0 %
0 %
0 %
0 %
0 %
0 %
0 %
0 %
0 %
0 %
0 %
0 %
0 %
0 %
0 %
0 %
0 %
0 %
0 %
5 %
55 %
8 %
0 %
6 %
10 %
4 %
15 %
6 %
1 %
100 %
98 %
1 %
7 %
0 %
0 %
1 %
98 %
0 %
0 %
7 %
20 %
0 %
92 %
