0 %, 2 MiB
0 %, 2 MiB
0 %, 2 MiB
0 %, 2 MiB
0 %, 2 MiB
0 %, 322 MiB
0 %, 322 MiB
0 %, 322 MiB
0 %, 322 MiB
0 %, 322 MiB
0 %, 322 MiB
0 %, 322 MiB
0 %, 322 MiB
0 %, 322 MiB
0 %, 322 MiB
0 %, 322 MiB
0 %, 322 MiB
0 %, 322 MiB
0 %, 322 MiB
0 %, 322 MiB
0 %, 322 MiB
0 %, 322 MiB
0 %, 322 MiB
0 %, 322 MiB
0 %, 322 MiB
0 %, 322 MiB
0 %, 322 MiB
0 %, 322 MiB
0 %, 322 MiB
0 %, 322 MiB
0 %, 322 MiB
0 %, 322 MiB
0 %, 322 MiB
0 %, 322 MiB
0 %, 322 MiB
0 %, 322 MiB
0 %, 322 MiB
0 %, 322 MiB
0 %, 322 MiB
0 %, 322 MiB
0 %, 322 MiB
0 %, 322 MiB
0 %, 322 MiB
0 %, 322 MiB
0 %, 322 MiB
0 %, 322 MiB
0 %, 322 MiB
0 %, 322 MiB
0 %, 322 MiB
0 %, 322 MiB
0 %, 322 MiB
0 %, 322 MiB
0 %, 322 MiB
0 %, 322 MiB
0 %, 322 MiB
0 %, 322 MiB
0 %, 322 MiB
0 %, 322 MiB
0 %, 322 MiB
0 %, 322 MiB
0 %, 322 MiB
0 %, 322 MiB
0 %, 322 MiB
0 %, 379 MiB
2 %, 534 MiB
4 %, 3367 MiB
2 %, 5113 MiB
0 %, 5113 MiB
2 %, 5113 MiB
0 %, 5113 MiB
7 %, 5113 MiB
6 %, 5113 MiB
6 %, 5113 MiB
3 %, 5113 MiB
6 %, 5113 MiB
5 %, 5113 MiB
1 %, 5113 MiB
3 %, 5701 MiB
24 %, 11141 MiB
1 %, 11335 MiB
9 %, 11335 MiB
5 %, 11335 MiB
9 %, 11335 MiB
1 %, 11335 MiB
31 %, 11807 MiB
97 %, 14227 MiB
97 %, 8967 MiB
98 %, 11991 MiB
3 %, 13943 MiB
93 %, 7819 MiB
92 %, 11171 MiB
2 %, 10887 MiB
1 %, 10887 MiB
6 %, 10887 MiB
1 %, 10887 MiB
8 %, 10887 MiB
55 %, 6889 MiB
100 %, 12637 MiB
100 %, 15145 MiB
94 %, 6845 MiB
86 %, 10895 MiB
98 %, 6327 MiB
94 %, 12519 MiB
99 %, 12809 MiB
97 %, 14225 MiB
0 %, 14225 MiB
3 %, 14225 MiB
6 %, 14225 MiB
51 %, 14481 MiB
99 %, 6063 MiB
10 %, 15293 MiB
5 %, 15293 MiB
1 %, 15293 MiB
96 %, 5683 MiB
96 %, 11807 MiB
97 %, 7389 MiB
97 %, 6409 MiB
95 %, 15189 MiB
94 %, 12485 MiB
97 %, 8025 MiB
94 %, 11823 MiB
4 %, 11807 MiB
5 %, 11807 MiB
2 %, 11807 MiB
3 %, 11807 MiB
9 %, 11807 MiB
2 %, 11807 MiB
9 %, 11807 MiB
1 %, 11807 MiB
3 %, 11807 MiB
4 %, 11807 MiB
96 %, 13563 MiB
100 %, 14445 MiB
96 %, 14223 MiB
92 %, 12219 MiB
97 %, 13289 MiB
98 %, 12399 MiB
8 %, 13301 MiB
4 %, 13301 MiB
2 %, 13301 MiB
4 %, 12657 MiB
92 %, 6915 MiB
95 %, 14961 MiB
93 %, 6395 MiB
94 %, 6771 MiB
92 %, 10955 MiB
100 %, 7601 MiB
96 %, 12515 MiB
1 %, 12515 MiB
3 %, 12515 MiB
2 %, 12515 MiB
100 %, 10621 MiB
95 %, 12523 MiB
4 %, 12523 MiB
2 %, 12523 MiB
3 %, 12523 MiB
11 %, 12523 MiB
1 %, 12523 MiB
2 %, 12523 MiB
1 %, 12523 MiB
3 %, 12523 MiB
0 %, 12523 MiB
0 %, 12523 MiB
0 %, 12523 MiB
93 %, 5713 MiB
97 %, 13233 MiB
98 %, 11807 MiB
95 %, 8565 MiB
97 %, 13293 MiB
98 %, 12627 MiB
96 %, 6961 MiB
95 %, 15145 MiB
94 %, 6413 MiB
96 %, 13297 MiB
95 %, 12507 MiB
3 %, 12507 MiB
1 %, 12507 MiB
4 %, 12507 MiB
0 %, 12507 MiB
1 %, 12507 MiB
1 %, 12507 MiB
2 %, 12447 MiB
98 %, 6061 MiB
93 %, 6535 MiB
97 %, 8543 MiB
5 %, 10895 MiB
53 %, 6615 MiB
100 %, 13619 MiB
96 %, 6281 MiB
93 %, 11807 MiB
98 %, 9545 MiB
97 %, 5943 MiB
5 %, 14955 MiB
0 %, 14955 MiB
100 %, 14231 MiB
1 %, 14231 MiB
97 %, 9037 MiB
100 %, 12511 MiB
0 %, 13301 MiB
2 %, 13173 MiB
20 %, 8512 MiB
0 %, 8512 MiB
0 %, 8512 MiB
0 %, 8512 MiB
0 %, 8512 MiB
0 %, 8512 MiB
0 %, 8512 MiB
0 %, 8512 MiB
0 %, 8512 MiB
0 %, 8512 MiB
0 %, 8512 MiB
0 %, 8512 MiB
0 %, 8512 MiB
0 %, 8512 MiB
0 %, 8512 MiB
0 %, 8512 MiB
0 %, 8512 MiB
0 %, 8512 MiB
0 %, 8512 MiB
0 %, 8512 MiB
0 %, 8512 MiB
0 %, 8512 MiB
0 %, 8512 MiB
0 %, 8512 MiB
0 %, 8512 MiB
0 %, 8512 MiB
0 %, 8512 MiB
0 %, 8512 MiB
0 %, 8512 MiB
0 %, 8512 MiB
0 %, 8512 MiB
0 %, 8512 MiB
0 %, 8512 MiB
0 %, 8512 MiB
0 %, 8512 MiB
0 %, 8512 MiB
0 %, 8512 MiB
0 %, 8512 MiB
0 %, 8512 MiB
0 %, 8512 MiB
0 %, 8512 MiB
0 %, 8512 MiB
0 %, 8512 MiB
0 %, 8512 MiB
0 %, 8512 MiB
0 %, 8512 MiB
0 %, 8512 MiB
0 %, 8512 MiB
0 %, 8512 MiB
0 %, 8512 MiB
0 %, 8512 MiB
0 %, 8512 MiB
0 %, 8512 MiB
0 %, 8512 MiB
0 %, 8512 MiB
0 %, 8512 MiB
0 %, 8631 MiB
2 %, 10759 MiB
34 %, 12089 MiB
1 %, 13301 MiB
0 %, 13301 MiB
0 %, 13301 MiB
8 %, 13301 MiB
1 %, 13301 MiB
3 %, 13301 MiB
0 %, 13301 MiB
3 %, 13301 MiB
10 %, 13301 MiB
5 %, 13301 MiB
2 %, 13301 MiB
3 %, 13301 MiB
7 %, 13301 MiB
5 %, 8563 MiB
0 %, 8509 MiB
70 %, 6885 MiB
1 %, 9073 MiB
3 %, 9073 MiB
2 %, 9073 MiB
7 %, 9073 MiB
98 %, 9417 MiB
9 %, 9417 MiB
0 %, 9417 MiB
0 %, 9417 MiB
1 %, 9417 MiB
9 %, 9417 MiB
0 %, 9417 MiB
0 %, 9417 MiB
0 %, 9417 MiB
45 %, 7057 MiB
0 %, 9029 MiB
20 %, 5988 MiB
0 %, 4240 MiB
0 %, 4240 MiB
0 %, 4240 MiB
0 %, 4240 MiB
0 %, 4240 MiB
0 %, 4240 MiB
0 %, 4240 MiB
0 %, 4240 MiB
0 %, 4240 MiB
0 %, 4240 MiB
0 %, 4240 MiB
0 %, 4240 MiB
0 %, 4240 MiB
0 %, 4240 MiB
0 %, 4240 MiB
0 %, 4240 MiB
0 %, 4240 MiB
0 %, 4240 MiB
0 %, 4240 MiB
0 %, 4240 MiB
0 %, 4240 MiB
0 %, 4240 MiB
0 %, 4240 MiB
0 %, 4240 MiB
0 %, 4240 MiB
0 %, 4240 MiB
0 %, 4240 MiB
0 %, 4240 MiB
0 %, 4240 MiB
0 %, 4240 MiB
0 %, 4240 MiB
0 %, 4240 MiB
0 %, 4240 MiB
0 %, 4240 MiB
0 %, 4240 MiB
0 %, 4240 MiB
0 %, 4240 MiB
0 %, 4240 MiB
0 %, 4240 MiB
0 %, 4240 MiB
0 %, 4240 MiB
0 %, 4240 MiB
0 %, 4240 MiB
0 %, 4240 MiB
0 %, 4240 MiB
0 %, 4240 MiB
0 %, 4240 MiB
0 %, 4240 MiB
0 %, 4240 MiB
0 %, 4240 MiB
0 %, 4240 MiB
0 %, 4240 MiB
0 %, 4240 MiB
0 %, 4240 MiB
0 %, 4240 MiB
0 %, 4240 MiB
0 %, 4375 MiB
48 %, 5014 MiB
25 %, 8438 MiB
3 %, 9029 MiB
2 %, 9029 MiB
1 %, 9029 MiB
2 %, 9029 MiB
4 %, 9029 MiB
1 %, 9029 MiB
5 %, 9029 MiB
2 %, 9029 MiB
2 %, 9029 MiB
0 %, 9029 MiB
1 %, 9029 MiB
9 %, 9029 MiB
93 %, 11603 MiB
98 %, 11807 MiB
1 %, 11807 MiB
0 %, 11807 MiB
2 %, 11807 MiB
0 %, 11807 MiB
5 %, 11857 MiB
99 %, 15293 MiB
97 %, 11887 MiB
100 %, 14525 MiB
97 %, 14445 MiB
92 %, 10311 MiB
92 %, 11339 MiB
95 %, 8779 MiB
98 %, 11339 MiB
93 %, 11171 MiB
26 %, 15153 MiB
1 %, 15153 MiB
0 %, 15153 MiB
1 %, 15153 MiB
3 %, 15153 MiB
11 %, 15153 MiB
0 %, 15153 MiB
99 %, 9985 MiB
94 %, 12039 MiB
1 %, 12511 MiB
0 %, 12511 MiB
4 %, 12511 MiB
3 %, 12511 MiB
8 %, 9727 MiB
99 %, 10623 MiB
100 %, 15145 MiB
97 %, 8013 MiB
98 %, 12405 MiB
97 %, 13239 MiB
98 %, 13289 MiB
100 %, 14225 MiB
7 %, 14225 MiB
2 %, 14225 MiB
8 %, 14225 MiB
6 %, 14225 MiB
67 %, 6535 MiB
96 %, 7519 MiB
92 %, 6405 MiB
83 %, 15295 MiB
0 %, 15293 MiB
4 %, 15293 MiB
4 %, 15293 MiB
99 %, 9549 MiB
5 %, 13301 MiB
0 %, 13301 MiB
4 %, 13301 MiB
4 %, 13301 MiB
0 %, 13301 MiB
1 %, 13301 MiB
4 %, 13301 MiB
77 %, 6535 MiB
100 %, 10931 MiB
98 %, 9719 MiB
96 %, 12511 MiB
95 %, 14021 MiB
99 %, 12119 MiB
96 %, 14219 MiB
100 %, 13297 MiB
100 %, 8837 MiB
92 %, 14231 MiB
100 %, 11609 MiB
1 %, 11807 MiB
2 %, 11807 MiB
0 %, 11807 MiB
6 %, 12515 MiB
0 %, 12515 MiB
1 %, 12515 MiB
3 %, 12515 MiB
5 %, 12515 MiB
1 %, 12515 MiB
3 %, 12515 MiB
7 %, 12527 MiB
0 %, 12515 MiB
2 %, 12515 MiB
61 %, 8653 MiB
99 %, 14037 MiB
99 %, 14231 MiB
0 %, 14231 MiB
2 %, 14231 MiB
0 %, 14231 MiB
98 %, 14429 MiB
97 %, 13181 MiB
94 %, 8751 MiB
94 %, 11613 MiB
99 %, 8759 MiB
97 %, 11807 MiB
98 %, 14021 MiB
96 %, 15307 MiB
95 %, 10599 MiB
1 %, 12519 MiB
6 %, 12519 MiB
1 %, 12519 MiB
2 %, 12519 MiB
7 %, 12519 MiB
8 %, 12519 MiB
1 %, 12519 MiB
0 %, 11331 MiB
94 %, 6313 MiB
100 %, 14231 MiB
4 %, 14219 MiB
4 %, 14219 MiB
100 %, 10751 MiB
94 %, 5693 MiB
100 %, 11303 MiB
95 %, 15157 MiB
95 %, 11339 MiB
97 %, 10753 MiB
75 %, 9129 MiB
96 %, 11807 MiB
95 %, 5689 MiB
99 %, 12515 MiB
0 %, 11815 MiB
0 %, 11807 MiB
0 %, 11807 MiB
0 %, 11807 MiB
100 %, 13727 MiB
98 %, 15277 MiB
0 %, 15277 MiB
98 %, 15465 MiB
97 %, 8407 MiB
98 %, 14963 MiB
100 %, 13231 MiB
0 %, 10887 MiB
0 %, 10887 MiB
100 %, 8049 MiB
0 %, 11807 MiB
13 %, 7892 MiB
0 %, 7018 MiB
0 %, 7018 MiB
0 %, 7018 MiB
0 %, 7018 MiB
0 %, 7018 MiB
0 %, 7018 MiB
0 %, 7018 MiB
0 %, 7018 MiB
0 %, 7018 MiB
0 %, 7018 MiB
0 %, 7018 MiB
0 %, 7018 MiB
0 %, 7018 MiB
0 %, 7018 MiB
0 %, 7018 MiB
0 %, 7018 MiB
0 %, 7018 MiB
0 %, 7018 MiB
0 %, 7018 MiB
0 %, 7018 MiB
0 %, 7018 MiB
0 %, 7018 MiB
0 %, 7018 MiB
0 %, 7018 MiB
0 %, 7018 MiB
0 %, 7018 MiB
0 %, 7018 MiB
0 %, 7018 MiB
0 %, 7018 MiB
0 %, 7018 MiB
0 %, 7018 MiB
0 %, 7018 MiB
0 %, 7018 MiB
0 %, 7018 MiB
0 %, 7018 MiB
0 %, 7018 MiB
0 %, 7018 MiB
0 %, 7018 MiB
0 %, 7018 MiB
0 %, 7018 MiB
0 %, 7018 MiB
0 %, 7018 MiB
0 %, 7018 MiB
0 %, 7018 MiB
0 %, 7018 MiB
0 %, 7018 MiB
0 %, 7018 MiB
0 %, 7018 MiB
0 %, 7018 MiB
0 %, 7018 MiB
0 %, 7018 MiB
0 %, 7018 MiB
0 %, 7018 MiB
0 %, 7018 MiB
0 %, 7018 MiB
0 %, 7124 MiB
0 %, 7314 MiB
25 %, 9825 MiB
1 %, 11807 MiB
2 %, 11807 MiB
0 %, 11807 MiB
1 %, 11833 MiB
4 %, 11807 MiB
5 %, 11807 MiB
2 %, 11807 MiB
9 %, 11807 MiB
2 %, 11807 MiB
0 %, 11807 MiB
4 %, 11807 MiB
10 %, 11807 MiB
0 %, 11807 MiB
43 %, 11807 MiB
95 %, 8663 MiB
1 %, 8509 MiB
0 %, 8509 MiB
94 %, 9073 MiB
0 %, 9073 MiB
3 %, 9201 MiB
0 %, 9417 MiB
0 %, 9417 MiB
0 %, 9417 MiB
0 %, 9417 MiB
0 %, 9417 MiB
0 %, 9417 MiB
1 %, 9417 MiB
0 %, 9417 MiB
0 %, 9417 MiB
0 %, 9417 MiB
0 %, 9417 MiB
27 %, 7057 MiB
0 %, 9029 MiB
20 %, 6279 MiB
0 %, 4240 MiB
