0 %, 2 MiB
0 %, 2 MiB
0 %, 2 MiB
0 %, 2 MiB
0 %, 2 MiB
0 %, 2 MiB
0 %, 2 MiB
0 %, 19 MiB
0 %, 322 MiB
0 %, 322 MiB
0 %, 322 MiB
0 %, 322 MiB
0 %, 322 MiB
0 %, 322 MiB
0 %, 322 MiB
0 %, 322 MiB
0 %, 322 MiB
0 %, 322 MiB
0 %, 322 MiB
0 %, 322 MiB
0 %, 322 MiB
0 %, 322 MiB
0 %, 322 MiB
0 %, 322 MiB
0 %, 322 MiB
0 %, 322 MiB
0 %, 322 MiB
0 %, 322 MiB
0 %, 322 MiB
0 %, 322 MiB
0 %, 322 MiB
0 %, 322 MiB
0 %, 322 MiB
0 %, 322 MiB
0 %, 322 MiB
0 %, 322 MiB
0 %, 322 MiB
0 %, 322 MiB
0 %, 322 MiB
0 %, 322 MiB
0 %, 322 MiB
0 %, 322 MiB
0 %, 322 MiB
0 %, 322 MiB
0 %, 322 MiB
0 %, 322 MiB
0 %, 322 MiB
0 %, 322 MiB
0 %, 322 MiB
0 %, 322 MiB
0 %, 322 MiB
0 %, 322 MiB
0 %, 322 MiB
0 %, 322 MiB
0 %, 322 MiB
0 %, 322 MiB
0 %, 322 MiB
0 %, 322 MiB
0 %, 322 MiB
0 %, 322 MiB
0 %, 322 MiB
0 %, 322 MiB
0 %, 322 MiB
0 %, 322 MiB
0 %, 322 MiB
0 %, 322 MiB
0 %, 322 MiB
0 %, 336 MiB
0 %, 482 MiB
20 %, 3205 MiB
6 %, 5113 MiB
3 %, 5113 MiB
1 %, 5113 MiB
6 %, 5113 MiB
3 %, 5113 MiB
4 %, 5113 MiB
5 %, 5113 MiB
6 %, 5129 MiB
4 %, 5113 MiB
9 %, 5113 MiB
2 %, 5113 MiB
2 %, 5113 MiB
17 %, 5113 MiB
0 %, 5113 MiB
0 %, 5115 MiB
9 %, 5115 MiB
6 %, 5439 MiB
39 %, 10739 MiB
49 %, 13205 MiB
98 %, 8897 MiB
100 %, 10781 MiB
99 %, 15277 MiB
94 %, 11811 MiB
99 %, 11399 MiB
95 %, 14961 MiB
99 %, 11391 MiB
100 %, 8967 MiB
31 %, 14219 MiB
3 %, 14219 MiB
0 %, 14601 MiB
92 %, 12077 MiB
10 %, 12523 MiB
2 %, 12523 MiB
0 %, 12523 MiB
3 %, 12523 MiB
0 %, 12523 MiB
3 %, 12523 MiB
2 %, 12523 MiB
0 %, 12523 MiB
4 %, 12523 MiB
100 %, 13243 MiB
96 %, 15281 MiB
100 %, 11123 MiB
97 %, 10907 MiB
100 %, 13527 MiB
4 %, 11631 MiB
1 %, 11631 MiB
4 %, 11631 MiB
7 %, 11631 MiB
2 %, 11631 MiB
2 %, 11631 MiB
100 %, 15277 MiB
92 %, 6135 MiB
96 %, 5687 MiB
100 %, 8587 MiB
99 %, 15169 MiB
95 %, 11613 MiB
97 %, 5661 MiB
100 %, 12949 MiB
100 %, 15155 MiB
94 %, 7759 MiB
5 %, 12519 MiB
1 %, 12519 MiB
4 %, 12523 MiB
10 %, 12519 MiB
1 %, 12519 MiB
38 %, 5689 MiB
0 %, 14219 MiB
0 %, 14219 MiB
5 %, 14219 MiB
98 %, 10303 MiB
64 %, 6165 MiB
94 %, 11793 MiB
95 %, 7393 MiB
4 %, 12523 MiB
0 %, 12523 MiB
0 %, 12523 MiB
3 %, 12523 MiB
0 %, 12523 MiB
0 %, 11535 MiB
100 %, 8221 MiB
93 %, 11175 MiB
93 %, 8075 MiB
7 %, 14963 MiB
5 %, 14963 MiB
1 %, 14963 MiB
0 %, 14963 MiB
2 %, 14963 MiB
2 %, 14963 MiB
23 %, 14963 MiB
98 %, 12531 MiB
99 %, 11547 MiB
96 %, 5691 MiB
96 %, 13253 MiB
96 %, 9281 MiB
98 %, 10339 MiB
95 %, 8427 MiB
94 %, 5703 MiB
93 %, 6487 MiB
9 %, 11811 MiB
2 %, 11811 MiB
2 %, 11811 MiB
5 %, 11811 MiB
1 %, 11811 MiB
63 %, 6319 MiB
1 %, 13301 MiB
6 %, 13301 MiB
4 %, 13301 MiB
10 %, 13301 MiB
1 %, 13301 MiB
0 %, 13301 MiB
0 %, 13301 MiB
0 %, 13301 MiB
0 %, 13301 MiB
1 %, 13301 MiB
0 %, 13301 MiB
0 %, 13301 MiB
0 %, 13223 MiB
96 %, 6445 MiB
98 %, 11297 MiB
100 %, 7913 MiB
95 %, 6199 MiB
97 %, 15285 MiB
99 %, 13887 MiB
97 %, 6467 MiB
96 %, 5693 MiB
99 %, 7661 MiB
50 %, 10891 MiB
4 %, 10917 MiB
1 %, 10959 MiB
97 %, 14221 MiB
1 %, 14221 MiB
4 %, 14221 MiB
0 %, 14221 MiB
3 %, 14221 MiB
99 %, 15151 MiB
98 %, 5681 MiB
0 %, 15159 MiB
100 %, 7917 MiB
99 %, 11641 MiB
98 %, 7053 MiB
0 %, 13303 MiB
1 %, 13175 MiB
20 %, 8514 MiB
0 %, 8514 MiB
0 %, 8514 MiB
0 %, 8514 MiB
0 %, 8514 MiB
0 %, 8514 MiB
0 %, 8514 MiB
0 %, 8514 MiB
0 %, 8514 MiB
0 %, 8514 MiB
0 %, 8514 MiB
0 %, 8514 MiB
0 %, 8514 MiB
0 %, 8514 MiB
0 %, 8514 MiB
0 %, 8514 MiB
0 %, 8514 MiB
0 %, 8514 MiB
0 %, 8514 MiB
0 %, 8514 MiB
0 %, 8514 MiB
0 %, 8514 MiB
0 %, 8514 MiB
0 %, 8514 MiB
0 %, 8514 MiB
0 %, 8514 MiB
0 %, 8514 MiB
0 %, 8514 MiB
0 %, 8514 MiB
0 %, 8514 MiB
0 %, 8514 MiB
0 %, 8514 MiB
0 %, 8514 MiB
0 %, 8514 MiB
0 %, 8514 MiB
0 %, 8514 MiB
0 %, 8514 MiB
0 %, 8514 MiB
0 %, 8514 MiB
0 %, 8514 MiB
0 %, 8514 MiB
0 %, 8514 MiB
0 %, 8514 MiB
0 %, 8514 MiB
0 %, 8514 MiB
0 %, 8514 MiB
0 %, 8514 MiB
0 %, 8514 MiB
0 %, 8514 MiB
0 %, 8514 MiB
0 %, 8514 MiB
0 %, 8514 MiB
0 %, 8514 MiB
0 %, 8514 MiB
0 %, 8514 MiB
0 %, 8514 MiB
0 %, 8631 MiB
20 %, 9515 MiB
44 %, 12064 MiB
6 %, 13303 MiB
0 %, 13303 MiB
1 %, 13303 MiB
10 %, 13303 MiB
7 %, 13303 MiB
6 %, 13303 MiB
0 %, 13303 MiB
13 %, 13303 MiB
3 %, 13303 MiB
0 %, 13303 MiB
3 %, 13303 MiB
0 %, 13303 MiB
0 %, 13303 MiB
43 %, 8373 MiB
3 %, 8515 MiB
0 %, 8515 MiB
5 %, 8515 MiB
6 %, 8515 MiB
98 %, 6813 MiB
0 %, 9423 MiB
0 %, 9423 MiB
0 %, 9423 MiB
0 %, 9423 MiB
0 %, 9423 MiB
0 %, 9423 MiB
0 %, 9423 MiB
0 %, 9423 MiB
0 %, 9423 MiB
0 %, 9423 MiB
0 %, 9423 MiB
1 %, 9423 MiB
0 %, 9035 MiB
7 %, 8615 MiB
22 %, 4246 MiB
0 %, 4246 MiB
0 %, 4246 MiB
0 %, 4246 MiB
0 %, 4246 MiB
0 %, 4246 MiB
0 %, 4246 MiB
0 %, 4246 MiB
0 %, 4246 MiB
0 %, 4246 MiB
0 %, 4246 MiB
0 %, 4246 MiB
0 %, 4246 MiB
0 %, 4246 MiB
0 %, 4246 MiB
0 %, 4246 MiB
0 %, 4246 MiB
0 %, 4246 MiB
0 %, 4246 MiB
0 %, 4246 MiB
0 %, 4246 MiB
0 %, 4246 MiB
0 %, 4246 MiB
0 %, 4246 MiB
0 %, 4246 MiB
0 %, 4246 MiB
0 %, 4246 MiB
0 %, 4246 MiB
0 %, 4246 MiB
0 %, 4246 MiB
0 %, 4246 MiB
0 %, 4246 MiB
0 %, 4246 MiB
0 %, 4246 MiB
0 %, 4246 MiB
0 %, 4246 MiB
0 %, 4246 MiB
0 %, 4246 MiB
0 %, 4246 MiB
0 %, 4246 MiB
0 %, 4246 MiB
0 %, 4246 MiB
0 %, 4246 MiB
0 %, 4246 MiB
0 %, 4246 MiB
0 %, 4246 MiB
0 %, 4246 MiB
0 %, 4246 MiB
0 %, 4246 MiB
0 %, 4246 MiB
0 %, 4246 MiB
0 %, 4246 MiB
0 %, 4246 MiB
0 %, 4246 MiB
0 %, 4246 MiB
0 %, 4246 MiB
0 %, 4246 MiB
0 %, 4466 MiB
29 %, 5358 MiB
5 %, 9035 MiB
2 %, 9035 MiB
3 %, 9035 MiB
0 %, 9035 MiB
1 %, 9035 MiB
0 %, 9035 MiB
2 %, 9035 MiB
1 %, 9035 MiB
3 %, 9035 MiB
0 %, 9035 MiB
1 %, 9035 MiB
5 %, 9035 MiB
7 %, 9035 MiB
11 %, 9035 MiB
3 %, 9035 MiB
96 %, 14575 MiB
3 %, 11355 MiB
1 %, 11355 MiB
95 %, 6083 MiB
0 %, 15293 MiB
8 %, 15293 MiB
1 %, 15293 MiB
0 %, 15293 MiB
17 %, 15293 MiB
0 %, 15293 MiB
9 %, 15293 MiB
4 %, 15293 MiB
98 %, 15481 MiB
96 %, 7089 MiB
100 %, 12509 MiB
99 %, 6569 MiB
99 %, 13943 MiB
100 %, 15149 MiB
99 %, 6331 MiB
97 %, 11345 MiB
99 %, 13671 MiB
97 %, 7795 MiB
2 %, 14965 MiB
2 %, 14965 MiB
100 %, 11677 MiB
95 %, 7609 MiB
1 %, 14225 MiB
2 %, 14225 MiB
2 %, 14225 MiB
3 %, 14225 MiB
8 %, 14225 MiB
1 %, 14225 MiB
2 %, 14225 MiB
0 %, 14225 MiB
1 %, 14225 MiB
100 %, 12967 MiB
97 %, 13719 MiB
100 %, 15283 MiB
5 %, 15283 MiB
2 %, 15283 MiB
6 %, 15283 MiB
9 %, 15283 MiB
1 %, 15283 MiB
99 %, 15471 MiB
99 %, 10897 MiB
97 %, 12459 MiB
3 %, 13287 MiB
5 %, 13289 MiB
0 %, 13287 MiB
100 %, 11081 MiB
95 %, 11359 MiB
94 %, 14961 MiB
94 %, 11987 MiB
96 %, 12533 MiB
99 %, 13239 MiB
93 %, 12525 MiB
3 %, 12525 MiB
1 %, 12525 MiB
2 %, 12525 MiB
0 %, 12525 MiB
6 %, 12525 MiB
1 %, 12525 MiB
7 %, 12525 MiB
7 %, 12525 MiB
0 %, 12525 MiB
4 %, 12525 MiB
8 %, 10211 MiB
99 %, 7769 MiB
99 %, 11347 MiB
98 %, 15467 MiB
98 %, 14957 MiB
99 %, 11547 MiB
99 %, 15155 MiB
98 %, 11261 MiB
98 %, 13303 MiB
93 %, 10741 MiB
91 %, 11281 MiB
4 %, 12533 MiB
1 %, 12533 MiB
6 %, 12533 MiB
0 %, 12533 MiB
3 %, 12533 MiB
1 %, 12533 MiB
2 %, 12533 MiB
3 %, 12533 MiB
99 %, 15283 MiB
97 %, 13335 MiB
94 %, 5705 MiB
93 %, 13287 MiB
99 %, 11553 MiB
19 %, 15147 MiB
0 %, 15147 MiB
11 %, 15147 MiB
6 %, 15147 MiB
100 %, 12347 MiB
96 %, 15283 MiB
92 %, 11417 MiB
100 %, 10941 MiB
93 %, 13307 MiB
68 %, 8839 MiB
0 %, 11345 MiB
0 %, 11345 MiB
1 %, 11345 MiB
2 %, 11345 MiB
0 %, 11345 MiB
7 %, 11345 MiB
7 %, 11345 MiB
76 %, 11377 MiB
6 %, 12545 MiB
0 %, 11241 MiB
95 %, 8911 MiB
95 %, 11339 MiB
5 %, 11345 MiB
0 %, 11345 MiB
99 %, 13303 MiB
94 %, 6057 MiB
100 %, 15147 MiB
0 %, 15147 MiB
0 %, 15147 MiB
7 %, 15147 MiB
0 %, 15147 MiB
2 %, 15147 MiB
0 %, 15147 MiB
97 %, 15283 MiB
99 %, 7233 MiB
100 %, 8483 MiB
96 %, 7865 MiB
98 %, 12517 MiB
98 %, 8269 MiB
98 %, 11331 MiB
98 %, 14965 MiB
97 %, 5717 MiB
0 %, 11821 MiB
7 %, 11110 MiB
13 %, 7032 MiB
0 %, 7032 MiB
0 %, 7032 MiB
0 %, 7032 MiB
0 %, 7032 MiB
0 %, 7032 MiB
0 %, 7032 MiB
0 %, 7032 MiB
0 %, 7032 MiB
0 %, 7032 MiB
0 %, 7032 MiB
0 %, 7032 MiB
0 %, 7032 MiB
0 %, 7032 MiB
0 %, 7032 MiB
0 %, 7032 MiB
0 %, 7032 MiB
0 %, 7032 MiB
0 %, 7032 MiB
0 %, 7032 MiB
0 %, 7032 MiB
0 %, 7032 MiB
0 %, 7032 MiB
0 %, 7032 MiB
0 %, 7032 MiB
0 %, 7032 MiB
0 %, 7032 MiB
0 %, 7032 MiB
0 %, 7032 MiB
0 %, 7032 MiB
0 %, 7032 MiB
0 %, 7032 MiB
0 %, 7032 MiB
0 %, 7032 MiB
0 %, 7032 MiB
0 %, 7032 MiB
0 %, 7032 MiB
0 %, 7032 MiB
0 %, 7032 MiB
0 %, 7032 MiB
0 %, 7032 MiB
0 %, 7032 MiB
0 %, 7032 MiB
0 %, 7032 MiB
0 %, 7032 MiB
0 %, 7032 MiB
0 %, 7032 MiB
0 %, 7032 MiB
0 %, 7032 MiB
0 %, 7032 MiB
0 %, 7032 MiB
0 %, 7032 MiB
0 %, 7032 MiB
0 %, 7032 MiB
0 %, 7032 MiB
0 %, 7032 MiB
0 %, 7034 MiB
0 %, 7160 MiB
3 %, 9422 MiB
61 %, 11841 MiB
0 %, 11821 MiB
0 %, 11821 MiB
7 %, 11821 MiB
1 %, 11821 MiB
1 %, 11821 MiB
3 %, 11821 MiB
1 %, 11821 MiB
1 %, 11833 MiB
4 %, 11821 MiB
6 %, 11821 MiB
1 %, 11821 MiB
2 %, 11821 MiB
74 %, 11821 MiB
64 %, 7257 MiB
99 %, 8515 MiB
0 %, 8515 MiB
3 %, 8515 MiB
0 %, 8515 MiB
97 %, 9253 MiB
0 %, 9423 MiB
0 %, 9423 MiB
2 %, 9423 MiB
0 %, 9423 MiB
1 %, 9423 MiB
0 %, 9423 MiB
3 %, 9423 MiB
0 %, 9423 MiB
