90 %, 2 MiB
0 %, 2 MiB
0 %, 2 MiB
0 %, 2 MiB
0 %, 322 MiB
0 %, 322 MiB
0 %, 322 MiB
0 %, 322 MiB
0 %, 322 MiB
0 %, 322 MiB
0 %, 322 MiB
0 %, 322 MiB
0 %, 322 MiB
0 %, 322 MiB
0 %, 322 MiB
0 %, 322 MiB
0 %, 322 MiB
0 %, 322 MiB
0 %, 322 MiB
0 %, 322 MiB
0 %, 322 MiB
0 %, 322 MiB
0 %, 322 MiB
0 %, 322 MiB
0 %, 322 MiB
0 %, 322 MiB
0 %, 322 MiB
0 %, 322 MiB
0 %, 322 MiB
0 %, 322 MiB
0 %, 322 MiB
0 %, 322 MiB
0 %, 322 MiB
0 %, 322 MiB
0 %, 322 MiB
0 %, 322 MiB
0 %, 322 MiB
0 %, 322 MiB
0 %, 322 MiB
0 %, 322 MiB
0 %, 322 MiB
0 %, 322 MiB
0 %, 322 MiB
0 %, 322 MiB
0 %, 322 MiB
0 %, 322 MiB
0 %, 322 MiB
0 %, 322 MiB
0 %, 322 MiB
0 %, 322 MiB
0 %, 322 MiB
0 %, 322 MiB
0 %, 322 MiB
0 %, 322 MiB
0 %, 322 MiB
0 %, 322 MiB
0 %, 322 MiB
0 %, 322 MiB
0 %, 322 MiB
0 %, 322 MiB
0 %, 322 MiB
0 %, 322 MiB
1 %, 322 MiB
2 %, 523 MiB
43 %, 1583 MiB
38 %, 5171 MiB
21 %, 5181 MiB
23 %, 5177 MiB
15 %, 5177 MiB
45 %, 5177 MiB
40 %, 5177 MiB
48 %, 5177 MiB
91 %, 5185 MiB
81 %, 5177 MiB
19 %, 5767 MiB
73 %, 10789 MiB
90 %, 9671 MiB
5 %, 11415 MiB
48 %, 11417 MiB
37 %, 11417 MiB
29 %, 11417 MiB
16 %, 11417 MiB
46 %, 11417 MiB
27 %, 11417 MiB
31 %, 11417 MiB
76 %, 11417 MiB
32 %, 11417 MiB
0 %, 11417 MiB
12 %, 11417 MiB
0 %, 11417 MiB
0 %, 11243 MiB
72 %, 5845 MiB
100 %, 11873 MiB
94 %, 12483 MiB
97 %, 12527 MiB
98 %, 6869 MiB
98 %, 12581 MiB
97 %, 6299 MiB
99 %, 10703 MiB
100 %, 12705 MiB
99 %, 15227 MiB
100 %, 6093 MiB
99 %, 11681 MiB
100 %, 10719 MiB
98 %, 8805 MiB
100 %, 10819 MiB
13 %, 10955 MiB
99 %, 10955 MiB
18 %, 10955 MiB
34 %, 10955 MiB
62 %, 10955 MiB
24 %, 8415 MiB
98 %, 7565 MiB
26 %, 10955 MiB
24 %, 10955 MiB
0 %, 10955 MiB
100 %, 13385 MiB
4 %, 13355 MiB
42 %, 13355 MiB
57 %, 13355 MiB
11 %, 13355 MiB
14 %, 13355 MiB
100 %, 14503 MiB
97 %, 14297 MiB
97 %, 7397 MiB
100 %, 15219 MiB
99 %, 11405 MiB
99 %, 11071 MiB
94 %, 7817 MiB
100 %, 7049 MiB
100 %, 11609 MiB
100 %, 10827 MiB
98 %, 15355 MiB
100 %, 15039 MiB
96 %, 7475 MiB
100 %, 11707 MiB
99 %, 10955 MiB
46 %, 10955 MiB
38 %, 10955 MiB
25 %, 10955 MiB
96 %, 7393 MiB
26 %, 15371 MiB
34 %, 13355 MiB
47 %, 13355 MiB
74 %, 13355 MiB
30 %, 13355 MiB
25 %, 13355 MiB
62 %, 13355 MiB
0 %, 13355 MiB
25 %, 13355 MiB
11 %, 13355 MiB
23 %, 13355 MiB
97 %, 7025 MiB
98 %, 6793 MiB
99 %, 13371 MiB
99 %, 10239 MiB
100 %, 11881 MiB
99 %, 9379 MiB
99 %, 11881 MiB
98 %, 7751 MiB
92 %, 6197 MiB
99 %, 12573 MiB
100 %, 10701 MiB
38 %, 15223 MiB
99 %, 13305 MiB
24 %, 14291 MiB
100 %, 12105 MiB
80 %, 10779 MiB
16 %, 11873 MiB
16 %, 11873 MiB
10 %, 11873 MiB
33 %, 11873 MiB
12 %, 11873 MiB
72 %, 11873 MiB
100 %, 14271 MiB
82 %, 15223 MiB
53 %, 15223 MiB
74 %, 15223 MiB
33 %, 15223 MiB
53 %, 15223 MiB
100 %, 9837 MiB
96 %, 15037 MiB
100 %, 10867 MiB
97 %, 10239 MiB
94 %, 15343 MiB
100 %, 9217 MiB
95 %, 7369 MiB
100 %, 11253 MiB
97 %, 5959 MiB
98 %, 14295 MiB
99 %, 15041 MiB
37 %, 11697 MiB
44 %, 11397 MiB
100 %, 14383 MiB
99 %, 10485 MiB
98 %, 11871 MiB
21 %, 11877 MiB
36 %, 11877 MiB
97 %, 13351 MiB
52 %, 13351 MiB
100 %, 11415 MiB
11 %, 11403 MiB
11 %, 11403 MiB
65 %, 11403 MiB
92 %, 10161 MiB
97 %, 12105 MiB
96 %, 6477 MiB
98 %, 13215 MiB
98 %, 15223 MiB
99 %, 15355 MiB
0 %, 15355 MiB
21 %, 14341 MiB
0 %, 10502 MiB
0 %, 10502 MiB
0 %, 10502 MiB
0 %, 10502 MiB
0 %, 10502 MiB
0 %, 10502 MiB
0 %, 10502 MiB
0 %, 10502 MiB
0 %, 10502 MiB
0 %, 10502 MiB
0 %, 10502 MiB
0 %, 10502 MiB
0 %, 10502 MiB
0 %, 10502 MiB
0 %, 10502 MiB
0 %, 10502 MiB
0 %, 10502 MiB
0 %, 10502 MiB
0 %, 10502 MiB
0 %, 10502 MiB
0 %, 10502 MiB
0 %, 10502 MiB
0 %, 10502 MiB
0 %, 10502 MiB
0 %, 10502 MiB
0 %, 10502 MiB
0 %, 10502 MiB
0 %, 10502 MiB
0 %, 10502 MiB
0 %, 10502 MiB
0 %, 10502 MiB
0 %, 10502 MiB
0 %, 10502 MiB
0 %, 10502 MiB
0 %, 10502 MiB
0 %, 10502 MiB
0 %, 10502 MiB
0 %, 10502 MiB
0 %, 10502 MiB
0 %, 10502 MiB
0 %, 10502 MiB
0 %, 10502 MiB
0 %, 10502 MiB
0 %, 10502 MiB
0 %, 10502 MiB
0 %, 10502 MiB
0 %, 10502 MiB
0 %, 10502 MiB
0 %, 10502 MiB
0 %, 10502 MiB
0 %, 10502 MiB
0 %, 10502 MiB
0 %, 10502 MiB
0 %, 10502 MiB
0 %, 10502 MiB
0 %, 10502 MiB
0 %, 10609 MiB
13 %, 11224 MiB
27 %, 13180 MiB
100 %, 15407 MiB
19 %, 15355 MiB
28 %, 15355 MiB
19 %, 15355 MiB
8 %, 15383 MiB
54 %, 15355 MiB
29 %, 15355 MiB
33 %, 15355 MiB
61 %, 15355 MiB
39 %, 15355 MiB
25 %, 15391 MiB
16 %, 15355 MiB
0 %, 15373 MiB
99 %, 8629 MiB
100 %, 8579 MiB
0 %, 8579 MiB
7 %, 8579 MiB
89 %, 9099 MiB
23 %, 9099 MiB
100 %, 8047 MiB
0 %, 9489 MiB
0 %, 9489 MiB
21 %, 9489 MiB
31 %, 9489 MiB
0 %, 9489 MiB
33 %, 9489 MiB
0 %, 9489 MiB
0 %, 9489 MiB
60 %, 9135 MiB
1 %, 9071 MiB
21 %, 6940 MiB
0 %, 4282 MiB
0 %, 4282 MiB
0 %, 4282 MiB
0 %, 4282 MiB
0 %, 4282 MiB
0 %, 4282 MiB
0 %, 4282 MiB
0 %, 4282 MiB
0 %, 4282 MiB
0 %, 4282 MiB
0 %, 4282 MiB
0 %, 4282 MiB
0 %, 4282 MiB
0 %, 4282 MiB
0 %, 4282 MiB
0 %, 4282 MiB
0 %, 4282 MiB
0 %, 4282 MiB
0 %, 4282 MiB
0 %, 4282 MiB
0 %, 4282 MiB
0 %, 4282 MiB
0 %, 4282 MiB
0 %, 4282 MiB
0 %, 4282 MiB
0 %, 4282 MiB
0 %, 4282 MiB
0 %, 4282 MiB
0 %, 4282 MiB
0 %, 4282 MiB
0 %, 4282 MiB
0 %, 4282 MiB
0 %, 4282 MiB
0 %, 4282 MiB
0 %, 4282 MiB
0 %, 4282 MiB
0 %, 4282 MiB
0 %, 4282 MiB
0 %, 4282 MiB
0 %, 4282 MiB
0 %, 4282 MiB
0 %, 4282 MiB
0 %, 4282 MiB
0 %, 4282 MiB
0 %, 4282 MiB
0 %, 4282 MiB
0 %, 4282 MiB
0 %, 4282 MiB
0 %, 4282 MiB
0 %, 4282 MiB
0 %, 4282 MiB
0 %, 4282 MiB
0 %, 4282 MiB
0 %, 4282 MiB
0 %, 4282 MiB
0 %, 4282 MiB
0 %, 4399 MiB
14 %, 5864 MiB
10 %, 7667 MiB
32 %, 9135 MiB
0 %, 9135 MiB
34 %, 9135 MiB
49 %, 9135 MiB
53 %, 9135 MiB
7 %, 9135 MiB
16 %, 9135 MiB
57 %, 9135 MiB
22 %, 9139 MiB
15 %, 9135 MiB
0 %, 9135 MiB
60 %, 9135 MiB
52 %, 9135 MiB
21 %, 9135 MiB
9 %, 9135 MiB
50 %, 12835 MiB
8 %, 12835 MiB
29 %, 12835 MiB
75 %, 11407 MiB
75 %, 7313 MiB
99 %, 8019 MiB
100 %, 15211 MiB
99 %, 11869 MiB
100 %, 14619 MiB
100 %, 14419 MiB
99 %, 15029 MiB
99 %, 11693 MiB
100 %, 14963 MiB
96 %, 8155 MiB
100 %, 10999 MiB
100 %, 15351 MiB
99 %, 11409 MiB
35 %, 11437 MiB
50 %, 11407 MiB
46 %, 11407 MiB
13 %, 11407 MiB
98 %, 15211 MiB
38 %, 15211 MiB
22 %, 15211 MiB
30 %, 15211 MiB
81 %, 15239 MiB
43 %, 15211 MiB
100 %, 15211 MiB
94 %, 7517 MiB
99 %, 9041 MiB
100 %, 15233 MiB
100 %, 15359 MiB
99 %, 10001 MiB
97 %, 5847 MiB
100 %, 15223 MiB
98 %, 13363 MiB
98 %, 11205 MiB
99 %, 11247 MiB
100 %, 15037 MiB
99 %, 15365 MiB
95 %, 8973 MiB
78 %, 12581 MiB
1 %, 12581 MiB
18 %, 12581 MiB
43 %, 12581 MiB
47 %, 12581 MiB
10 %, 12581 MiB
45 %, 12581 MiB
44 %, 12581 MiB
95 %, 7813 MiB
100 %, 5823 MiB
98 %, 11877 MiB
99 %, 8137 MiB
95 %, 12581 MiB
100 %, 11883 MiB
52 %, 11877 MiB
99 %, 15355 MiB
99 %, 14313 MiB
100 %, 15351 MiB
100 %, 11403 MiB
95 %, 15351 MiB
99 %, 14293 MiB
100 %, 15355 MiB
12 %, 15355 MiB
36 %, 15355 MiB
0 %, 15355 MiB
38 %, 15355 MiB
53 %, 15355 MiB
66 %, 15355 MiB
77 %, 15355 MiB
29 %, 15355 MiB
40 %, 15355 MiB
20 %, 15355 MiB
31 %, 15355 MiB
13 %, 15355 MiB
99 %, 15543 MiB
94 %, 7431 MiB
100 %, 15351 MiB
97 %, 15219 MiB
99 %, 11877 MiB
95 %, 8347 MiB
96 %, 8103 MiB
100 %, 8275 MiB
100 %, 14507 MiB
100 %, 14099 MiB
100 %, 12601 MiB
95 %, 5823 MiB
95 %, 11877 MiB
37 %, 11877 MiB
2 %, 11877 MiB
0 %, 11877 MiB
69 %, 11877 MiB
100 %, 14275 MiB
100 %, 13101 MiB
95 %, 7495 MiB
100 %, 11877 MiB
30 %, 11877 MiB
89 %, 11877 MiB
25 %, 11877 MiB
11 %, 11877 MiB
21 %, 11877 MiB
100 %, 15355 MiB
100 %, 12369 MiB
100 %, 11235 MiB
100 %, 15067 MiB
100 %, 10823 MiB
97 %, 7925 MiB
100 %, 13375 MiB
100 %, 14423 MiB
100 %, 12725 MiB
98 %, 12577 MiB
48 %, 12577 MiB
0 %, 12577 MiB
0 %, 12577 MiB
95 %, 11605 MiB
100 %, 7329 MiB
100 %, 12581 MiB
96 %, 11403 MiB
98 %, 11381 MiB
97 %, 5853 MiB
100 %, 10961 MiB
99 %, 13787 MiB
99 %, 8643 MiB
0 %, 11403 MiB
0 %, 11403 MiB
0 %, 11403 MiB
24 %, 11403 MiB
0 %, 11403 MiB
8 %, 11403 MiB
0 %, 15037 MiB
0 %, 14917 MiB
21 %, 10479 MiB
0 %, 10184 MiB
0 %, 10184 MiB
0 %, 10184 MiB
0 %, 10184 MiB
0 %, 10184 MiB
0 %, 10184 MiB
0 %, 10184 MiB
0 %, 10184 MiB
0 %, 10184 MiB
0 %, 10184 MiB
0 %, 10184 MiB
0 %, 10184 MiB
0 %, 10184 MiB
0 %, 10184 MiB
0 %, 10184 MiB
0 %, 10184 MiB
0 %, 10184 MiB
0 %, 10184 MiB
0 %, 10184 MiB
0 %, 10184 MiB
0 %, 10184 MiB
0 %, 10184 MiB
0 %, 10184 MiB
0 %, 10184 MiB
0 %, 10184 MiB
0 %, 10184 MiB
0 %, 10184 MiB
0 %, 10184 MiB
0 %, 10184 MiB
0 %, 10184 MiB
0 %, 10184 MiB
0 %, 10184 MiB
0 %, 10184 MiB
0 %, 10184 MiB
0 %, 10184 MiB
0 %, 10184 MiB
0 %, 10184 MiB
0 %, 10184 MiB
0 %, 10184 MiB
0 %, 10184 MiB
0 %, 10184 MiB
0 %, 10184 MiB
0 %, 10184 MiB
0 %, 10184 MiB
0 %, 10184 MiB
0 %, 10184 MiB
0 %, 10184 MiB
0 %, 10184 MiB
0 %, 10184 MiB
0 %, 10184 MiB
0 %, 10184 MiB
0 %, 10184 MiB
0 %, 10184 MiB
0 %, 10184 MiB
0 %, 10184 MiB
0 %, 10184 MiB
0 %, 10303 MiB
22 %, 12648 MiB
40 %, 14113 MiB
91 %, 15037 MiB
7 %, 15037 MiB
0 %, 15037 MiB
25 %, 15037 MiB
17 %, 15037 MiB
28 %, 15037 MiB
43 %, 15037 MiB
29 %, 15037 MiB
62 %, 15037 MiB
0 %, 15037 MiB
50 %, 15037 MiB
12 %, 15037 MiB
60 %, 15137 MiB
97 %, 5821 MiB
99 %, 8875 MiB
17 %, 8581 MiB
17 %, 8581 MiB
96 %, 9101 MiB
100 %, 9369 MiB
0 %, 9489 MiB
0 %, 9489 MiB
0 %, 9489 MiB
0 %, 9489 MiB
0 %, 9489 MiB
0 %, 9489 MiB
0 %, 9489 MiB
0 %, 9489 MiB
0 %, 9489 MiB
41 %, 9489 MiB
0 %, 9137 MiB
0 %, 9009 MiB
21 %, 4284 MiB
0 %, 4284 MiB
1 %, 4275 MiB
