0 %
0 %
0 %
0 %
0 %
0 %
0 %
0 %
0 %
0 %
0 %
0 %
0 %
0 %
0 %
0 %
0 %
0 %
0 %
0 %
0 %
0 %
0 %
0 %
0 %
0 %
0 %
0 %
0 %
0 %
0 %
0 %
0 %
0 %
0 %
0 %
0 %
0 %
0 %
0 %
0 %
0 %
0 %
0 %
0 %
0 %
0 %
0 %
0 %
0 %
0 %
0 %
0 %
0 %
0 %
0 %
0 %
0 %
0 %
0 %
0 %
0 %
0 %
0 %
0 %
29 %
30 %
5 %
10 %
17 %
9 %
8 %
18 %
6 %
6 %
9 %
2 %
5 %
28 %
97 %
98 %
98 %
98 %
97 %
100 %
99 %
99 %
99 %
100 %
98 %
97 %
98 %
1 %
5 %
4 %
97 %
100 %
98 %
98 %
4 %
49 %
97 %
1 %
1 %
0 %
9 %
96 %
99 %
98 %
0 %
91 %
100 %
100 %
98 %
100 %
96 %
98 %
8 %
1 %
3 %
3 %
3 %
1 %
0 %
100 %
97 %
100 %
96 %
96 %
97 %
99 %
98 %
99 %
95 %
4 %
99 %
3 %
2 %
6 %
100 %
100 %
99 %
99 %
96 %
98 %
5 %
95 %
99 %
98 %
1 %
1 %
96 %
99 %
97 %
100 %
63 %
6 %
1 %
5 %
0 %
0 %
97 %
98 %
100 %
97 %
97 %
99 %
98 %
97 %
97 %
2 %
20 %
0 %
0 %
0 %
0 %
0 %
0 %
0 %
0 %
0 %
0 %
0 %
0 %
0 %
0 %
0 %
0 %
0 %
0 %
0 %
0 %
0 %
0 %
0 %
0 %
0 %
0 %
0 %
0 %
0 %
0 %
0 %
0 %
0 %
0 %
0 %
0 %
0 %
0 %
0 %
0 %
0 %
0 %
0 %
0 %
0 %
0 %
0 %
0 %
0 %
0 %
0 %
0 %
0 %
0 %
0 %
0 %
29 %
83 %
2 %
2 %
5 %
10 %
5 %
6 %
60 %
98 %
1 %
0 %
13 %
8 %
99 %
0 %
0 %
9 %
0 %
0 %
1 %
9 %
0 %
0 %
0 %
0 %
0 %
13 %
0 %
0 %
0 %
0 %
0 %
0 %
0 %
0 %
0 %
0 %
0 %
0 %
0 %
0 %
0 %
0 %
0 %
0 %
0 %
0 %
0 %
0 %
0 %
0 %
0 %
0 %
0 %
0 %
0 %
0 %
0 %
0 %
0 %
0 %
0 %
0 %
0 %
0 %
0 %
0 %
0 %
0 %
0 %
0 %
0 %
0 %
0 %
0 %
0 %
0 %
0 %
0 %
0 %
0 %
0 %
0 %
0 %
3 %
12 %
12 %
3 %
5 %
1 %
5 %
2 %
2 %
4 %
19 %
99 %
1 %
24 %
99 %
93 %
96 %
1 %
1 %
65 %
100 %
96 %
97 %
98 %
100 %
95 %
96 %
98 %
12 %
9 %
98 %
100 %
97 %
7 %
3 %
99 %
5 %
0 %
1 %
2 %
5 %
100 %
99 %
99 %
99 %
97 %
96 %
99 %
97 %
100 %
98 %
95 %
5 %
99 %
84 %
5 %
0 %
98 %
99 %
100 %
99 %
100 %
97 %
100 %
100 %
100 %
96 %
7 %
100 %
4 %
9 %
95 %
99 %
95 %
100 %
99 %
3 %
98 %
95 %
98 %
95 %
100 %
98 %
99 %
97 %
97 %
7 %
3 %
4 %
0 %
12 %
98 %
97 %
100 %
100 %
97 %
96 %
97 %
97 %
100 %
0 %
0 %
22 %
0 %
0 %
0 %
0 %
0 %
0 %
0 %
0 %
0 %
0 %
0 %
0 %
0 %
0 %
0 %
0 %
0 %
0 %
0 %
0 %
0 %
0 %
0 %
0 %
0 %
0 %
0 %
0 %
0 %
0 %
0 %
0 %
0 %
0 %
0 %
0 %
0 %
0 %
0 %
0 %
0 %
0 %
0 %
0 %
0 %
0 %
0 %
0 %
0 %
0 %
0 %
0 %
0 %
0 %
0 %
0 %
17 %
61 %
4 %
2 %
9 %
4 %
1 %
2 %
42 %
4 %
99 %
5 %
34 %
3 %
6 %
98 %
0 %
1 %
0 %
0 %
0 %
0 %
0 %
0 %
0 %
7 %
1 %
20 %
0 %
1 %
