79 %, 2 MiB
0 %, 2 MiB
0 %, 2 MiB
0 %, 2 MiB
6 %, 322 MiB
0 %, 322 MiB
0 %, 322 MiB
0 %, 322 MiB
0 %, 322 MiB
0 %, 322 MiB
0 %, 322 MiB
0 %, 322 MiB
0 %, 322 MiB
0 %, 322 MiB
0 %, 322 MiB
0 %, 322 MiB
0 %, 322 MiB
0 %, 322 MiB
0 %, 322 MiB
0 %, 322 MiB
0 %, 322 MiB
0 %, 322 MiB
0 %, 322 MiB
0 %, 322 MiB
0 %, 322 MiB
0 %, 322 MiB
0 %, 322 MiB
0 %, 322 MiB
0 %, 322 MiB
0 %, 322 MiB
0 %, 322 MiB
0 %, 322 MiB
0 %, 322 MiB
0 %, 322 MiB
0 %, 322 MiB
0 %, 322 MiB
0 %, 322 MiB
0 %, 322 MiB
0 %, 322 MiB
0 %, 322 MiB
0 %, 322 MiB
0 %, 322 MiB
0 %, 322 MiB
0 %, 322 MiB
0 %, 322 MiB
0 %, 322 MiB
0 %, 322 MiB
0 %, 322 MiB
0 %, 322 MiB
0 %, 322 MiB
0 %, 322 MiB
0 %, 322 MiB
0 %, 322 MiB
0 %, 322 MiB
0 %, 322 MiB
0 %, 322 MiB
0 %, 322 MiB
0 %, 322 MiB
0 %, 322 MiB
0 %, 322 MiB
0 %, 322 MiB
0 %, 322 MiB
0 %, 322 MiB
0 %, 442 MiB
25 %, 2245 MiB
60 %, 4259 MiB
2 %, 5113 MiB
4 %, 5113 MiB
2 %, 5113 MiB
0 %, 5113 MiB
2 %, 5113 MiB
5 %, 5113 MiB
3 %, 5113 MiB
0 %, 5113 MiB
6 %, 5113 MiB
4 %, 5113 MiB
0 %, 5113 MiB
4 %, 5113 MiB
2 %, 5115 MiB
2 %, 5115 MiB
5 %, 5337 MiB
15 %, 11583 MiB
99 %, 11811 MiB
2 %, 11811 MiB
6 %, 11811 MiB
1 %, 11811 MiB
6 %, 11811 MiB
2 %, 11811 MiB
0 %, 11811 MiB
0 %, 11811 MiB
3 %, 11811 MiB
3 %, 11811 MiB
99 %, 8885 MiB
95 %, 13545 MiB
98 %, 11173 MiB
98 %, 10667 MiB
96 %, 14479 MiB
100 %, 6805 MiB
85 %, 7091 MiB
92 %, 11917 MiB
91 %, 9417 MiB
91 %, 13295 MiB
11 %, 13295 MiB
4 %, 13295 MiB
6 %, 13295 MiB
3 %, 13295 MiB
2 %, 13295 MiB
3 %, 13311 MiB
15 %, 13295 MiB
15 %, 13295 MiB
5 %, 13295 MiB
7 %, 13295 MiB
11 %, 13295 MiB
7 %, 13295 MiB
100 %, 14031 MiB
75 %, 12529 MiB
92 %, 13299 MiB
100 %, 11887 MiB
75 %, 6535 MiB
100 %, 13295 MiB
2 %, 13295 MiB
3 %, 13295 MiB
1 %, 13295 MiB
98 %, 14889 MiB
99 %, 13033 MiB
69 %, 11183 MiB
100 %, 13245 MiB
94 %, 10491 MiB
5 %, 11809 MiB
3 %, 11809 MiB
3 %, 11809 MiB
9 %, 11809 MiB
0 %, 11809 MiB
2 %, 11809 MiB
1 %, 11809 MiB
3 %, 11809 MiB
8 %, 11809 MiB
2 %, 11809 MiB
38 %, 5707 MiB
95 %, 14027 MiB
59 %, 10913 MiB
94 %, 13729 MiB
61 %, 10733 MiB
89 %, 7329 MiB
95 %, 15167 MiB
93 %, 12485 MiB
6 %, 14227 MiB
5 %, 14227 MiB
0 %, 14227 MiB
0 %, 14227 MiB
1 %, 14227 MiB
0 %, 14227 MiB
13 %, 14227 MiB
8 %, 14227 MiB
99 %, 14565 MiB
100 %, 14145 MiB
94 %, 12043 MiB
97 %, 14961 MiB
4 %, 14961 MiB
3 %, 14963 MiB
3 %, 14963 MiB
5 %, 14977 MiB
0 %, 14963 MiB
100 %, 8425 MiB
93 %, 9889 MiB
94 %, 8249 MiB
96 %, 12067 MiB
96 %, 9703 MiB
97 %, 11811 MiB
99 %, 14979 MiB
97 %, 13181 MiB
99 %, 14233 MiB
96 %, 7109 MiB
99 %, 7063 MiB
97 %, 10895 MiB
97 %, 11343 MiB
96 %, 6391 MiB
99 %, 11811 MiB
96 %, 8243 MiB
99 %, 15169 MiB
97 %, 7395 MiB
100 %, 15297 MiB
2 %, 15297 MiB
0 %, 15297 MiB
4 %, 15297 MiB
0 %, 15297 MiB
6 %, 15297 MiB
98 %, 13297 MiB
96 %, 14229 MiB
97 %, 13033 MiB
97 %, 6727 MiB
99 %, 10393 MiB
100 %, 15169 MiB
97 %, 15105 MiB
100 %, 10501 MiB
99 %, 13289 MiB
97 %, 10895 MiB
0 %, 10895 MiB
0 %, 10895 MiB
2 %, 10895 MiB
33 %, 6555 MiB
100 %, 12061 MiB
0 %, 12531 MiB
13 %, 11238 MiB
0 %, 7742 MiB
0 %, 7742 MiB
0 %, 7742 MiB
0 %, 7742 MiB
0 %, 7742 MiB
0 %, 7742 MiB
0 %, 7742 MiB
0 %, 7742 MiB
0 %, 7742 MiB
0 %, 7742 MiB
0 %, 7742 MiB
0 %, 7742 MiB
0 %, 7742 MiB
0 %, 7742 MiB
0 %, 7742 MiB
0 %, 7742 MiB
0 %, 7742 MiB
0 %, 7742 MiB
0 %, 7742 MiB
0 %, 7742 MiB
0 %, 7742 MiB
0 %, 7742 MiB
0 %, 7742 MiB
0 %, 7742 MiB
0 %, 7742 MiB
0 %, 7742 MiB
0 %, 7742 MiB
0 %, 7742 MiB
0 %, 7742 MiB
0 %, 7742 MiB
0 %, 7742 MiB
0 %, 7742 MiB
0 %, 7742 MiB
0 %, 7742 MiB
0 %, 7742 MiB
0 %, 7742 MiB
0 %, 7742 MiB
0 %, 7742 MiB
0 %, 7742 MiB
0 %, 7742 MiB
0 %, 7742 MiB
0 %, 7742 MiB
0 %, 7742 MiB
0 %, 7742 MiB
0 %, 7742 MiB
0 %, 7742 MiB
0 %, 7742 MiB
0 %, 7742 MiB
0 %, 7742 MiB
0 %, 7742 MiB
0 %, 7742 MiB
0 %, 7742 MiB
0 %, 7742 MiB
0 %, 7742 MiB
0 %, 7742 MiB
0 %, 7837 MiB
5 %, 8302 MiB
15 %, 10622 MiB
1 %, 12531 MiB
1 %, 12531 MiB
0 %, 12531 MiB
4 %, 12531 MiB
8 %, 12531 MiB
0 %, 12531 MiB
4 %, 12531 MiB
10 %, 12531 MiB
6 %, 12531 MiB
9 %, 12531 MiB
5 %, 12531 MiB
0 %, 12531 MiB
2 %, 12531 MiB
5 %, 12531 MiB
99 %, 8677 MiB
2 %, 8563 MiB
0 %, 8563 MiB
6 %, 8563 MiB
4 %, 9093 MiB
97 %, 6981 MiB
9 %, 9433 MiB
1 %, 9433 MiB
0 %, 9433 MiB
0 %, 9433 MiB
9 %, 9433 MiB
2 %, 9433 MiB
0 %, 9433 MiB
0 %, 9433 MiB
0 %, 9433 MiB
85 %, 9045 MiB
2 %, 8925 MiB
14 %, 4256 MiB
0 %, 4256 MiB
0 %, 4256 MiB
0 %, 4256 MiB
0 %, 4256 MiB
0 %, 4256 MiB
0 %, 4256 MiB
0 %, 4256 MiB
0 %, 4256 MiB
0 %, 4256 MiB
0 %, 4256 MiB
0 %, 4256 MiB
0 %, 4256 MiB
0 %, 4256 MiB
0 %, 4256 MiB
0 %, 4256 MiB
0 %, 4256 MiB
0 %, 4256 MiB
0 %, 4256 MiB
0 %, 4256 MiB
0 %, 4256 MiB
0 %, 4256 MiB
0 %, 4256 MiB
0 %, 4256 MiB
0 %, 4256 MiB
0 %, 4256 MiB
0 %, 4256 MiB
0 %, 4256 MiB
0 %, 4256 MiB
0 %, 4256 MiB
0 %, 4256 MiB
0 %, 4256 MiB
0 %, 4256 MiB
0 %, 4256 MiB
0 %, 4256 MiB
0 %, 4256 MiB
0 %, 4256 MiB
0 %, 4256 MiB
0 %, 4256 MiB
0 %, 4256 MiB
0 %, 4256 MiB
0 %, 4256 MiB
0 %, 4256 MiB
0 %, 4256 MiB
0 %, 4256 MiB
0 %, 4256 MiB
0 %, 4256 MiB
0 %, 4256 MiB
0 %, 4256 MiB
0 %, 4256 MiB
0 %, 4256 MiB
0 %, 4256 MiB
0 %, 4256 MiB
0 %, 4256 MiB
0 %, 4256 MiB
0 %, 4256 MiB
0 %, 4256 MiB
0 %, 4372 MiB
8 %, 5281 MiB
55 %, 7931 MiB
1 %, 9045 MiB
1 %, 9045 MiB
0 %, 9045 MiB
2 %, 9045 MiB
1 %, 9045 MiB
0 %, 9045 MiB
4 %, 9045 MiB
3 %, 9045 MiB
7 %, 9045 MiB
1 %, 9045 MiB
1 %, 9045 MiB
2 %, 11013 MiB
0 %, 11013 MiB
0 %, 11013 MiB
45 %, 11343 MiB
5 %, 11343 MiB
2 %, 11343 MiB
2 %, 11343 MiB
2 %, 11343 MiB
100 %, 15293 MiB
0 %, 15293 MiB
2 %, 14261 MiB
62 %, 6087 MiB
100 %, 8541 MiB
97 %, 10599 MiB
96 %, 12065 MiB
100 %, 13613 MiB
95 %, 15285 MiB
96 %, 13209 MiB
91 %, 6257 MiB
0 %, 14975 MiB
11 %, 14975 MiB
1 %, 14975 MiB
2 %, 14975 MiB
4 %, 14975 MiB
9 %, 14975 MiB
16 %, 14975 MiB
57 %, 13321 MiB
2 %, 13321 MiB
1 %, 13321 MiB
0 %, 13321 MiB
96 %, 14053 MiB
94 %, 5905 MiB
97 %, 11807 MiB
92 %, 10893 MiB
16 %, 14235 MiB
1 %, 14235 MiB
10 %, 14235 MiB
1 %, 14235 MiB
2 %, 14235 MiB
100 %, 11143 MiB
95 %, 11353 MiB
92 %, 6393 MiB
99 %, 14779 MiB
84 %, 6437 MiB
97 %, 9521 MiB
2 %, 11343 MiB
0 %, 11343 MiB
8 %, 11343 MiB
1 %, 11343 MiB
2 %, 11343 MiB
0 %, 11343 MiB
1 %, 11343 MiB
88 %, 13723 MiB
97 %, 9067 MiB
100 %, 14225 MiB
100 %, 13751 MiB
93 %, 7473 MiB
82 %, 7069 MiB
79 %, 11811 MiB
100 %, 14029 MiB
95 %, 15311 MiB
99 %, 12991 MiB
95 %, 6615 MiB
55 %, 14233 MiB
4 %, 14233 MiB
1 %, 14233 MiB
3 %, 14233 MiB
10 %, 14233 MiB
1 %, 14233 MiB
1 %, 14233 MiB
5 %, 14235 MiB
4 %, 14233 MiB
5 %, 14233 MiB
97 %, 7977 MiB
83 %, 11175 MiB
94 %, 12247 MiB
79 %, 14231 MiB
93 %, 5737 MiB
99 %, 14335 MiB
87 %, 12519 MiB
13 %, 13305 MiB
0 %, 13305 MiB
2 %, 13305 MiB
1 %, 13305 MiB
2 %, 13305 MiB
6 %, 13305 MiB
100 %, 14453 MiB
100 %, 11131 MiB
2 %, 12515 MiB
5 %, 12515 MiB
2 %, 12515 MiB
8 %, 10299 MiB
4 %, 15301 MiB
1 %, 15301 MiB
2 %, 15301 MiB
99 %, 13297 MiB
94 %, 12419 MiB
98 %, 15297 MiB
93 %, 13535 MiB
97 %, 6615 MiB
99 %, 15061 MiB
94 %, 8711 MiB
2 %, 12515 MiB
1 %, 12515 MiB
97 %, 15165 MiB
95 %, 14045 MiB
1 %, 14979 MiB
2 %, 14979 MiB
2 %, 14979 MiB
0 %, 14979 MiB
2 %, 14979 MiB
0 %, 14979 MiB
52 %, 11597 MiB
98 %, 7067 MiB
99 %, 15297 MiB
96 %, 10767 MiB
99 %, 8711 MiB
98 %, 11185 MiB
98 %, 14979 MiB
99 %, 15311 MiB
97 %, 13631 MiB
99 %, 8015 MiB
90 %, 14963 MiB
1 %, 14963 MiB
0 %, 14963 MiB
99 %, 14451 MiB
99 %, 14227 MiB
96 %, 15161 MiB
0 %, 15161 MiB
20 %, 11828 MiB
0 %, 10372 MiB
0 %, 10372 MiB
0 %, 10372 MiB
0 %, 10372 MiB
0 %, 10372 MiB
0 %, 10372 MiB
0 %, 10372 MiB
0 %, 10372 MiB
0 %, 10372 MiB
0 %, 10372 MiB
0 %, 10372 MiB
0 %, 10372 MiB
0 %, 10372 MiB
0 %, 10372 MiB
0 %, 10372 MiB
0 %, 10372 MiB
0 %, 10372 MiB
0 %, 10372 MiB
0 %, 10372 MiB
0 %, 10372 MiB
0 %, 10372 MiB
0 %, 10372 MiB
0 %, 10372 MiB
0 %, 10372 MiB
0 %, 10372 MiB
0 %, 10372 MiB
0 %, 10372 MiB
0 %, 10372 MiB
0 %, 10372 MiB
0 %, 10372 MiB
0 %, 10372 MiB
0 %, 10372 MiB
0 %, 10372 MiB
0 %, 10372 MiB
0 %, 10372 MiB
0 %, 10372 MiB
0 %, 10372 MiB
0 %, 10372 MiB
0 %, 10372 MiB
0 %, 10372 MiB
0 %, 10372 MiB
0 %, 10372 MiB
0 %, 10372 MiB
0 %, 10372 MiB
0 %, 10372 MiB
0 %, 10372 MiB
0 %, 10372 MiB
0 %, 10372 MiB
0 %, 10372 MiB
0 %, 10372 MiB
0 %, 10372 MiB
0 %, 10372 MiB
0 %, 10372 MiB
0 %, 10372 MiB
0 %, 10372 MiB
0 %, 10489 MiB
15 %, 11439 MiB
47 %, 13435 MiB
0 %, 15161 MiB
0 %, 15161 MiB
0 %, 15161 MiB
4 %, 15161 MiB
4 %, 15161 MiB
7 %, 15161 MiB
3 %, 15161 MiB
11 %, 15161 MiB
2 %, 15161 MiB
1 %, 15161 MiB
2 %, 15161 MiB
5 %, 15161 MiB
3 %, 15161 MiB
7 %, 15161 MiB
96 %, 6035 MiB
75 %, 8421 MiB
0 %, 9085 MiB
0 %, 9085 MiB
0 %, 9085 MiB
27 %, 9433 MiB
0 %, 9433 MiB
0 %, 9433 MiB
0 %, 9433 MiB
0 %, 9433 MiB
0 %, 9433 MiB
3 %, 9433 MiB
0 %, 9433 MiB
0 %, 9433 MiB
0 %, 9433 MiB
0 %, 9433 MiB
61 %, 9045 MiB
0 %, 9045 MiB
19 %, 6878 MiB
0 %, 4256 MiB
0 %, 4256 MiB
