======================================================
PREFETCH_FACTOR=1  (FM, batch16, worker16, short bench)
======================================================
Traceback (most recent call last):
  File "/home/s2021102349/Audio-Geometry-Grid_Representation-Learning/scripts/bench_stage3.py", line 13, in <module>
    from data.dataset import SyntheticDOADataset
ModuleNotFoundError: No module named 'data'
Command exited with non-zero status 1
	Command being timed: "python /home/s2021102349/Audio-Geometry-Grid_Representation-Learning/scripts/bench_stage3.py --librispeech_train /home/s2021102349/Audio-Geometry-Grid_Representation-Learning/datasets/librispeech/LibriSpeech/train-clean-100 --librispeech_val /home/s2021102349/Audio-Geometry-Grid_Representation-Learning/datasets/librispeech/LibriSpeech/test-clean --ms_snsd_train /home/s2021102349/Audio-Geometry-Grid_Representation-Learning/datasets/ms-snsd/MS-SNSD/noise_train --ms_snsd_val /home/s2021102349/Audio-Geometry-Grid_Representation-Learning/datasets/ms-snsd/MS-SNSD/noise_test --mpe_type FM --batch_size 16 --num_workers 16 --prefetch_factor 1 --train_samples_per_epoch 1600 --dynamic_samples_per_channel 40 --max_epochs 2 --seed 42 --save_dir /home/s2021102349/Audio-Geometry-Grid_Representation-Learning/checkpoints/prefetch_probe_pf1"
	User time (seconds): 1.43
	System time (seconds): 0.35
	Percent of CPU this job got: 22%
	Elapsed (wall clock) time (h:mm:ss or m:ss): 0:07.83
	Average shared text size (kbytes): 0
	Average unshared data size (kbytes): 0
	Average stack size (kbytes): 0
	Average total size (kbytes): 0
	Maximum resident set size (kbytes): 635888
	Average resident set size (kbytes): 0
	Major (requiring I/O) page faults: 4785
	Minor (reclaiming a frame) page faults: 54155
	Voluntary context switches: 11415
	Involuntary context switches: 36
	Swaps: 0
	File system inputs: 958480
	File system outputs: 16
	Socket messages sent: 0
	Socket messages received: 0
	Signals delivered: 0
	Page size (bytes): 4096
	Exit status: 1
--- GPU util 요약 (pf=1) ---
samples=15 mean=0.0% median=0% <20%(idle)=100% >=90%(busy)=0%

======================================================
PREFETCH_FACTOR=4  (FM, batch16, worker16, short bench)
======================================================
Traceback (most recent call last):
  File "/home/s2021102349/Audio-Geometry-Grid_Representation-Learning/scripts/bench_stage3.py", line 13, in <module>
    from data.dataset import SyntheticDOADataset
ModuleNotFoundError: No module named 'data'
Command exited with non-zero status 1
	Command being timed: "python /home/s2021102349/Audio-Geometry-Grid_Representation-Learning/scripts/bench_stage3.py --librispeech_train /home/s2021102349/Audio-Geometry-Grid_Representation-Learning/datasets/librispeech/LibriSpeech/train-clean-100 --librispeech_val /home/s2021102349/Audio-Geometry-Grid_Representation-Learning/datasets/librispeech/LibriSpeech/test-clean --ms_snsd_train /home/s2021102349/Audio-Geometry-Grid_Representation-Learning/datasets/ms-snsd/MS-SNSD/noise_train --ms_snsd_val /home/s2021102349/Audio-Geometry-Grid_Representation-Learning/datasets/ms-snsd/MS-SNSD/noise_test --mpe_type FM --batch_size 16 --num_workers 16 --prefetch_factor 4 --train_samples_per_epoch 1600 --dynamic_samples_per_channel 40 --max_epochs 2 --seed 42 --save_dir /home/s2021102349/Audio-Geometry-Grid_Representation-Learning/checkpoints/prefetch_probe_pf4"
	User time (seconds): 1.41
	System time (seconds): 0.21
	Percent of CPU this job got: 93%
	Elapsed (wall clock) time (h:mm:ss or m:ss): 0:01.73
	Average shared text size (kbytes): 0
	Average unshared data size (kbytes): 0
	Average stack size (kbytes): 0
	Average total size (kbytes): 0
	Maximum resident set size (kbytes): 644104
	Average resident set size (kbytes): 0
	Major (requiring I/O) page faults: 2
	Minor (reclaiming a frame) page faults: 56375
	Voluntary context switches: 3842
	Involuntary context switches: 33
	Swaps: 0
	File system inputs: 0
	File system outputs: 16
	Socket messages sent: 0
	Socket messages received: 0
	Signals delivered: 0
	Page size (bytes): 4096
	Exit status: 1
--- GPU util 요약 (pf=4) ---
samples=4 mean=0.0% median=0% <20%(idle)=100% >=90%(busy)=0%
ALL DONE
