device=cuda
model=AGG_RL(FM) params=2,788,836
train_speech=28539 train_noise=128
/home/s2021102349/Audio-Geometry-Grid_Representation-Learning/trainer/train.py:227: FutureWarning: You are using `torch.load` with `weights_only=False` (the current default value), which uses the default pickle module implicitly. It is possible to construct malicious pickle data which will execute arbitrary code during unpickling (See https://github.com/pytorch/pytorch/blob/main/SECURITY.md#untrusted-models for more details). In a future release, the default value for `weights_only` will be flipped to `True`. This limits the functions that could be executed during unpickling. Arbitrary objects will no longer be allowed to be loaded via this mode unless they are explicitly allowlisted by the user via `torch.serialization.add_safe_globals`. We recommend you start setting `weights_only=True` for any use case where you don't have full control of the loaded file. Please open an issue on GitHub for any issues related to this experimental feature.
  checkpoint = torch.load(resume_path, map_location=device)
[11:47:00] epoch=023 stage=3 gamma=[32.0, 12.0, 5.0] train=0.9006 val:stage3=0.8812 layers=[0.666, 0.1861, 0.0485]
[12:05:05] epoch=024 stage=3 gamma=[32.0, 12.0, 5.0] train=0.8995 val:stage3=0.8816 layers=[0.6653, 0.1858, 0.0484]
[12:22:33] epoch=025 stage=3 gamma=[32.0, 12.0, 5.0] train=0.8986 val:stage3=0.8812 layers=[0.6647, 0.1855, 0.0483]
[12:40:25] epoch=026 stage=3 gamma=[32.0, 12.0, 5.0] train=0.8960 val:stage3=0.8746 layers=[0.6633, 0.1845, 0.0481]
[12:58:15] epoch=027 stage=3 gamma=[32.0, 12.0, 5.0] train=0.8923 val:stage3=0.8716 layers=[0.6609, 0.1835, 0.0478]
[13:16:09] epoch=028 stage=3 gamma=[32.0, 12.0, 5.0] train=0.8906 val:stage3=0.8747 layers=[0.66, 0.183, 0.0477]
[13:34:12] epoch=029 stage=3 gamma=[32.0, 12.0, 5.0] train=0.8892 val:stage3=0.8701 layers=[0.6592, 0.1825, 0.0475]
[13:51:49] epoch=030 stage=3 gamma=[32.0, 12.0, 5.0] train=0.8877 val:stage3=0.8716 layers=[0.6581, 0.1821, 0.0475]
[14:09:34] epoch=031 stage=3 gamma=[32.0, 12.0, 5.0] train=0.8861 val:stage3=0.8702 layers=[0.6574, 0.1814, 0.0473]
[14:27:25] epoch=032 stage=3 gamma=[32.0, 12.0, 5.0] train=0.8853 val:stage3=0.8660 layers=[0.6566, 0.1814, 0.0473]
[14:45:07] epoch=033 stage=3 gamma=[32.0, 12.0, 5.0] train=0.8837 val:stage3=0.8680 layers=[0.6557, 0.1808, 0.0472]
[15:02:54] epoch=034 stage=3 gamma=[32.0, 12.0, 5.0] train=0.8853 val:stage3=0.8701 layers=[0.6566, 0.1813, 0.0473]
[15:20:27] epoch=035 stage=3 gamma=[32.0, 12.0, 5.0] train=0.8825 val:stage3=0.8635 layers=[0.6548, 0.1806, 0.0471]
[15:38:27] epoch=036 stage=3 gamma=[30.92, 11.72, 5.0] train=0.8524 val:stage3=0.8338 layers=[0.6313, 0.1741, 0.047]
[15:56:15] epoch=037 stage=3 gamma=[29.84, 11.44, 5.0] train=0.8202 val:stage3=0.8037 layers=[0.6058, 0.1675, 0.0469]
[16:14:07] epoch=038 stage=3 gamma=[28.76, 11.16, 5.0] train=0.7892 val:stage3=0.7706 layers=[0.581, 0.1613, 0.0468]
[16:31:58] epoch=039 stage=3 gamma=[27.68, 10.88, 5.0] train=0.7581 val:stage3=0.7424 layers=[0.5557, 0.1555, 0.0469]
[16:49:56] epoch=040 stage=3 gamma=[26.6, 10.6, 5.0] train=0.7247 val:stage3=0.7089 layers=[0.5289, 0.1491, 0.0467]
[17:07:47] epoch=041 stage=3 gamma=[25.52, 10.32, 5.0] train=0.6930 val:stage3=0.6800 layers=[0.5031, 0.1432, 0.0467]
[17:25:38] epoch=042 stage=3 gamma=[24.44, 10.04, 5.0] train=0.6611 val:stage3=0.6456 layers=[0.4768, 0.1375, 0.0467]
[17:43:35] epoch=043 stage=3 gamma=[23.36, 9.76, 5.0] train=0.6272 val:stage3=0.6131 layers=[0.4493, 0.1314, 0.0466]
[18:01:10] epoch=044 stage=3 gamma=[22.28, 9.48, 5.0] train=0.5978 val:stage3=0.5825 layers=[0.4246, 0.1264, 0.0468]
[18:18:51] epoch=045 stage=3 gamma=[21.2, 9.2, 5.0] train=0.5647 val:stage3=0.5500 layers=[0.3974, 0.1206, 0.0467]
[18:36:40] epoch=046 stage=3 gamma=[20.12, 8.92, 5.0] train=0.5305 val:stage3=0.5194 layers=[0.3692, 0.1147, 0.0466]
[18:54:29] epoch=047 stage=3 gamma=[19.04, 8.64, 5.0] train=0.4985 val:stage3=0.4850 layers=[0.3426, 0.1093, 0.0466]
[19:12:12] epoch=048 stage=3 gamma=[17.96, 8.36, 5.0] train=0.4667 val:stage3=0.4549 layers=[0.3162, 0.1039, 0.0466]
[19:29:56] epoch=049 stage=3 gamma=[16.88, 8.08, 5.0] train=0.4336 val:stage3=0.4246 layers=[0.2892, 0.0981, 0.0463]
[19:47:50] epoch=050 stage=3 gamma=[15.8, 7.8, 5.0] train=0.4032 val:stage3=0.3936 layers=[0.2638, 0.0931, 0.0464]
[20:06:00] epoch=051 stage=3 gamma=[14.72, 7.52, 5.0] train=0.3728 val:stage3=0.3646 layers=[0.2385, 0.088, 0.0464]
[20:23:41] epoch=052 stage=3 gamma=[13.64, 7.24, 5.0] train=0.3423 val:stage3=0.3348 layers=[0.2134, 0.0827, 0.0462]
[20:41:26] epoch=053 stage=3 gamma=[12.56, 6.96, 5.0] train=0.3141 val:stage3=0.3076 layers=[0.1897, 0.078, 0.0464]
[20:59:37] epoch=054 stage=3 gamma=[11.48, 6.68, 5.0] train=0.2854 val:stage3=0.2789 layers=[0.166, 0.0731, 0.0463]
[21:17:26] epoch=055 stage=3 gamma=[10.4, 6.4, 5.0] train=0.2582 val:stage3=0.2523 layers=[0.1435, 0.0684, 0.0463]
[21:35:12] epoch=056 stage=3 gamma=[9.32, 6.12, 5.0] train=0.2319 val:stage3=0.2258 layers=[0.1219, 0.0638, 0.0463]
[21:53:12] epoch=057 stage=3 gamma=[8.24, 5.84, 5.0] train=0.2068 val:stage3=0.2009 layers=[0.1012, 0.0593, 0.0464]
[22:11:04] epoch=058 stage=3 gamma=[7.16, 5.56, 5.0] train=0.1821 val:stage3=0.1779 layers=[0.0812, 0.0547, 0.0462]
[22:28:45] epoch=059 stage=3 gamma=[6.08, 5.28, 5.0] train=0.1602 val:stage3=0.1554 layers=[0.0632, 0.0506, 0.0464]
[22:47:00] epoch=060 stage=3 gamma=[5.0, 5.0, 5.0] train=0.1388 val:stage3=0.1353 layers=[0.0462, 0.0463, 0.0463]
[23:04:47] epoch=061 stage=3 gamma=[5.0, 5.0, 5.0] train=0.1389 val:stage3=0.1350 layers=[0.0463, 0.0463, 0.0463]
[23:22:29] epoch=062 stage=3 gamma=[5.0, 5.0, 5.0] train=0.1391 val:stage3=0.1356 layers=[0.0464, 0.0464, 0.0464]
[23:40:27] epoch=063 stage=3 gamma=[5.0, 5.0, 5.0] train=0.1388 val:stage3=0.1360 layers=[0.0462, 0.0462, 0.0463]
[23:58:31] epoch=064 stage=3 gamma=[5.0, 5.0, 5.0] train=0.1387 val:stage3=0.1347 layers=[0.0462, 0.0462, 0.0463]
[00:16:40] epoch=065 stage=3 gamma=[5.0, 5.0, 5.0] train=0.1386 val:stage3=0.1349 layers=[0.0462, 0.0462, 0.0462]
[00:34:21] epoch=066 stage=3 gamma=[5.0, 5.0, 5.0] train=0.1383 val:stage3=0.1347 layers=[0.0461, 0.0461, 0.0462]
[00:52:00] epoch=067 stage=3 gamma=[5.0, 5.0, 5.0] train=0.1388 val:stage3=0.1347 layers=[0.0463, 0.0463, 0.0463]
[01:09:48] epoch=068 stage=3 gamma=[5.0, 5.0, 5.0] train=0.1380 val:stage3=0.1347 layers=[0.046, 0.046, 0.046]
[01:27:16] epoch=069 stage=3 gamma=[5.0, 5.0, 5.0] train=0.1387 val:stage3=0.1345 layers=[0.0462, 0.0462, 0.0463]
[01:45:05] epoch=070 stage=3 gamma=[5.0, 5.0, 5.0] train=0.1382 val:stage3=0.1341 layers=[0.046, 0.046, 0.0461]
[02:02:37] epoch=071 stage=3 gamma=[5.0, 5.0, 5.0] train=0.1380 val:stage3=0.1342 layers=[0.046, 0.046, 0.046]
[02:20:07] epoch=072 stage=3 gamma=[5.0, 5.0, 5.0] train=0.1381 val:stage3=0.1338 layers=[0.046, 0.046, 0.0461]
[02:37:54] epoch=073 stage=3 gamma=[5.0, 5.0, 5.0] train=0.1379 val:stage3=0.1343 layers=[0.046, 0.0459, 0.046]
[02:55:43] epoch=074 stage=3 gamma=[5.0, 5.0, 5.0] train=0.1376 val:stage3=0.1340 layers=[0.0459, 0.0458, 0.0459]
[03:13:29] epoch=075 stage=3 gamma=[5.0, 5.0, 5.0] train=0.1377 val:stage3=0.1334 layers=[0.0459, 0.0459, 0.0459]
[03:31:33] epoch=076 stage=3 gamma=[5.0, 5.0, 5.0] train=0.1373 val:stage3=0.1337 layers=[0.0458, 0.0458, 0.0458]
[03:49:03] epoch=077 stage=3 gamma=[5.0, 5.0, 5.0] train=0.1375 val:stage3=0.1339 layers=[0.0458, 0.0458, 0.0458]
[04:06:49] epoch=078 stage=3 gamma=[5.0, 5.0, 5.0] train=0.1374 val:stage3=0.1337 layers=[0.0458, 0.0458, 0.0458]
[04:24:30] epoch=079 stage=3 gamma=[5.0, 5.0, 5.0] train=0.1366 val:stage3=0.1330 layers=[0.0455, 0.0455, 0.0456]
[04:42:17] epoch=080 stage=3 gamma=[5.0, 5.0, 5.0] train=0.1367 val:stage3=0.1331 layers=[0.0456, 0.0456, 0.0456]
[05:00:12] epoch=081 stage=3 gamma=[5.0, 5.0, 5.0] train=0.1368 val:stage3=0.1330 layers=[0.0456, 0.0456, 0.0456]
[05:18:02] epoch=082 stage=3 gamma=[5.0, 5.0, 5.0] train=0.1366 val:stage3=0.1325 layers=[0.0455, 0.0455, 0.0456]
[05:35:56] epoch=083 stage=3 gamma=[5.0, 5.0, 5.0] train=0.1366 val:stage3=0.1328 layers=[0.0455, 0.0455, 0.0456]
[05:53:39] epoch=084 stage=3 gamma=[5.0, 5.0, 5.0] train=0.1361 val:stage3=0.1324 layers=[0.0454, 0.0453, 0.0454]
[06:11:12] epoch=085 stage=3 gamma=[5.0, 5.0, 5.0] train=0.1366 val:stage3=0.1326 layers=[0.0455, 0.0455, 0.0455]
[06:29:01] epoch=086 stage=3 gamma=[5.0, 5.0, 5.0] train=0.1366 val:stage3=0.1323 layers=[0.0455, 0.0455, 0.0455]
[06:46:32] epoch=087 stage=3 gamma=[5.0, 5.0, 5.0] train=0.1360 val:stage3=0.1326 layers=[0.0453, 0.0453, 0.0453]
[07:04:26] epoch=088 stage=3 gamma=[5.0, 5.0, 5.0] train=0.1363 val:stage3=0.1327 layers=[0.0454, 0.0454, 0.0454]
[07:22:12] epoch=089 stage=3 gamma=[5.0, 5.0, 5.0] train=0.1364 val:stage3=0.1321 layers=[0.0455, 0.0455, 0.0455]
[07:40:14] epoch=090 stage=3 gamma=[5.0, 5.0, 5.0] train=0.1358 val:stage3=0.1324 layers=[0.0453, 0.0453, 0.0453]
[07:58:08] epoch=091 stage=3 gamma=[5.0, 5.0, 5.0] train=0.1358 val:stage3=0.1320 layers=[0.0452, 0.0452, 0.0453]
[08:15:50] epoch=092 stage=3 gamma=[5.0, 5.0, 5.0] train=0.1355 val:stage3=0.1321 layers=[0.0452, 0.0452, 0.0452]
[08:33:16] epoch=093 stage=3 gamma=[5.0, 5.0, 5.0] train=0.1364 val:stage3=0.1320 layers=[0.0455, 0.0454, 0.0455]
[08:50:51] epoch=094 stage=3 gamma=[5.0, 5.0, 5.0] train=0.1359 val:stage3=0.1320 layers=[0.0453, 0.0453, 0.0453]
[09:08:47] epoch=095 stage=3 gamma=[5.0, 5.0, 5.0] train=0.1354 val:stage3=0.1317 layers=[0.0451, 0.0451, 0.0451]
[09:26:20] epoch=096 stage=3 gamma=[5.0, 5.0, 5.0] train=0.1351 val:stage3=0.1319 layers=[0.045, 0.045, 0.0451]
[09:44:01] epoch=097 stage=3 gamma=[5.0, 5.0, 5.0] train=0.1350 val:stage3=0.1318 layers=[0.045, 0.045, 0.045]
[10:01:43] epoch=098 stage=3 gamma=[5.0, 5.0, 5.0] train=0.1352 val:stage3=0.1316 layers=[0.0451, 0.0451, 0.0451]
[10:19:25] epoch=099 stage=3 gamma=[5.0, 5.0, 5.0] train=0.1358 val:stage3=0.1317 layers=[0.0453, 0.0453, 0.0453]
[10:37:28] epoch=100 stage=3 gamma=[5.0, 5.0, 5.0] train=0.1347 val:stage3=0.1318 layers=[0.0449, 0.0449, 0.0449]
[10:55:18] epoch=101 stage=3 gamma=[5.0, 5.0, 5.0] train=0.1359 val:stage3=0.1315 layers=[0.0453, 0.0453, 0.0453]
[11:12:48] epoch=102 stage=3 gamma=[5.0, 5.0, 5.0] train=0.1352 val:stage3=0.1312 layers=[0.0451, 0.0451, 0.0451]
[11:30:13] epoch=103 stage=3 gamma=[5.0, 5.0, 5.0] train=0.1350 val:stage3=0.1311 layers=[0.045, 0.045, 0.045]
[11:48:01] epoch=104 stage=3 gamma=[5.0, 5.0, 5.0] train=0.1353 val:stage3=0.1312 layers=[0.0451, 0.0451, 0.0451]
[12:05:49] epoch=105 stage=3 gamma=[5.0, 5.0, 5.0] train=0.1348 val:stage3=0.1311 layers=[0.0449, 0.0449, 0.0449]
[12:23:42] epoch=106 stage=3 gamma=[5.0, 5.0, 5.0] train=0.1343 val:stage3=0.1311 layers=[0.0448, 0.0448, 0.0448]
[12:41:31] epoch=107 stage=3 gamma=[5.0, 5.0, 5.0] train=0.1355 val:stage3=0.1311 layers=[0.0452, 0.0451, 0.0452]
[12:59:16] epoch=108 stage=3 gamma=[5.0, 5.0, 5.0] train=0.1347 val:stage3=0.1310 layers=[0.0449, 0.0449, 0.0449]
[13:16:47] epoch=109 stage=3 gamma=[5.0, 5.0, 5.0] train=0.1345 val:stage3=0.1314 layers=[0.0448, 0.0448, 0.0449]
[13:34:28] epoch=110 stage=3 gamma=[5.0, 5.0, 5.0] train=0.1352 val:stage3=0.1310 layers=[0.0451, 0.045, 0.0451]
[13:52:35] epoch=111 stage=3 gamma=[5.0, 5.0, 5.0] train=0.1342 val:stage3=0.1307 layers=[0.0447, 0.0447, 0.0448]
[14:10:36] epoch=112 stage=3 gamma=[5.0, 5.0, 5.0] train=0.1342 val:stage3=0.1309 layers=[0.0447, 0.0447, 0.0447]
[14:28:23] epoch=113 stage=3 gamma=[5.0, 5.0, 5.0] train=0.1341 val:stage3=0.1306 layers=[0.0447, 0.0447, 0.0447]
[14:46:02] epoch=114 stage=3 gamma=[5.0, 5.0, 5.0] train=0.1352 val:stage3=0.1307 layers=[0.0451, 0.045, 0.0451]
[15:03:53] epoch=115 stage=3 gamma=[5.0, 5.0, 5.0] train=0.1344 val:stage3=0.1305 layers=[0.0448, 0.0448, 0.0448]
[15:21:51] epoch=116 stage=3 gamma=[5.0, 5.0, 5.0] train=0.1338 val:stage3=0.1305 layers=[0.0446, 0.0446, 0.0446]
[15:39:35] epoch=117 stage=3 gamma=[5.0, 5.0, 5.0] train=0.1346 val:stage3=0.1302 layers=[0.0449, 0.0449, 0.0449]
[15:57:13] epoch=118 stage=3 gamma=[5.0, 5.0, 5.0] train=0.1342 val:stage3=0.1307 layers=[0.0447, 0.0447, 0.0448]
[16:14:46] epoch=119 stage=3 gamma=[5.0, 5.0, 5.0] train=0.1345 val:stage3=0.1304 layers=[0.0448, 0.0448, 0.0448]
[16:32:44] epoch=120 stage=3 gamma=[5.0, 5.0, 5.0] train=0.1338 val:stage3=0.1303 layers=[0.0446, 0.0446, 0.0446]
[16:50:23] epoch=121 stage=3 gamma=[5.0, 5.0, 5.0] train=0.1344 val:stage3=0.1306 layers=[0.0448, 0.0448, 0.0448]
[17:08:14] epoch=122 stage=3 gamma=[5.0, 5.0, 5.0] train=0.1339 val:stage3=0.1300 layers=[0.0447, 0.0446, 0.0446]
[17:26:12] epoch=123 stage=3 gamma=[5.0, 5.0, 5.0] train=0.1334 val:stage3=0.1300 layers=[0.0445, 0.0445, 0.0445]
[17:43:55] epoch=124 stage=3 gamma=[5.0, 5.0, 5.0] train=0.1343 val:stage3=0.1300 layers=[0.0448, 0.0448, 0.0448]
[18:01:51] epoch=125 stage=3 gamma=[5.0, 5.0, 5.0] train=0.1342 val:stage3=0.1302 layers=[0.0447, 0.0447, 0.0447]
[18:19:46] epoch=126 stage=3 gamma=[5.0, 5.0, 5.0] train=0.1339 val:stage3=0.1302 layers=[0.0446, 0.0446, 0.0446]
[18:37:26] epoch=127 stage=3 gamma=[5.0, 5.0, 5.0] train=0.1335 val:stage3=0.1297 layers=[0.0445, 0.0445, 0.0445]
[18:55:09] epoch=128 stage=3 gamma=[5.0, 5.0, 5.0] train=0.1335 val:stage3=0.1297 layers=[0.0445, 0.0445, 0.0445]
[19:12:54] epoch=129 stage=3 gamma=[5.0, 5.0, 5.0] train=0.1337 val:stage3=0.1294 layers=[0.0446, 0.0446, 0.0446]
[19:30:47] epoch=130 stage=3 gamma=[5.0, 5.0, 5.0] train=0.1335 val:stage3=0.1295 layers=[0.0445, 0.0445, 0.0445]
[19:48:42] epoch=131 stage=3 gamma=[5.0, 5.0, 5.0] train=0.1334 val:stage3=0.1296 layers=[0.0445, 0.0445, 0.0445]
[20:06:48] epoch=132 stage=3 gamma=[5.0, 5.0, 5.0] train=0.1336 val:stage3=0.1295 layers=[0.0445, 0.0445, 0.0445]
[20:24:28] epoch=133 stage=3 gamma=[5.0, 5.0, 5.0] train=0.1330 val:stage3=0.1295 layers=[0.0444, 0.0443, 0.0444]
[20:42:25] epoch=134 stage=3 gamma=[5.0, 5.0, 5.0] train=0.1328 val:stage3=0.1297 layers=[0.0443, 0.0443, 0.0443]
[21:00:25] epoch=135 stage=3 gamma=[5.0, 5.0, 5.0] train=0.1335 val:stage3=0.1292 layers=[0.0445, 0.0445, 0.0445]
[21:18:08] epoch=136 stage=3 gamma=[5.0, 5.0, 5.0] train=0.1332 val:stage3=0.1292 layers=[0.0444, 0.0444, 0.0444]
[21:36:02] epoch=137 stage=3 gamma=[5.0, 5.0, 5.0] train=0.1327 val:stage3=0.1291 layers=[0.0443, 0.0442, 0.0443]
[21:53:42] epoch=138 stage=3 gamma=[5.0, 5.0, 5.0] train=0.1335 val:stage3=0.1291 layers=[0.0445, 0.0445, 0.0445]
[22:11:34] epoch=139 stage=3 gamma=[5.0, 5.0, 5.0] train=0.1331 val:stage3=0.1292 layers=[0.0444, 0.0444, 0.0444]
[22:29:43] epoch=140 stage=3 gamma=[5.0, 5.0, 5.0] train=0.1331 val:stage3=0.1293 layers=[0.0444, 0.0444, 0.0444]
[22:47:24] epoch=141 stage=3 gamma=[5.0, 5.0, 5.0] train=0.1337 val:stage3=0.1288 layers=[0.0446, 0.0446, 0.0446]
[23:04:57] epoch=142 stage=3 gamma=[5.0, 5.0, 5.0] train=0.1329 val:stage3=0.1289 layers=[0.0443, 0.0443, 0.0443]
[23:22:35] epoch=143 stage=3 gamma=[5.0, 5.0, 5.0] train=0.1331 val:stage3=0.1288 layers=[0.0444, 0.0443, 0.0444]
[23:40:23] epoch=144 stage=3 gamma=[5.0, 5.0, 5.0] train=0.1325 val:stage3=0.1289 layers=[0.0442, 0.0442, 0.0442]
[23:58:17] epoch=145 stage=3 gamma=[5.0, 5.0, 5.0] train=0.1328 val:stage3=0.1288 layers=[0.0443, 0.0442, 0.0443]
[00:16:06] epoch=146 stage=3 gamma=[5.0, 5.0, 5.0] train=0.1329 val:stage3=0.1290 layers=[0.0443, 0.0443, 0.0443]
[00:33:50] epoch=147 stage=3 gamma=[5.0, 5.0, 5.0] train=0.1330 val:stage3=0.1287 layers=[0.0444, 0.0443, 0.0443]
[00:51:35] epoch=148 stage=3 gamma=[5.0, 5.0, 5.0] train=0.1330 val:stage3=0.1285 layers=[0.0443, 0.0443, 0.0443]
[01:09:22] epoch=149 stage=3 gamma=[5.0, 5.0, 5.0] train=0.1331 val:stage3=0.1286 layers=[0.0444, 0.0444, 0.0444]
[01:27:22] epoch=150 stage=3 gamma=[5.0, 5.0, 5.0] train=0.1330 val:stage3=0.1288 layers=[0.0443, 0.0443, 0.0443]
[01:45:13] epoch=151 stage=3 gamma=[5.0, 5.0, 5.0] train=0.1323 val:stage3=0.1285 layers=[0.0441, 0.0441, 0.0441]
[02:02:56] epoch=152 stage=3 gamma=[5.0, 5.0, 5.0] train=0.1332 val:stage3=0.1282 layers=[0.0444, 0.0444, 0.0444]
[02:20:46] epoch=153 stage=3 gamma=[5.0, 5.0, 5.0] train=0.1329 val:stage3=0.1287 layers=[0.0443, 0.0443, 0.0443]
[02:38:27] epoch=154 stage=3 gamma=[5.0, 5.0, 5.0] train=0.1326 val:stage3=0.1285 layers=[0.0442, 0.0442, 0.0442]
[02:56:20] epoch=155 stage=3 gamma=[5.0, 5.0, 5.0] train=0.1321 val:stage3=0.1285 layers=[0.044, 0.044, 0.044]
[03:14:11] epoch=156 stage=3 gamma=[5.0, 5.0, 5.0] train=0.1327 val:stage3=0.1284 layers=[0.0442, 0.0442, 0.0442]
[03:32:02] epoch=157 stage=3 gamma=[5.0, 5.0, 5.0] train=0.1325 val:stage3=0.1286 layers=[0.0442, 0.0442, 0.0442]
[03:49:24] epoch=158 stage=3 gamma=[5.0, 5.0, 5.0] train=0.1325 val:stage3=0.1283 layers=[0.0442, 0.0442, 0.0442]
[04:07:16] epoch=159 stage=3 gamma=[5.0, 5.0, 5.0] train=0.1327 val:stage3=0.1283 layers=[0.0443, 0.0442, 0.0442]
[04:25:11] epoch=160 stage=3 gamma=[5.0, 5.0, 5.0] train=0.1320 val:stage3=0.1284 layers=[0.044, 0.044, 0.044]
[04:42:52] epoch=161 stage=3 gamma=[5.0, 5.0, 5.0] train=0.1318 val:stage3=0.1282 layers=[0.0439, 0.0439, 0.0439]
[05:00:21] epoch=162 stage=3 gamma=[5.0, 5.0, 5.0] train=0.1314 val:stage3=0.1283 layers=[0.0438, 0.0438, 0.0438]
[05:17:55] epoch=163 stage=3 gamma=[5.0, 5.0, 5.0] train=0.1322 val:stage3=0.1281 layers=[0.0441, 0.0441, 0.0441]
[05:35:57] epoch=164 stage=3 gamma=[5.0, 5.0, 5.0] train=0.1326 val:stage3=0.1281 layers=[0.0442, 0.0442, 0.0442]
[05:54:04] epoch=165 stage=3 gamma=[5.0, 5.0, 5.0] train=0.1326 val:stage3=0.1280 layers=[0.0442, 0.0442, 0.0442]
[06:11:59] epoch=166 stage=3 gamma=[5.0, 5.0, 5.0] train=0.1319 val:stage3=0.1281 layers=[0.044, 0.044, 0.044]
[06:29:56] epoch=167 stage=3 gamma=[5.0, 5.0, 5.0] train=0.1319 val:stage3=0.1278 layers=[0.044, 0.044, 0.044]
[06:47:48] epoch=168 stage=3 gamma=[5.0, 5.0, 5.0] train=0.1314 val:stage3=0.1280 layers=[0.0438, 0.0438, 0.0438]
[07:05:21] epoch=169 stage=3 gamma=[5.0, 5.0, 5.0] train=0.1321 val:stage3=0.1278 layers=[0.044, 0.044, 0.044]
[07:23:19] epoch=170 stage=3 gamma=[5.0, 5.0, 5.0] train=0.1322 val:stage3=0.1279 layers=[0.0441, 0.0441, 0.0441]
[07:41:24] epoch=171 stage=3 gamma=[5.0, 5.0, 5.0] train=0.1319 val:stage3=0.1279 layers=[0.044, 0.044, 0.044]
[07:59:00] epoch=172 stage=3 gamma=[5.0, 5.0, 5.0] train=0.1315 val:stage3=0.1277 layers=[0.0438, 0.0438, 0.0438]
[08:16:47] epoch=173 stage=3 gamma=[5.0, 5.0, 5.0] train=0.1318 val:stage3=0.1277 layers=[0.0439, 0.0439, 0.0439]
[08:34:34] epoch=174 stage=3 gamma=[5.0, 5.0, 5.0] train=0.1317 val:stage3=0.1276 layers=[0.0439, 0.0439, 0.0439]
[08:52:10] epoch=175 stage=3 gamma=[5.0, 5.0, 5.0] train=0.1324 val:stage3=0.1278 layers=[0.0441, 0.0441, 0.0441]
[09:10:08] epoch=176 stage=3 gamma=[5.0, 5.0, 5.0] train=0.1320 val:stage3=0.1277 layers=[0.044, 0.044, 0.044]
[09:28:14] epoch=177 stage=3 gamma=[5.0, 5.0, 5.0] train=0.1313 val:stage3=0.1274 layers=[0.0438, 0.0438, 0.0438]
[09:46:11] epoch=178 stage=3 gamma=[5.0, 5.0, 5.0] train=0.1315 val:stage3=0.1277 layers=[0.0439, 0.0438, 0.0438]
[10:04:08] epoch=179 stage=3 gamma=[5.0, 5.0, 5.0] train=0.1322 val:stage3=0.1277 layers=[0.0441, 0.0441, 0.0441]
[10:21:59] epoch=180 stage=3 gamma=[5.0, 5.0, 5.0] train=0.1321 val:stage3=0.1274 layers=[0.044, 0.044, 0.044]
[10:40:01] epoch=181 stage=3 gamma=[5.0, 5.0, 5.0] train=0.1314 val:stage3=0.1274 layers=[0.0438, 0.0438, 0.0438]
[10:57:47] epoch=182 stage=3 gamma=[5.0, 5.0, 5.0] train=0.1312 val:stage3=0.1275 layers=[0.0437, 0.0437, 0.0437]
[11:15:34] epoch=183 stage=3 gamma=[5.0, 5.0, 5.0] train=0.1319 val:stage3=0.1276 layers=[0.044, 0.0439, 0.044]
[11:33:17] epoch=184 stage=3 gamma=[5.0, 5.0, 5.0] train=0.1315 val:stage3=0.1275 layers=[0.0438, 0.0438, 0.0438]
[11:51:07] epoch=185 stage=3 gamma=[5.0, 5.0, 5.0] train=0.1312 val:stage3=0.1273 layers=[0.0437, 0.0437, 0.0437]
[12:08:53] epoch=186 stage=3 gamma=[5.0, 5.0, 5.0] train=0.1315 val:stage3=0.1273 layers=[0.0438, 0.0438, 0.0438]
[12:26:53] epoch=187 stage=3 gamma=[5.0, 5.0, 5.0] train=0.1313 val:stage3=0.1273 layers=[0.0438, 0.0438, 0.0438]
[12:44:38] epoch=188 stage=3 gamma=[5.0, 5.0, 5.0] train=0.1314 val:stage3=0.1273 layers=[0.0438, 0.0438, 0.0438]
[13:02:21] epoch=189 stage=3 gamma=[5.0, 5.0, 5.0] train=0.1315 val:stage3=0.1272 layers=[0.0438, 0.0438, 0.0438]
[13:20:13] epoch=190 stage=3 gamma=[5.0, 5.0, 5.0] train=0.1310 val:stage3=0.1273 layers=[0.0437, 0.0436, 0.0437]
[13:38:09] epoch=191 stage=3 gamma=[5.0, 5.0, 5.0] train=0.1313 val:stage3=0.1272 layers=[0.0438, 0.0437, 0.0438]
[13:55:41] epoch=192 stage=3 gamma=[5.0, 5.0, 5.0] train=0.1316 val:stage3=0.1272 layers=[0.0439, 0.0438, 0.0439]
[14:13:25] epoch=193 stage=3 gamma=[5.0, 5.0, 5.0] train=0.1312 val:stage3=0.1273 layers=[0.0437, 0.0437, 0.0437]
[14:31:17] epoch=194 stage=3 gamma=[5.0, 5.0, 5.0] train=0.1319 val:stage3=0.1273 layers=[0.044, 0.044, 0.044]
[14:48:45] epoch=195 stage=3 gamma=[5.0, 5.0, 5.0] train=0.1315 val:stage3=0.1272 layers=[0.0439, 0.0438, 0.0438]
[15:06:42] epoch=196 stage=3 gamma=[5.0, 5.0, 5.0] train=0.1314 val:stage3=0.1272 layers=[0.0438, 0.0438, 0.0438]
[15:24:16] epoch=197 stage=3 gamma=[5.0, 5.0, 5.0] train=0.1314 val:stage3=0.1271 layers=[0.0438, 0.0438, 0.0438]
[15:42:28] epoch=198 stage=3 gamma=[5.0, 5.0, 5.0] train=0.1312 val:stage3=0.1272 layers=[0.0437, 0.0437, 0.0437]
[16:00:16] epoch=199 stage=3 gamma=[5.0, 5.0, 5.0] train=0.1319 val:stage3=0.1271 layers=[0.044, 0.0439, 0.044]
[16:18:17] epoch=200 stage=3 gamma=[5.0, 5.0, 5.0] train=0.1316 val:stage3=0.1272 layers=[0.0439, 0.0439, 0.0439]
[16:36:23] epoch=201 stage=3 gamma=[5.0, 5.0, 5.0] train=0.1316 val:stage3=0.1272 layers=[0.0439, 0.0438, 0.0438]
[16:54:25] epoch=202 stage=3 gamma=[5.0, 5.0, 5.0] train=0.1308 val:stage3=0.1272 layers=[0.0436, 0.0436, 0.0436]
[17:12:09] epoch=203 stage=3 gamma=[5.0, 5.0, 5.0] train=0.1312 val:stage3=0.1271 layers=[0.0438, 0.0437, 0.0437]
[17:30:05] epoch=204 stage=3 gamma=[5.0, 5.0, 5.0] train=0.1316 val:stage3=0.1271 layers=[0.0439, 0.0439, 0.0439]
[17:47:47] epoch=205 stage=3 gamma=[5.0, 5.0, 5.0] train=0.1306 val:stage3=0.1271 layers=[0.0436, 0.0435, 0.0435]
[18:05:43] epoch=206 stage=3 gamma=[5.0, 5.0, 5.0] train=0.1313 val:stage3=0.1271 layers=[0.0438, 0.0437, 0.0438]
[18:23:48] epoch=207 stage=3 gamma=[5.0, 5.0, 5.0] train=0.1309 val:stage3=0.1271 layers=[0.0436, 0.0436, 0.0436]
[18:41:48] epoch=208 stage=3 gamma=[5.0, 5.0, 5.0] train=0.1313 val:stage3=0.1270 layers=[0.0438, 0.0438, 0.0438]
[18:59:37] epoch=209 stage=3 gamma=[5.0, 5.0, 5.0] train=0.1302 val:stage3=0.1270 layers=[0.0434, 0.0434, 0.0434]
[19:17:41] epoch=210 stage=3 gamma=[5.0, 5.0, 5.0] train=0.1309 val:stage3=0.1270 layers=[0.0437, 0.0436, 0.0436]
[19:35:30] epoch=211 stage=3 gamma=[5.0, 5.0, 5.0] train=0.1304 val:stage3=0.1268 layers=[0.0435, 0.0435, 0.0435]
[19:53:28] epoch=212 stage=3 gamma=[5.0, 5.0, 5.0] train=0.1310 val:stage3=0.1269 layers=[0.0437, 0.0436, 0.0437]
[20:11:39] epoch=213 stage=3 gamma=[5.0, 5.0, 5.0] train=0.1305 val:stage3=0.1271 layers=[0.0435, 0.0435, 0.0435]
[20:29:19] epoch=214 stage=3 gamma=[5.0, 5.0, 5.0] train=0.1310 val:stage3=0.1269 layers=[0.0437, 0.0437, 0.0437]
[20:47:10] epoch=215 stage=3 gamma=[5.0, 5.0, 5.0] train=0.1313 val:stage3=0.1270 layers=[0.0438, 0.0438, 0.0438]
[21:05:01] epoch=216 stage=3 gamma=[5.0, 5.0, 5.0] train=0.1311 val:stage3=0.1270 layers=[0.0437, 0.0437, 0.0437]
[21:22:59] epoch=217 stage=3 gamma=[5.0, 5.0, 5.0] train=0.1308 val:stage3=0.1269 layers=[0.0436, 0.0436, 0.0436]
[21:41:14] epoch=218 stage=3 gamma=[5.0, 5.0, 5.0] train=0.1307 val:stage3=0.1269 layers=[0.0436, 0.0436, 0.0436]
[21:59:19] epoch=219 stage=3 gamma=[5.0, 5.0, 5.0] train=0.1311 val:stage3=0.1269 layers=[0.0437, 0.0437, 0.0437]
[22:17:15] epoch=220 stage=3 gamma=[5.0, 5.0, 5.0] train=0.1311 val:stage3=0.1269 layers=[0.0437, 0.0437, 0.0437]
[22:34:38] epoch=221 stage=3 gamma=[5.0, 5.0, 5.0] train=0.1310 val:stage3=0.1269 layers=[0.0437, 0.0437, 0.0437]
[22:52:37] epoch=222 stage=3 gamma=[5.0, 5.0, 5.0] train=0.1306 val:stage3=0.1269 layers=[0.0436, 0.0435, 0.0435]
[23:10:35] epoch=223 stage=3 gamma=[5.0, 5.0, 5.0] train=0.1315 val:stage3=0.1268 layers=[0.0439, 0.0438, 0.0438]
[23:28:31] epoch=224 stage=3 gamma=[5.0, 5.0, 5.0] train=0.1308 val:stage3=0.1268 layers=[0.0436, 0.0436, 0.0436]
[23:46:21] epoch=225 stage=3 gamma=[5.0, 5.0, 5.0] train=0.1297 val:stage3=0.1269 layers=[0.0432, 0.0432, 0.0432]
[00:04:19] epoch=226 stage=3 gamma=[5.0, 5.0, 5.0] train=0.1307 val:stage3=0.1269 layers=[0.0436, 0.0436, 0.0436]
[00:22:27] epoch=227 stage=3 gamma=[5.0, 5.0, 5.0] train=0.1313 val:stage3=0.1268 layers=[0.0438, 0.0437, 0.0438]
[00:40:01] epoch=228 stage=3 gamma=[5.0, 5.0, 5.0] train=0.1303 val:stage3=0.1268 layers=[0.0434, 0.0434, 0.0434]
[00:57:56] epoch=229 stage=3 gamma=[5.0, 5.0, 5.0] train=0.1307 val:stage3=0.1268 layers=[0.0436, 0.0436, 0.0436]
[01:15:46] epoch=230 stage=3 gamma=[5.0, 5.0, 5.0] train=0.1304 val:stage3=0.1268 layers=[0.0435, 0.0435, 0.0435]
[01:33:54] epoch=231 stage=3 gamma=[5.0, 5.0, 5.0] train=0.1313 val:stage3=0.1268 layers=[0.0438, 0.0438, 0.0438]
[01:51:50] epoch=232 stage=3 gamma=[5.0, 5.0, 5.0] train=0.1308 val:stage3=0.1267 layers=[0.0436, 0.0436, 0.0436]
[02:09:49] epoch=233 stage=3 gamma=[5.0, 5.0, 5.0] train=0.1306 val:stage3=0.1268 layers=[0.0436, 0.0435, 0.0435]
[02:27:40] epoch=234 stage=3 gamma=[5.0, 5.0, 5.0] train=0.1314 val:stage3=0.1268 layers=[0.0438, 0.0438, 0.0438]
[02:45:29] epoch=235 stage=3 gamma=[5.0, 5.0, 5.0] train=0.1305 val:stage3=0.1268 layers=[0.0435, 0.0435, 0.0435]
[03:03:17] epoch=236 stage=3 gamma=[5.0, 5.0, 5.0] train=0.1307 val:stage3=0.1268 layers=[0.0436, 0.0436, 0.0436]
[03:21:10] epoch=237 stage=3 gamma=[5.0, 5.0, 5.0] train=0.1307 val:stage3=0.1267 layers=[0.0436, 0.0436, 0.0436]
[03:39:06] epoch=238 stage=3 gamma=[5.0, 5.0, 5.0] train=0.1312 val:stage3=0.1268 layers=[0.0438, 0.0437, 0.0437]
[03:57:06] epoch=239 stage=3 gamma=[5.0, 5.0, 5.0] train=0.1308 val:stage3=0.1268 layers=[0.0436, 0.0436, 0.0436]
[04:15:12] epoch=240 stage=3 gamma=[5.0, 5.0, 5.0] train=0.1305 val:stage3=0.1267 layers=[0.0435, 0.0435, 0.0435]
[04:32:59] epoch=241 stage=3 gamma=[5.0, 5.0, 5.0] train=0.1306 val:stage3=0.1267 layers=[0.0436, 0.0435, 0.0435]
[04:50:44] epoch=242 stage=3 gamma=[5.0, 5.0, 5.0] train=0.1302 val:stage3=0.1267 layers=[0.0434, 0.0434, 0.0434]
[05:08:22] epoch=243 stage=3 gamma=[5.0, 5.0, 5.0] train=0.1309 val:stage3=0.1267 layers=[0.0437, 0.0436, 0.0436]
[05:26:13] epoch=244 stage=3 gamma=[5.0, 5.0, 5.0] train=0.1309 val:stage3=0.1267 layers=[0.0436, 0.0436, 0.0436]
[05:44:01] epoch=245 stage=3 gamma=[5.0, 5.0, 5.0] train=0.1306 val:stage3=0.1266 layers=[0.0436, 0.0435, 0.0435]
[06:01:49] epoch=246 stage=3 gamma=[5.0, 5.0, 5.0] train=0.1311 val:stage3=0.1267 layers=[0.0437, 0.0437, 0.0437]
[06:19:52] epoch=247 stage=3 gamma=[5.0, 5.0, 5.0] train=0.1307 val:stage3=0.1267 layers=[0.0436, 0.0435, 0.0436]
[06:38:01] epoch=248 stage=3 gamma=[5.0, 5.0, 5.0] train=0.1309 val:stage3=0.1267 layers=[0.0436, 0.0436, 0.0436]
[06:55:44] epoch=249 stage=3 gamma=[5.0, 5.0, 5.0] train=0.1307 val:stage3=0.1267 layers=[0.0436, 0.0436, 0.0436]
[07:13:24] epoch=250 stage=3 gamma=[5.0, 5.0, 5.0] train=0.1307 val:stage3=0.1267 layers=[0.0436, 0.0435, 0.0436]
[07:31:23] epoch=251 stage=3 gamma=[5.0, 5.0, 5.0] train=0.1302 val:stage3=0.1267 layers=[0.0434, 0.0434, 0.0434]
[07:49:19] epoch=252 stage=3 gamma=[5.0, 5.0, 5.0] train=0.1312 val:stage3=0.1267 layers=[0.0437, 0.0437, 0.0437]
[08:06:58] epoch=253 stage=3 gamma=[5.0, 5.0, 5.0] train=0.1304 val:stage3=0.1266 layers=[0.0435, 0.0435, 0.0435]
[08:25:14] epoch=254 stage=3 gamma=[5.0, 5.0, 5.0] train=0.1304 val:stage3=0.1266 layers=[0.0435, 0.0434, 0.0435]
[08:43:12] epoch=255 stage=3 gamma=[5.0, 5.0, 5.0] train=0.1313 val:stage3=0.1267 layers=[0.0438, 0.0437, 0.0438]
[09:01:06] epoch=256 stage=3 gamma=[5.0, 5.0, 5.0] train=0.1309 val:stage3=0.1266 layers=[0.0436, 0.0436, 0.0436]
[09:19:13] epoch=257 stage=3 gamma=[5.0, 5.0, 5.0] train=0.1307 val:stage3=0.1267 layers=[0.0436, 0.0436, 0.0436]
[09:36:55] epoch=258 stage=3 gamma=[5.0, 5.0, 5.0] train=0.1305 val:stage3=0.1267 layers=[0.0435, 0.0435, 0.0435]
[09:54:56] epoch=259 stage=3 gamma=[5.0, 5.0, 5.0] train=0.1305 val:stage3=0.1267 layers=[0.0435, 0.0435, 0.0435]
[10:13:07] epoch=260 stage=3 gamma=[5.0, 5.0, 5.0] train=0.1308 val:stage3=0.1267 layers=[0.0436, 0.0436, 0.0436]
[10:31:05] epoch=261 stage=3 gamma=[5.0, 5.0, 5.0] train=0.1308 val:stage3=0.1266 layers=[0.0436, 0.0436, 0.0436]
[10:49:02] epoch=262 stage=3 gamma=[5.0, 5.0, 5.0] train=0.1310 val:stage3=0.1266 layers=[0.0437, 0.0437, 0.0437]
[11:07:14] epoch=263 stage=3 gamma=[5.0, 5.0, 5.0] train=0.1310 val:stage3=0.1266 layers=[0.0437, 0.0437, 0.0437]
[11:24:59] epoch=264 stage=3 gamma=[5.0, 5.0, 5.0] train=0.1303 val:stage3=0.1266 layers=[0.0435, 0.0434, 0.0434]
[11:42:43] epoch=265 stage=3 gamma=[5.0, 5.0, 5.0] train=0.1314 val:stage3=0.1266 layers=[0.0438, 0.0438, 0.0438]
[12:00:42] epoch=266 stage=3 gamma=[5.0, 5.0, 5.0] train=0.1315 val:stage3=0.1267 layers=[0.0438, 0.0438, 0.0438]
[12:18:47] epoch=267 stage=3 gamma=[5.0, 5.0, 5.0] train=0.1310 val:stage3=0.1266 layers=[0.0437, 0.0437, 0.0437]
[12:36:23] epoch=268 stage=3 gamma=[5.0, 5.0, 5.0] train=0.1311 val:stage3=0.1267 layers=[0.0437, 0.0437, 0.0437]
[12:54:04] epoch=269 stage=3 gamma=[5.0, 5.0, 5.0] train=0.1306 val:stage3=0.1266 layers=[0.0435, 0.0435, 0.0435]
[13:12:02] epoch=270 stage=3 gamma=[5.0, 5.0, 5.0] train=0.1312 val:stage3=0.1266 layers=[0.0437, 0.0437, 0.0437]
[13:29:58] epoch=271 stage=3 gamma=[5.0, 5.0, 5.0] train=0.1297 val:stage3=0.1266 layers=[0.0432, 0.0432, 0.0432]
[13:47:49] epoch=272 stage=3 gamma=[5.0, 5.0, 5.0] train=0.1306 val:stage3=0.1267 layers=[0.0435, 0.0435, 0.0435]
[14:06:01] epoch=273 stage=3 gamma=[5.0, 5.0, 5.0] train=0.1305 val:stage3=0.1266 layers=[0.0435, 0.0435, 0.0435]
[14:23:43] epoch=274 stage=3 gamma=[5.0, 5.0, 5.0] train=0.1308 val:stage3=0.1266 layers=[0.0436, 0.0436, 0.0436]
[14:41:28] epoch=275 stage=3 gamma=[5.0, 5.0, 5.0] train=0.1301 val:stage3=0.1266 layers=[0.0434, 0.0434, 0.0434]
[14:59:14] epoch=276 stage=3 gamma=[5.0, 5.0, 5.0] train=0.1310 val:stage3=0.1266 layers=[0.0437, 0.0436, 0.0437]
[15:17:20] epoch=277 stage=3 gamma=[5.0, 5.0, 5.0] train=0.1308 val:stage3=0.1266 layers=[0.0436, 0.0436, 0.0436]
[15:35:03] epoch=278 stage=3 gamma=[5.0, 5.0, 5.0] train=0.1316 val:stage3=0.1266 layers=[0.0439, 0.0439, 0.0439]
[15:52:49] epoch=279 stage=3 gamma=[5.0, 5.0, 5.0] train=0.1311 val:stage3=0.1266 layers=[0.0437, 0.0437, 0.0437]
[16:10:44] epoch=280 stage=3 gamma=[5.0, 5.0, 5.0] train=0.1307 val:stage3=0.1266 layers=[0.0436, 0.0435, 0.0436]
[16:28:44] epoch=281 stage=3 gamma=[5.0, 5.0, 5.0] train=0.1307 val:stage3=0.1266 layers=[0.0436, 0.0436, 0.0436]
[16:46:47] epoch=282 stage=3 gamma=[5.0, 5.0, 5.0] train=0.1301 val:stage3=0.1266 layers=[0.0434, 0.0433, 0.0434]
[17:04:43] epoch=283 stage=3 gamma=[5.0, 5.0, 5.0] train=0.1309 val:stage3=0.1266 layers=[0.0436, 0.0436, 0.0436]
[17:22:50] epoch=284 stage=3 gamma=[5.0, 5.0, 5.0] train=0.1310 val:stage3=0.1266 layers=[0.0437, 0.0437, 0.0437]
[17:41:05] epoch=285 stage=3 gamma=[5.0, 5.0, 5.0] train=0.1304 val:stage3=0.1266 layers=[0.0435, 0.0435, 0.0435]
[17:59:14] epoch=286 stage=3 gamma=[5.0, 5.0, 5.0] train=0.1307 val:stage3=0.1266 layers=[0.0436, 0.0435, 0.0436]
[18:17:14] epoch=287 stage=3 gamma=[5.0, 5.0, 5.0] train=0.1304 val:stage3=0.1266 layers=[0.0435, 0.0434, 0.0434]
[18:34:53] epoch=288 stage=3 gamma=[5.0, 5.0, 5.0] train=0.1309 val:stage3=0.1267 layers=[0.0436, 0.0436, 0.0436]
[18:52:45] epoch=289 stage=3 gamma=[5.0, 5.0, 5.0] train=0.1307 val:stage3=0.1266 layers=[0.0436, 0.0435, 0.0436]
[19:10:31] epoch=290 stage=3 gamma=[5.0, 5.0, 5.0] train=0.1313 val:stage3=0.1266 layers=[0.0438, 0.0437, 0.0438]
[19:28:37] epoch=291 stage=3 gamma=[5.0, 5.0, 5.0] train=0.1312 val:stage3=0.1266 layers=[0.0438, 0.0437, 0.0437]
[19:46:26] epoch=292 stage=3 gamma=[5.0, 5.0, 5.0] train=0.1304 val:stage3=0.1266 layers=[0.0435, 0.0434, 0.0435]
[20:04:24] epoch=293 stage=3 gamma=[5.0, 5.0, 5.0] train=0.1305 val:stage3=0.1266 layers=[0.0435, 0.0435, 0.0435]
[20:22:29] epoch=294 stage=3 gamma=[5.0, 5.0, 5.0] train=0.1304 val:stage3=0.1267 layers=[0.0435, 0.0435, 0.0435]
[20:40:17] epoch=295 stage=3 gamma=[5.0, 5.0, 5.0] train=0.1301 val:stage3=0.1267 layers=[0.0434, 0.0434, 0.0434]
[20:57:56] epoch=296 stage=3 gamma=[5.0, 5.0, 5.0] train=0.1304 val:stage3=0.1266 layers=[0.0435, 0.0435, 0.0435]
[21:15:57] epoch=297 stage=3 gamma=[5.0, 5.0, 5.0] train=0.1306 val:stage3=0.1266 layers=[0.0436, 0.0435, 0.0435]
[21:33:37] epoch=298 stage=3 gamma=[5.0, 5.0, 5.0] train=0.1310 val:stage3=0.1266 layers=[0.0437, 0.0436, 0.0437]
[21:51:27] epoch=299 stage=3 gamma=[5.0, 5.0, 5.0] train=0.1307 val:stage3=0.1266 layers=[0.0436, 0.0436, 0.0436]
[22:09:21] epoch=300 stage=3 gamma=[5.0, 5.0, 5.0] train=0.1304 val:stage3=0.1266 layers=[0.0435, 0.0435, 0.0435]
