device=cuda
model=AGG_RL(PM) params=2,788,836
train_speech=28539 train_noise=128
/home/s2021102349/Audio-Geometry-Grid_Representation-Learning/trainer/train.py:227: FutureWarning: You are using `torch.load` with `weights_only=False` (the current default value), which uses the default pickle module implicitly. It is possible to construct malicious pickle data which will execute arbitrary code during unpickling (See https://github.com/pytorch/pytorch/blob/main/SECURITY.md#untrusted-models for more details). In a future release, the default value for `weights_only` will be flipped to `True`. This limits the functions that could be executed during unpickling. Arbitrary objects will no longer be allowed to be loaded via this mode unless they are explicitly allowlisted by the user via `torch.serialization.add_safe_globals`. We recommend you start setting `weights_only=True` for any use case where you don't have full control of the loaded file. Please open an issue on GitHub for any issues related to this experimental feature.
  checkpoint = torch.load(resume_path, map_location=device)
[10:08:23] epoch=071 stage=3 gamma=[5.0, 5.0, 5.0] train=0.1388 val:stage3=0.1357 layers=[0.0462, 0.0463, 0.0463]
[10:26:07] epoch=072 stage=3 gamma=[5.0, 5.0, 5.0] train=0.1387 val:stage3=0.1351 layers=[0.0462, 0.0462, 0.0463]
[10:43:57] epoch=073 stage=3 gamma=[5.0, 5.0, 5.0] train=0.1386 val:stage3=0.1346 layers=[0.0462, 0.0462, 0.0462]
[11:01:53] epoch=074 stage=3 gamma=[5.0, 5.0, 5.0] train=0.1380 val:stage3=0.1350 layers=[0.046, 0.046, 0.046]
[11:19:37] epoch=075 stage=3 gamma=[5.0, 5.0, 5.0] train=0.1383 val:stage3=0.1347 layers=[0.0461, 0.0461, 0.0461]
[11:37:30] epoch=076 stage=3 gamma=[5.0, 5.0, 5.0] train=0.1378 val:stage3=0.1348 layers=[0.0459, 0.0459, 0.0459]
[11:55:16] epoch=077 stage=3 gamma=[5.0, 5.0, 5.0] train=0.1379 val:stage3=0.1342 layers=[0.046, 0.046, 0.046]
[12:12:52] epoch=078 stage=3 gamma=[5.0, 5.0, 5.0] train=0.1382 val:stage3=0.1343 layers=[0.0461, 0.0461, 0.0461]
[12:30:40] epoch=079 stage=3 gamma=[5.0, 5.0, 5.0] train=0.1374 val:stage3=0.1340 layers=[0.0458, 0.0458, 0.0458]
[12:48:15] epoch=080 stage=3 gamma=[5.0, 5.0, 5.0] train=0.1376 val:stage3=0.1343 layers=[0.0458, 0.0458, 0.0459]
[13:06:02] epoch=081 stage=3 gamma=[5.0, 5.0, 5.0] train=0.1378 val:stage3=0.1343 layers=[0.0459, 0.0459, 0.0459]
[13:23:55] epoch=082 stage=3 gamma=[5.0, 5.0, 5.0] train=0.1377 val:stage3=0.1337 layers=[0.0459, 0.0459, 0.0459]
[13:41:54] epoch=083 stage=3 gamma=[5.0, 5.0, 5.0] train=0.1375 val:stage3=0.1346 layers=[0.0458, 0.0458, 0.0459]
[13:59:47] epoch=084 stage=3 gamma=[5.0, 5.0, 5.0] train=0.1372 val:stage3=0.1336 layers=[0.0457, 0.0457, 0.0457]
[14:17:29] epoch=085 stage=3 gamma=[5.0, 5.0, 5.0] train=0.1375 val:stage3=0.1336 layers=[0.0458, 0.0458, 0.0459]
[14:35:20] epoch=086 stage=3 gamma=[5.0, 5.0, 5.0] train=0.1376 val:stage3=0.1337 layers=[0.0459, 0.0459, 0.0459]
[14:53:02] epoch=087 stage=3 gamma=[5.0, 5.0, 5.0] train=0.1368 val:stage3=0.1329 layers=[0.0456, 0.0456, 0.0456]
[15:11:01] epoch=088 stage=3 gamma=[5.0, 5.0, 5.0] train=0.1371 val:stage3=0.1337 layers=[0.0457, 0.0457, 0.0457]
[15:29:00] epoch=089 stage=3 gamma=[5.0, 5.0, 5.0] train=0.1373 val:stage3=0.1332 layers=[0.0458, 0.0458, 0.0458]
[15:46:52] epoch=090 stage=3 gamma=[5.0, 5.0, 5.0] train=0.1366 val:stage3=0.1329 layers=[0.0455, 0.0455, 0.0455]
[16:04:42] epoch=091 stage=3 gamma=[5.0, 5.0, 5.0] train=0.1366 val:stage3=0.1326 layers=[0.0455, 0.0455, 0.0455]
[16:22:29] epoch=092 stage=3 gamma=[5.0, 5.0, 5.0] train=0.1364 val:stage3=0.1331 layers=[0.0454, 0.0455, 0.0455]
[16:40:17] epoch=093 stage=3 gamma=[5.0, 5.0, 5.0] train=0.1370 val:stage3=0.1328 layers=[0.0457, 0.0457, 0.0457]
[16:57:56] epoch=094 stage=3 gamma=[5.0, 5.0, 5.0] train=0.1364 val:stage3=0.1325 layers=[0.0455, 0.0455, 0.0455]
[17:15:44] epoch=095 stage=3 gamma=[5.0, 5.0, 5.0] train=0.1358 val:stage3=0.1323 layers=[0.0453, 0.0453, 0.0453]
[17:33:22] epoch=096 stage=3 gamma=[5.0, 5.0, 5.0] train=0.1356 val:stage3=0.1325 layers=[0.0452, 0.0452, 0.0452]
[17:51:13] epoch=097 stage=3 gamma=[5.0, 5.0, 5.0] train=0.1354 val:stage3=0.1327 layers=[0.0451, 0.0451, 0.0452]
[18:08:54] epoch=098 stage=3 gamma=[5.0, 5.0, 5.0] train=0.1356 val:stage3=0.1321 layers=[0.0452, 0.0452, 0.0452]
[18:26:48] epoch=099 stage=3 gamma=[5.0, 5.0, 5.0] train=0.1362 val:stage3=0.1322 layers=[0.0454, 0.0454, 0.0454]
[18:44:43] epoch=100 stage=3 gamma=[5.0, 5.0, 5.0] train=0.1351 val:stage3=0.1323 layers=[0.045, 0.045, 0.045]
[19:02:12] epoch=101 stage=3 gamma=[5.0, 5.0, 5.0] train=0.1364 val:stage3=0.1319 layers=[0.0455, 0.0455, 0.0455]
[19:19:54] epoch=102 stage=3 gamma=[5.0, 5.0, 5.0] train=0.1356 val:stage3=0.1317 layers=[0.0452, 0.0452, 0.0452]
[19:37:23] epoch=103 stage=3 gamma=[5.0, 5.0, 5.0] train=0.1354 val:stage3=0.1315 layers=[0.0451, 0.0451, 0.0452]
[19:54:57] epoch=104 stage=3 gamma=[5.0, 5.0, 5.0] train=0.1358 val:stage3=0.1321 layers=[0.0453, 0.0453, 0.0453]
[20:12:50] epoch=105 stage=3 gamma=[5.0, 5.0, 5.0] train=0.1354 val:stage3=0.1318 layers=[0.0451, 0.0451, 0.0451]
[20:30:46] epoch=106 stage=3 gamma=[5.0, 5.0, 5.0] train=0.1347 val:stage3=0.1315 layers=[0.0449, 0.0449, 0.0449]
[20:48:29] epoch=107 stage=3 gamma=[5.0, 5.0, 5.0] train=0.1356 val:stage3=0.1314 layers=[0.0452, 0.0452, 0.0452]
[21:06:08] epoch=108 stage=3 gamma=[5.0, 5.0, 5.0] train=0.1349 val:stage3=0.1316 layers=[0.045, 0.045, 0.045]
[21:23:26] epoch=109 stage=3 gamma=[5.0, 5.0, 5.0] train=0.1349 val:stage3=0.1316 layers=[0.045, 0.045, 0.045]
[21:41:14] epoch=110 stage=3 gamma=[5.0, 5.0, 5.0] train=0.1353 val:stage3=0.1320 layers=[0.0451, 0.0451, 0.0451]
[21:59:19] epoch=111 stage=3 gamma=[5.0, 5.0, 5.0] train=0.1345 val:stage3=0.1311 layers=[0.0448, 0.0448, 0.0448]
[22:17:28] epoch=112 stage=3 gamma=[5.0, 5.0, 5.0] train=0.1346 val:stage3=0.1312 layers=[0.0449, 0.0448, 0.0449]
[22:35:04] epoch=113 stage=3 gamma=[5.0, 5.0, 5.0] train=0.1345 val:stage3=0.1314 layers=[0.0448, 0.0448, 0.0448]
[22:52:47] epoch=114 stage=3 gamma=[5.0, 5.0, 5.0] train=0.1352 val:stage3=0.1308 layers=[0.0451, 0.0451, 0.0451]
[23:10:13] epoch=115 stage=3 gamma=[5.0, 5.0, 5.0] train=0.1344 val:stage3=0.1310 layers=[0.0448, 0.0448, 0.0448]
[23:28:12] epoch=116 stage=3 gamma=[5.0, 5.0, 5.0] train=0.1340 val:stage3=0.1309 layers=[0.0447, 0.0447, 0.0447]
[23:45:35] epoch=117 stage=3 gamma=[5.0, 5.0, 5.0] train=0.1346 val:stage3=0.1309 layers=[0.0449, 0.0449, 0.0449]
[00:03:20] epoch=118 stage=3 gamma=[5.0, 5.0, 5.0] train=0.1342 val:stage3=0.1307 layers=[0.0447, 0.0447, 0.0447]
[00:20:48] epoch=119 stage=3 gamma=[5.0, 5.0, 5.0] train=0.1344 val:stage3=0.1309 layers=[0.0448, 0.0448, 0.0448]
[00:38:29] epoch=120 stage=3 gamma=[5.0, 5.0, 5.0] train=0.1339 val:stage3=0.1306 layers=[0.0446, 0.0446, 0.0446]
[00:56:11] epoch=121 stage=3 gamma=[5.0, 5.0, 5.0] train=0.1346 val:stage3=0.1303 layers=[0.0449, 0.0449, 0.0449]
[01:13:56] epoch=122 stage=3 gamma=[5.0, 5.0, 5.0] train=0.1342 val:stage3=0.1304 layers=[0.0447, 0.0447, 0.0447]
[01:31:42] epoch=123 stage=3 gamma=[5.0, 5.0, 5.0] train=0.1337 val:stage3=0.1304 layers=[0.0446, 0.0445, 0.0446]
[01:49:31] epoch=124 stage=3 gamma=[5.0, 5.0, 5.0] train=0.1345 val:stage3=0.1307 layers=[0.0448, 0.0448, 0.0448]
[02:07:23] epoch=125 stage=3 gamma=[5.0, 5.0, 5.0] train=0.1344 val:stage3=0.1303 layers=[0.0448, 0.0448, 0.0448]
[02:25:00] epoch=126 stage=3 gamma=[5.0, 5.0, 5.0] train=0.1341 val:stage3=0.1305 layers=[0.0447, 0.0447, 0.0447]
[02:42:42] epoch=127 stage=3 gamma=[5.0, 5.0, 5.0] train=0.1337 val:stage3=0.1300 layers=[0.0446, 0.0445, 0.0446]
[03:00:42] epoch=128 stage=3 gamma=[5.0, 5.0, 5.0] train=0.1337 val:stage3=0.1301 layers=[0.0446, 0.0445, 0.0446]
[03:18:29] epoch=129 stage=3 gamma=[5.0, 5.0, 5.0] train=0.1339 val:stage3=0.1301 layers=[0.0446, 0.0446, 0.0446]
[03:36:32] epoch=130 stage=3 gamma=[5.0, 5.0, 5.0] train=0.1336 val:stage3=0.1299 layers=[0.0445, 0.0445, 0.0445]
[03:54:19] epoch=131 stage=3 gamma=[5.0, 5.0, 5.0] train=0.1335 val:stage3=0.1299 layers=[0.0445, 0.0445, 0.0445]
[04:12:17] epoch=132 stage=3 gamma=[5.0, 5.0, 5.0] train=0.1338 val:stage3=0.1301 layers=[0.0446, 0.0446, 0.0446]
[04:29:59] epoch=133 stage=3 gamma=[5.0, 5.0, 5.0] train=0.1332 val:stage3=0.1301 layers=[0.0444, 0.0444, 0.0444]
[04:47:46] epoch=134 stage=3 gamma=[5.0, 5.0, 5.0] train=0.1330 val:stage3=0.1298 layers=[0.0443, 0.0443, 0.0443]
[05:05:40] epoch=135 stage=3 gamma=[5.0, 5.0, 5.0] train=0.1338 val:stage3=0.1296 layers=[0.0446, 0.0446, 0.0446]
[05:23:11] epoch=136 stage=3 gamma=[5.0, 5.0, 5.0] train=0.1335 val:stage3=0.1299 layers=[0.0445, 0.0445, 0.0445]
[05:41:01] epoch=137 stage=3 gamma=[5.0, 5.0, 5.0] train=0.1331 val:stage3=0.1295 layers=[0.0444, 0.0444, 0.0444]
[05:58:55] epoch=138 stage=3 gamma=[5.0, 5.0, 5.0] train=0.1338 val:stage3=0.1296 layers=[0.0446, 0.0446, 0.0446]
[06:16:40] epoch=139 stage=3 gamma=[5.0, 5.0, 5.0] train=0.1334 val:stage3=0.1296 layers=[0.0445, 0.0445, 0.0445]
[06:34:42] epoch=140 stage=3 gamma=[5.0, 5.0, 5.0] train=0.1333 val:stage3=0.1295 layers=[0.0444, 0.0444, 0.0444]
[06:52:07] epoch=141 stage=3 gamma=[5.0, 5.0, 5.0] train=0.1340 val:stage3=0.1300 layers=[0.0447, 0.0447, 0.0447]
[07:09:54] epoch=142 stage=3 gamma=[5.0, 5.0, 5.0] train=0.1331 val:stage3=0.1295 layers=[0.0444, 0.0443, 0.0444]
[07:27:30] epoch=143 stage=3 gamma=[5.0, 5.0, 5.0] train=0.1333 val:stage3=0.1294 layers=[0.0444, 0.0444, 0.0444]
[07:45:21] epoch=144 stage=3 gamma=[5.0, 5.0, 5.0] train=0.1328 val:stage3=0.1293 layers=[0.0443, 0.0443, 0.0443]
[08:03:03] epoch=145 stage=3 gamma=[5.0, 5.0, 5.0] train=0.1330 val:stage3=0.1291 layers=[0.0443, 0.0443, 0.0443]
[08:20:46] epoch=146 stage=3 gamma=[5.0, 5.0, 5.0] train=0.1330 val:stage3=0.1293 layers=[0.0443, 0.0443, 0.0444]
[08:38:35] epoch=147 stage=3 gamma=[5.0, 5.0, 5.0] train=0.1333 val:stage3=0.1293 layers=[0.0444, 0.0444, 0.0444]
[08:56:20] epoch=148 stage=3 gamma=[5.0, 5.0, 5.0] train=0.1331 val:stage3=0.1289 layers=[0.0444, 0.0443, 0.0444]
[09:14:09] epoch=149 stage=3 gamma=[5.0, 5.0, 5.0] train=0.1333 val:stage3=0.1292 layers=[0.0444, 0.0444, 0.0444]
[09:32:03] epoch=150 stage=3 gamma=[5.0, 5.0, 5.0] train=0.1330 val:stage3=0.1291 layers=[0.0443, 0.0443, 0.0444]
[09:49:55] epoch=151 stage=3 gamma=[5.0, 5.0, 5.0] train=0.1325 val:stage3=0.1291 layers=[0.0442, 0.0441, 0.0442]
[10:07:35] epoch=152 stage=3 gamma=[5.0, 5.0, 5.0] train=0.1334 val:stage3=0.1288 layers=[0.0445, 0.0444, 0.0445]
[10:25:11] epoch=153 stage=3 gamma=[5.0, 5.0, 5.0] train=0.1330 val:stage3=0.1290 layers=[0.0443, 0.0443, 0.0443]
[10:43:16] epoch=154 stage=3 gamma=[5.0, 5.0, 5.0] train=0.1326 val:stage3=0.1287 layers=[0.0442, 0.0442, 0.0442]
[11:01:04] epoch=155 stage=3 gamma=[5.0, 5.0, 5.0] train=0.1323 val:stage3=0.1288 layers=[0.0441, 0.0441, 0.0441]
[11:18:53] epoch=156 stage=3 gamma=[5.0, 5.0, 5.0] train=0.1330 val:stage3=0.1289 layers=[0.0443, 0.0443, 0.0443]
[11:36:33] epoch=157 stage=3 gamma=[5.0, 5.0, 5.0] train=0.1327 val:stage3=0.1289 layers=[0.0442, 0.0442, 0.0442]
[11:54:00] epoch=158 stage=3 gamma=[5.0, 5.0, 5.0] train=0.1327 val:stage3=0.1288 layers=[0.0442, 0.0442, 0.0442]
[12:11:58] epoch=159 stage=3 gamma=[5.0, 5.0, 5.0] train=0.1331 val:stage3=0.1290 layers=[0.0444, 0.0444, 0.0444]
[12:29:50] epoch=160 stage=3 gamma=[5.0, 5.0, 5.0] train=0.1322 val:stage3=0.1289 layers=[0.0441, 0.0441, 0.0441]
[12:47:40] epoch=161 stage=3 gamma=[5.0, 5.0, 5.0] train=0.1321 val:stage3=0.1287 layers=[0.044, 0.044, 0.044]
[13:05:20] epoch=162 stage=3 gamma=[5.0, 5.0, 5.0] train=0.1318 val:stage3=0.1287 layers=[0.0439, 0.0439, 0.0439]
[13:23:02] epoch=163 stage=3 gamma=[5.0, 5.0, 5.0] train=0.1325 val:stage3=0.1287 layers=[0.0442, 0.0441, 0.0442]
[13:41:06] epoch=164 stage=3 gamma=[5.0, 5.0, 5.0] train=0.1329 val:stage3=0.1285 layers=[0.0443, 0.0443, 0.0443]
[13:59:13] epoch=165 stage=3 gamma=[5.0, 5.0, 5.0] train=0.1329 val:stage3=0.1285 layers=[0.0443, 0.0443, 0.0443]
[14:17:11] epoch=166 stage=3 gamma=[5.0, 5.0, 5.0] train=0.1324 val:stage3=0.1285 layers=[0.0441, 0.0441, 0.0441]
[14:34:56] epoch=167 stage=3 gamma=[5.0, 5.0, 5.0] train=0.1324 val:stage3=0.1285 layers=[0.0441, 0.0441, 0.0441]
[14:52:43] epoch=168 stage=3 gamma=[5.0, 5.0, 5.0] train=0.1317 val:stage3=0.1287 layers=[0.0439, 0.0439, 0.0439]
[15:10:31] epoch=169 stage=3 gamma=[5.0, 5.0, 5.0] train=0.1323 val:stage3=0.1288 layers=[0.0441, 0.0441, 0.0441]
[15:28:07] epoch=170 stage=3 gamma=[5.0, 5.0, 5.0] train=0.1325 val:stage3=0.1284 layers=[0.0442, 0.0442, 0.0442]
[15:46:16] epoch=171 stage=3 gamma=[5.0, 5.0, 5.0] train=0.1323 val:stage3=0.1283 layers=[0.0441, 0.0441, 0.0441]
[16:03:39] epoch=172 stage=3 gamma=[5.0, 5.0, 5.0] train=0.1319 val:stage3=0.1284 layers=[0.044, 0.044, 0.044]
[16:21:25] epoch=173 stage=3 gamma=[5.0, 5.0, 5.0] train=0.1321 val:stage3=0.1284 layers=[0.044, 0.044, 0.0441]
[16:39:05] epoch=174 stage=3 gamma=[5.0, 5.0, 5.0] train=0.1321 val:stage3=0.1285 layers=[0.044, 0.044, 0.044]
[16:56:39] epoch=175 stage=3 gamma=[5.0, 5.0, 5.0] train=0.1327 val:stage3=0.1284 layers=[0.0442, 0.0442, 0.0443]
[17:14:31] epoch=176 stage=3 gamma=[5.0, 5.0, 5.0] train=0.1322 val:stage3=0.1282 layers=[0.044, 0.044, 0.0441]
[17:32:24] epoch=177 stage=3 gamma=[5.0, 5.0, 5.0] train=0.1317 val:stage3=0.1284 layers=[0.0439, 0.0439, 0.0439]
[17:50:29] epoch=178 stage=3 gamma=[5.0, 5.0, 5.0] train=0.1319 val:stage3=0.1282 layers=[0.044, 0.044, 0.044]
[18:08:30] epoch=179 stage=3 gamma=[5.0, 5.0, 5.0] train=0.1324 val:stage3=0.1280 layers=[0.0441, 0.0441, 0.0442]
[18:26:30] epoch=180 stage=3 gamma=[5.0, 5.0, 5.0] train=0.1324 val:stage3=0.1280 layers=[0.0441, 0.0441, 0.0441]
[18:44:36] epoch=181 stage=3 gamma=[5.0, 5.0, 5.0] train=0.1319 val:stage3=0.1280 layers=[0.044, 0.044, 0.044]
[19:02:12] epoch=182 stage=3 gamma=[5.0, 5.0, 5.0] train=0.1314 val:stage3=0.1281 layers=[0.0438, 0.0438, 0.0438]
[19:20:03] epoch=183 stage=3 gamma=[5.0, 5.0, 5.0] train=0.1323 val:stage3=0.1280 layers=[0.0441, 0.0441, 0.0441]
[19:37:54] epoch=184 stage=3 gamma=[5.0, 5.0, 5.0] train=0.1318 val:stage3=0.1279 layers=[0.0439, 0.0439, 0.0439]
[19:55:42] epoch=185 stage=3 gamma=[5.0, 5.0, 5.0] train=0.1316 val:stage3=0.1280 layers=[0.0439, 0.0439, 0.0439]
[20:13:32] epoch=186 stage=3 gamma=[5.0, 5.0, 5.0] train=0.1318 val:stage3=0.1279 layers=[0.0439, 0.0439, 0.0439]
[20:31:37] epoch=187 stage=3 gamma=[5.0, 5.0, 5.0] train=0.1317 val:stage3=0.1279 layers=[0.0439, 0.0439, 0.0439]
[20:49:29] epoch=188 stage=3 gamma=[5.0, 5.0, 5.0] train=0.1318 val:stage3=0.1283 layers=[0.0439, 0.0439, 0.0439]
[21:07:05] epoch=189 stage=3 gamma=[5.0, 5.0, 5.0] train=0.1319 val:stage3=0.1280 layers=[0.044, 0.044, 0.044]
[21:24:59] epoch=190 stage=3 gamma=[5.0, 5.0, 5.0] train=0.1313 val:stage3=0.1279 layers=[0.0438, 0.0438, 0.0438]
[21:42:51] epoch=191 stage=3 gamma=[5.0, 5.0, 5.0] train=0.1316 val:stage3=0.1279 layers=[0.0439, 0.0439, 0.0439]
[22:00:28] epoch=192 stage=3 gamma=[5.0, 5.0, 5.0] train=0.1319 val:stage3=0.1279 layers=[0.044, 0.044, 0.044]
[22:18:05] epoch=193 stage=3 gamma=[5.0, 5.0, 5.0] train=0.1315 val:stage3=0.1279 layers=[0.0438, 0.0438, 0.0439]
[22:35:59] epoch=194 stage=3 gamma=[5.0, 5.0, 5.0] train=0.1322 val:stage3=0.1280 layers=[0.0441, 0.0441, 0.0441]
[22:53:38] epoch=195 stage=3 gamma=[5.0, 5.0, 5.0] train=0.1319 val:stage3=0.1279 layers=[0.0439, 0.0439, 0.044]
[23:11:29] epoch=196 stage=3 gamma=[5.0, 5.0, 5.0] train=0.1317 val:stage3=0.1279 layers=[0.0439, 0.0439, 0.0439]
[23:28:49] epoch=197 stage=3 gamma=[5.0, 5.0, 5.0] train=0.1317 val:stage3=0.1278 layers=[0.0439, 0.0439, 0.0439]
[23:46:28] epoch=198 stage=3 gamma=[5.0, 5.0, 5.0] train=0.1316 val:stage3=0.1279 layers=[0.0438, 0.0438, 0.0439]
[00:04:07] epoch=199 stage=3 gamma=[5.0, 5.0, 5.0] train=0.1323 val:stage3=0.1277 layers=[0.0441, 0.0441, 0.0441]
[00:21:46] epoch=200 stage=3 gamma=[5.0, 5.0, 5.0] train=0.1321 val:stage3=0.1277 layers=[0.044, 0.044, 0.044]
[00:39:38] epoch=201 stage=3 gamma=[5.0, 5.0, 5.0] train=0.1320 val:stage3=0.1279 layers=[0.044, 0.044, 0.044]
[00:57:43] epoch=202 stage=3 gamma=[5.0, 5.0, 5.0] train=0.1311 val:stage3=0.1277 layers=[0.0437, 0.0437, 0.0437]
[01:15:23] epoch=203 stage=3 gamma=[5.0, 5.0, 5.0] train=0.1317 val:stage3=0.1278 layers=[0.0439, 0.0439, 0.0439]
[01:33:17] epoch=204 stage=3 gamma=[5.0, 5.0, 5.0] train=0.1320 val:stage3=0.1277 layers=[0.044, 0.044, 0.044]
[01:51:08] epoch=205 stage=3 gamma=[5.0, 5.0, 5.0] train=0.1310 val:stage3=0.1277 layers=[0.0437, 0.0437, 0.0437]
[02:08:58] epoch=206 stage=3 gamma=[5.0, 5.0, 5.0] train=0.1317 val:stage3=0.1275 layers=[0.0439, 0.0439, 0.0439]
[02:26:33] epoch=207 stage=3 gamma=[5.0, 5.0, 5.0] train=0.1311 val:stage3=0.1277 layers=[0.0437, 0.0437, 0.0437]
[02:44:27] epoch=208 stage=3 gamma=[5.0, 5.0, 5.0] train=0.1317 val:stage3=0.1275 layers=[0.0439, 0.0439, 0.0439]
[03:02:20] epoch=209 stage=3 gamma=[5.0, 5.0, 5.0] train=0.1306 val:stage3=0.1276 layers=[0.0435, 0.0435, 0.0435]
[03:20:02] epoch=210 stage=3 gamma=[5.0, 5.0, 5.0] train=0.1313 val:stage3=0.1276 layers=[0.0438, 0.0438, 0.0438]
[03:37:41] epoch=211 stage=3 gamma=[5.0, 5.0, 5.0] train=0.1308 val:stage3=0.1274 layers=[0.0436, 0.0436, 0.0436]
[03:55:26] epoch=212 stage=3 gamma=[5.0, 5.0, 5.0] train=0.1314 val:stage3=0.1274 layers=[0.0438, 0.0438, 0.0438]
[04:13:39] epoch=213 stage=3 gamma=[5.0, 5.0, 5.0] train=0.1308 val:stage3=0.1274 layers=[0.0436, 0.0436, 0.0436]
[04:31:17] epoch=214 stage=3 gamma=[5.0, 5.0, 5.0] train=0.1313 val:stage3=0.1274 layers=[0.0438, 0.0437, 0.0438]
[04:48:56] epoch=215 stage=3 gamma=[5.0, 5.0, 5.0] train=0.1316 val:stage3=0.1275 layers=[0.0439, 0.0439, 0.0439]
[05:06:32] epoch=216 stage=3 gamma=[5.0, 5.0, 5.0] train=0.1314 val:stage3=0.1274 layers=[0.0438, 0.0438, 0.0438]
[05:24:22] epoch=217 stage=3 gamma=[5.0, 5.0, 5.0] train=0.1311 val:stage3=0.1274 layers=[0.0437, 0.0437, 0.0437]
[05:42:04] epoch=218 stage=3 gamma=[5.0, 5.0, 5.0] train=0.1312 val:stage3=0.1273 layers=[0.0437, 0.0437, 0.0437]
[05:59:48] epoch=219 stage=3 gamma=[5.0, 5.0, 5.0] train=0.1314 val:stage3=0.1274 layers=[0.0438, 0.0438, 0.0438]
[06:17:47] epoch=220 stage=3 gamma=[5.0, 5.0, 5.0] train=0.1316 val:stage3=0.1274 layers=[0.0439, 0.0439, 0.0439]
[06:35:16] epoch=221 stage=3 gamma=[5.0, 5.0, 5.0] train=0.1314 val:stage3=0.1273 layers=[0.0438, 0.0438, 0.0438]
[06:52:50] epoch=222 stage=3 gamma=[5.0, 5.0, 5.0] train=0.1309 val:stage3=0.1273 layers=[0.0436, 0.0436, 0.0436]
[07:10:34] epoch=223 stage=3 gamma=[5.0, 5.0, 5.0] train=0.1318 val:stage3=0.1273 layers=[0.0439, 0.0439, 0.0439]
[07:28:18] epoch=224 stage=3 gamma=[5.0, 5.0, 5.0] train=0.1311 val:stage3=0.1273 layers=[0.0437, 0.0437, 0.0437]
[07:45:59] epoch=225 stage=3 gamma=[5.0, 5.0, 5.0] train=0.1301 val:stage3=0.1273 layers=[0.0434, 0.0434, 0.0434]
[08:03:46] epoch=226 stage=3 gamma=[5.0, 5.0, 5.0] train=0.1310 val:stage3=0.1273 layers=[0.0437, 0.0437, 0.0437]
[08:21:36] epoch=227 stage=3 gamma=[5.0, 5.0, 5.0] train=0.1314 val:stage3=0.1272 layers=[0.0438, 0.0438, 0.0438]
[08:39:06] epoch=228 stage=3 gamma=[5.0, 5.0, 5.0] train=0.1306 val:stage3=0.1273 layers=[0.0435, 0.0435, 0.0435]
[08:56:55] epoch=229 stage=3 gamma=[5.0, 5.0, 5.0] train=0.1310 val:stage3=0.1273 layers=[0.0437, 0.0436, 0.0437]
[09:14:53] epoch=230 stage=3 gamma=[5.0, 5.0, 5.0] train=0.1307 val:stage3=0.1272 layers=[0.0436, 0.0435, 0.0436]
[09:32:46] epoch=231 stage=3 gamma=[5.0, 5.0, 5.0] train=0.1315 val:stage3=0.1273 layers=[0.0438, 0.0438, 0.0438]
[09:50:41] epoch=232 stage=3 gamma=[5.0, 5.0, 5.0] train=0.1312 val:stage3=0.1273 layers=[0.0437, 0.0437, 0.0437]
[10:08:22] epoch=233 stage=3 gamma=[5.0, 5.0, 5.0] train=0.1308 val:stage3=0.1272 layers=[0.0436, 0.0436, 0.0436]
[10:25:53] epoch=234 stage=3 gamma=[5.0, 5.0, 5.0] train=0.1316 val:stage3=0.1272 layers=[0.0439, 0.0439, 0.0439]
[10:43:44] epoch=235 stage=3 gamma=[5.0, 5.0, 5.0] train=0.1307 val:stage3=0.1272 layers=[0.0436, 0.0436, 0.0436]
[11:01:38] epoch=236 stage=3 gamma=[5.0, 5.0, 5.0] train=0.1309 val:stage3=0.1272 layers=[0.0436, 0.0436, 0.0436]
[11:19:09] epoch=237 stage=3 gamma=[5.0, 5.0, 5.0] train=0.1309 val:stage3=0.1272 layers=[0.0436, 0.0436, 0.0436]
[11:37:20] epoch=238 stage=3 gamma=[5.0, 5.0, 5.0] train=0.1314 val:stage3=0.1272 layers=[0.0438, 0.0438, 0.0438]
[11:55:10] epoch=239 stage=3 gamma=[5.0, 5.0, 5.0] train=0.1311 val:stage3=0.1272 layers=[0.0437, 0.0437, 0.0437]
[12:12:54] epoch=240 stage=3 gamma=[5.0, 5.0, 5.0] train=0.1308 val:stage3=0.1272 layers=[0.0436, 0.0436, 0.0436]
[12:30:29] epoch=241 stage=3 gamma=[5.0, 5.0, 5.0] train=0.1309 val:stage3=0.1272 layers=[0.0436, 0.0436, 0.0436]
[12:48:18] epoch=242 stage=3 gamma=[5.0, 5.0, 5.0] train=0.1304 val:stage3=0.1271 layers=[0.0435, 0.0435, 0.0435]
[13:05:56] epoch=243 stage=3 gamma=[5.0, 5.0, 5.0] train=0.1311 val:stage3=0.1271 layers=[0.0437, 0.0437, 0.0437]
[13:23:35] epoch=244 stage=3 gamma=[5.0, 5.0, 5.0] train=0.1311 val:stage3=0.1271 layers=[0.0437, 0.0437, 0.0437]
[13:41:23] epoch=245 stage=3 gamma=[5.0, 5.0, 5.0] train=0.1309 val:stage3=0.1271 layers=[0.0436, 0.0436, 0.0436]
[13:59:25] epoch=246 stage=3 gamma=[5.0, 5.0, 5.0] train=0.1313 val:stage3=0.1271 layers=[0.0438, 0.0437, 0.0438]
[14:17:10] epoch=247 stage=3 gamma=[5.0, 5.0, 5.0] train=0.1310 val:stage3=0.1272 layers=[0.0437, 0.0437, 0.0437]
[14:35:10] epoch=248 stage=3 gamma=[5.0, 5.0, 5.0] train=0.1311 val:stage3=0.1271 layers=[0.0437, 0.0437, 0.0437]
[14:52:40] epoch=249 stage=3 gamma=[5.0, 5.0, 5.0] train=0.1310 val:stage3=0.1271 layers=[0.0437, 0.0436, 0.0437]
[15:10:16] epoch=250 stage=3 gamma=[5.0, 5.0, 5.0] train=0.1308 val:stage3=0.1271 layers=[0.0436, 0.0436, 0.0436]
[15:28:02] epoch=251 stage=3 gamma=[5.0, 5.0, 5.0] train=0.1304 val:stage3=0.1272 layers=[0.0435, 0.0435, 0.0435]
[15:46:04] epoch=252 stage=3 gamma=[5.0, 5.0, 5.0] train=0.1315 val:stage3=0.1271 layers=[0.0438, 0.0438, 0.0439]
[16:03:50] epoch=253 stage=3 gamma=[5.0, 5.0, 5.0] train=0.1305 val:stage3=0.1271 layers=[0.0435, 0.0435, 0.0435]
[16:21:56] epoch=254 stage=3 gamma=[5.0, 5.0, 5.0] train=0.1306 val:stage3=0.1270 layers=[0.0435, 0.0435, 0.0435]
[16:39:31] epoch=255 stage=3 gamma=[5.0, 5.0, 5.0] train=0.1316 val:stage3=0.1270 layers=[0.0439, 0.0439, 0.0439]
[16:57:19] epoch=256 stage=3 gamma=[5.0, 5.0, 5.0] train=0.1310 val:stage3=0.1270 layers=[0.0437, 0.0437, 0.0437]
[17:15:01] epoch=257 stage=3 gamma=[5.0, 5.0, 5.0] train=0.1310 val:stage3=0.1270 layers=[0.0437, 0.0436, 0.0437]
[17:32:46] epoch=258 stage=3 gamma=[5.0, 5.0, 5.0] train=0.1307 val:stage3=0.1270 layers=[0.0436, 0.0436, 0.0436]
[17:50:28] epoch=259 stage=3 gamma=[5.0, 5.0, 5.0] train=0.1308 val:stage3=0.1270 layers=[0.0436, 0.0436, 0.0436]
[18:08:32] epoch=260 stage=3 gamma=[5.0, 5.0, 5.0] train=0.1310 val:stage3=0.1270 layers=[0.0437, 0.0436, 0.0437]
[18:26:24] epoch=261 stage=3 gamma=[5.0, 5.0, 5.0] train=0.1309 val:stage3=0.1270 layers=[0.0436, 0.0436, 0.0436]
[18:44:05] epoch=262 stage=3 gamma=[5.0, 5.0, 5.0] train=0.1312 val:stage3=0.1270 layers=[0.0437, 0.0437, 0.0437]
[19:01:45] epoch=263 stage=3 gamma=[5.0, 5.0, 5.0] train=0.1313 val:stage3=0.1270 layers=[0.0438, 0.0438, 0.0438]
[19:19:25] epoch=264 stage=3 gamma=[5.0, 5.0, 5.0] train=0.1306 val:stage3=0.1270 layers=[0.0435, 0.0435, 0.0435]
[19:36:52] epoch=265 stage=3 gamma=[5.0, 5.0, 5.0] train=0.1315 val:stage3=0.1270 layers=[0.0438, 0.0438, 0.0438]
[19:54:32] epoch=266 stage=3 gamma=[5.0, 5.0, 5.0] train=0.1316 val:stage3=0.1270 layers=[0.0439, 0.0439, 0.0439]
[20:12:22] epoch=267 stage=3 gamma=[5.0, 5.0, 5.0] train=0.1312 val:stage3=0.1270 layers=[0.0437, 0.0437, 0.0437]
[20:29:49] epoch=268 stage=3 gamma=[5.0, 5.0, 5.0] train=0.1313 val:stage3=0.1270 layers=[0.0438, 0.0438, 0.0438]
[20:47:32] epoch=269 stage=3 gamma=[5.0, 5.0, 5.0] train=0.1308 val:stage3=0.1270 layers=[0.0436, 0.0436, 0.0436]
[21:05:07] epoch=270 stage=3 gamma=[5.0, 5.0, 5.0] train=0.1314 val:stage3=0.1270 layers=[0.0438, 0.0438, 0.0438]
[21:22:59] epoch=271 stage=3 gamma=[5.0, 5.0, 5.0] train=0.1299 val:stage3=0.1270 layers=[0.0433, 0.0433, 0.0433]
[21:40:37] epoch=272 stage=3 gamma=[5.0, 5.0, 5.0] train=0.1308 val:stage3=0.1270 layers=[0.0436, 0.0436, 0.0436]
[21:58:41] epoch=273 stage=3 gamma=[5.0, 5.0, 5.0] train=0.1308 val:stage3=0.1270 layers=[0.0436, 0.0436, 0.0436]
[22:16:21] epoch=274 stage=3 gamma=[5.0, 5.0, 5.0] train=0.1310 val:stage3=0.1270 layers=[0.0437, 0.0437, 0.0437]
[22:34:06] epoch=275 stage=3 gamma=[5.0, 5.0, 5.0] train=0.1303 val:stage3=0.1270 layers=[0.0435, 0.0434, 0.0435]
[22:51:40] epoch=276 stage=3 gamma=[5.0, 5.0, 5.0] train=0.1311 val:stage3=0.1269 layers=[0.0437, 0.0437, 0.0437]
[23:09:47] epoch=277 stage=3 gamma=[5.0, 5.0, 5.0] train=0.1310 val:stage3=0.1269 layers=[0.0437, 0.0437, 0.0437]
[23:27:42] epoch=278 stage=3 gamma=[5.0, 5.0, 5.0] train=0.1318 val:stage3=0.1270 layers=[0.0439, 0.0439, 0.0439]
[23:45:25] epoch=279 stage=3 gamma=[5.0, 5.0, 5.0] train=0.1313 val:stage3=0.1270 layers=[0.0438, 0.0438, 0.0438]
[00:03:14] epoch=280 stage=3 gamma=[5.0, 5.0, 5.0] train=0.1308 val:stage3=0.1269 layers=[0.0436, 0.0436, 0.0436]
[00:21:05] epoch=281 stage=3 gamma=[5.0, 5.0, 5.0] train=0.1308 val:stage3=0.1270 layers=[0.0436, 0.0436, 0.0436]
[00:38:59] epoch=282 stage=3 gamma=[5.0, 5.0, 5.0] train=0.1303 val:stage3=0.1270 layers=[0.0434, 0.0434, 0.0434]
[00:56:45] epoch=283 stage=3 gamma=[5.0, 5.0, 5.0] train=0.1310 val:stage3=0.1270 layers=[0.0437, 0.0437, 0.0437]
[01:14:34] epoch=284 stage=3 gamma=[5.0, 5.0, 5.0] train=0.1312 val:stage3=0.1270 layers=[0.0437, 0.0437, 0.0437]
[01:32:29] epoch=285 stage=3 gamma=[5.0, 5.0, 5.0] train=0.1305 val:stage3=0.1270 layers=[0.0435, 0.0435, 0.0435]
[01:50:31] epoch=286 stage=3 gamma=[5.0, 5.0, 5.0] train=0.1309 val:stage3=0.1270 layers=[0.0436, 0.0436, 0.0436]
[02:08:20] epoch=287 stage=3 gamma=[5.0, 5.0, 5.0] train=0.1305 val:stage3=0.1270 layers=[0.0435, 0.0435, 0.0435]
[02:26:03] epoch=288 stage=3 gamma=[5.0, 5.0, 5.0] train=0.1311 val:stage3=0.1269 layers=[0.0437, 0.0437, 0.0437]
[02:44:18] epoch=289 stage=3 gamma=[5.0, 5.0, 5.0] train=0.1308 val:stage3=0.1269 layers=[0.0436, 0.0436, 0.0436]
[03:01:53] epoch=290 stage=3 gamma=[5.0, 5.0, 5.0] train=0.1314 val:stage3=0.1270 layers=[0.0438, 0.0438, 0.0438]
[03:19:41] epoch=291 stage=3 gamma=[5.0, 5.0, 5.0] train=0.1314 val:stage3=0.1270 layers=[0.0438, 0.0438, 0.0438]
[03:37:16] epoch=292 stage=3 gamma=[5.0, 5.0, 5.0] train=0.1306 val:stage3=0.1269 layers=[0.0435, 0.0435, 0.0435]
[03:55:07] epoch=293 stage=3 gamma=[5.0, 5.0, 5.0] train=0.1306 val:stage3=0.1269 layers=[0.0435, 0.0435, 0.0435]
[04:12:50] epoch=294 stage=3 gamma=[5.0, 5.0, 5.0] train=0.1306 val:stage3=0.1270 layers=[0.0435, 0.0435, 0.0435]
[04:30:35] epoch=295 stage=3 gamma=[5.0, 5.0, 5.0] train=0.1303 val:stage3=0.1269 layers=[0.0434, 0.0434, 0.0434]
[04:48:04] epoch=296 stage=3 gamma=[5.0, 5.0, 5.0] train=0.1306 val:stage3=0.1269 layers=[0.0435, 0.0435, 0.0435]
[05:05:44] epoch=297 stage=3 gamma=[5.0, 5.0, 5.0] train=0.1310 val:stage3=0.1269 layers=[0.0437, 0.0437, 0.0437]
[05:23:20] epoch=298 stage=3 gamma=[5.0, 5.0, 5.0] train=0.1312 val:stage3=0.1269 layers=[0.0437, 0.0437, 0.0437]
[05:41:02] epoch=299 stage=3 gamma=[5.0, 5.0, 5.0] train=0.1309 val:stage3=0.1270 layers=[0.0436, 0.0436, 0.0437]
[05:59:01] epoch=300 stage=3 gamma=[5.0, 5.0, 5.0] train=0.1306 val:stage3=0.1269 layers=[0.0436, 0.0435, 0.0435]
